******************************************************************************
            TI ARM Clang Linker PC v3.2.2                      
******************************************************************************
>> Linked Fri Apr  3 22:48:47 2026

OUTPUT FILE NAME:   <CC3220S_LAUNCHXL_REV13.out>
ENTRY POINT SYMBOL: "_c_int00"  address: 2001d7b5


MEMORY CONFIGURATION

         name            origin    length      used     unused   attr    fill
----------------------  --------  ---------  --------  --------  ----  --------
  SRAM0                 20000000   00004000  00000400  00003c00  RW X
  SRAM                  20004000   0003c000  0002ec64  0000d39c  RW X
  LOG_DATA              90000000   00040000  00000000  00040000  R   
  LOG_PTR               94000008   00040000  00000000  00040000  R   


SEGMENT ALLOCATION MAP

run origin  load origin   length   init length attrs members
----------  ----------- ---------- ----------- ----- -------
20003c00    20003c00    00000400   00000000    rw-
  20003c00    20003c00    00000400   00000000    rw- .stack
20004000    20004000    00022c78   0001ac78    r-x
  20004000    20004000    0000003c   0000003c    r-- .resetVecs
  20004040    20004040    0001ac38   0001ac38    r-x .text
  2001ec78    2001ec78    00008000   00000000    r-- .priheap
20026c78    20026c78    00000228   00000228    r--
  20026c78    20026c78    00000228   00000228    r-- .cinit
20027000    20027000    00007293   00000000    rw-
  20027000    20027000    00007293   00000000    rw- .bss
2002e2a0    2002e2a0    0000420c   0000420c    r--
  2002e2a0    2002e2a0    0000420c   0000420c    r-- .rodata
200324b0    200324b0    0000061d   00000000    rw-
  200324b0    200324b0    0000061d   00000000    rw- .data


SECTION ALLOCATION MAP

 output                                  attributes/
section   page    origin      length       input sections
--------  ----  ----------  ----------   ----------------
.resetVecs 
*          0    20004000    0000003c     
                  20004000    0000003c     ti_sysbios_config.o (.resetVecs)

.text      0    20004040    0001ac38     
                  20004040    00000a36     simplelink.a : driver.obj (.text._SlDrvMsgRead)
                  20004a76    00000002     ti_sysbios_config.o (.text.BIOS_nullFunc)
                  20004a78    000009d8     libc.a : _printfi.c.obj (.text:__TI_printfi)
                  20005450    00000804     json_release.a : parse_common.c.obj (.text.ParseCommon)
                  20005c54    00000648     httpclient_release.a : httpclient.om4 (.text.HTTPClient_sendRequest)
                  2000629c    0000050a     simplelink.a : sl_socket.obj (.text._SlSocketHandleAsync_Select)
                  200067a6    00000002     ti_drivers_config.o (.text.Board_initHook)
                  200067a8    000004bc     http_comm.o (.text.httpPost)
                  20006c64    000004b8     driverlib.a : prcm.obj (.text.PRCMCC3200MCUInit)
                  2000711c    00000414     simplelink.a : driver.obj (.text._SlDrvMsgWrite)
                  20007530    00000410     httpclient_release.a : httpclient.om4 (.text.manageResponseHeaders)
                  20007940    000003e4     drivers_cc32xx.a : PowerCC32XX.c.obj (.text.Power_sleep)
                  20007d24    000003b2     simplelink.a : driver.obj (.text._SlDrvReleasePoolObj)
                  200080d6    000003ae                  : driver.obj (.text._SlDrvRxHdrRead)
                  20008484    000003a4                  : driver.obj (.text._SlDrvWaitForPoolObj)
                  20008828    00000398     error_handler.o (.text.parseErrorMessage)
                  20008bc0    00000378     json_release.a : json_engine.c.obj (.text.__JSON_Build)
                  20008f38    00000368     simplelink.a : sl_socket.obj (.text.sl_Select)
                  200092a0    0000034c     ti_sysbios_config.o (.text.ti_sysbios_runtime_System_doPrint)
                  200095ec    00000348     json_release.a : utils.c.obj (.text.FindPropertyByPropertyPath)
                  20009934    000002f6     simplelink.a : driver.obj (.text._SlDrvDataReadOp)
                  20009c2a    00000002     display_cc32xx.a : DisplayUart2.c.obj (.text.DisplayUart2Min_clear)
                  20009c2c    000002e0     json_make.o (.text.build)
                  20009f0c    000002dc     simplelink.a : wlan.obj (.text.sl_WlanConnect)
                  2000a1e8    00000018     ti_sysbios_config.o (.text.BIOS_exitFunc)
                  2000a200    000002dc     libc.a : strcmp_t2.S.obj (.text:strcmp)
                  2000a4dc    000002cc     json_make.o (.text.checkCreds)
                  2000a7a8    000002be     simplelink.a : driver.obj (.text._SlDrvDataWriteOp)
                  2000aa66    000002aa                  : driver.obj (.text._SlDrvMsgReadCmdCtx)
                  2000ad10    000002a2                  : driver.obj (.text._SlDrvDriverCBInit)
                  2000afb2    00000002     display_cc32xx.a : DisplayUart2.c.obj (.text.DisplayUart2Min_clearLines)
                  2000afb4    00000284     httpclient_release.a : httpclient.om4 (.text.HTTPClient_connect2)
                  2000b238    00000272     simplelink.a : device.obj (.text.sl_Stop)
                  2000b4aa    00000258                  : netapp.obj (.text.sl_NetAppPing)
                  2000b702    00000002     display_cc32xx.a : DisplayUart2.c.obj (.text.DisplayUart2Min_init)
                  2000b704    00000250     drive_gpio.o (.text.RC522_senseRFID_task)
                  2000b954    00000230     json_release.a : json_engine.c.obj (.text.__JSON_Init)
                  2000bb84    00000228     libc.a : _printfi.c.obj (.text._pconv_a)
                  2000bdac    00000226     simplelink.a : netapp.obj (.text._SlNetAppEventHandler)
                  2000bfd2    00000222     drivers_cc32xx.a : UART2CC32XX.c.obj (.text.UART2CC32XX_hwiIntFxn)
                  2000c1f4    00000218     simplelink.a : driver.obj (.text._SlDrvReleaseAllActivePendingPoolObj)
                  2000c40c    00000202                  : sl_socket.obj (.text.sl_Accept)
                  2000c60e    00000002     drivers_cc32xx.a : PWMTimerCC32XX.c.obj (.text.PWMTimerCC32XX_init)
                  2000c610    000001ec     httpclient_release.a : httpclient.om4 (.text.HTTPClient_readResponseBody)
                  2000c7fc    000001ea     simplelink.a : sl_socket.obj (.text._SlDrvRegisterForSelectAsync)
                  2000c9e6    00000002     platform.o (.text.SimpleLinkFatalErrorEventHandler)
                  2000c9e8    000001e8     libc.a : _printfi.c.obj (.text._pconv_g)
                  2000cbd0    000001de     simplelink.a : driver.obj (.text._SlDrvFindAndSetActiveObj)
                  2000cdae    00000002     platform.o (.text.SimpleLinkGeneralEventHandler)
                  2000cdb0    000001cc     drivers_cc32xx.a : UART2CC32XX.c.obj (.text.UART2_open)
                  2000cf7c    000001bc     simplelink.a : sl_socket.obj (.text.sl_Connect)
                  2000d138    000001b8     json_release.a : json_engine.c.obj (.text.SetValueInProperty)
                  2000d2f0    000001b6     libclang_rt.builtins.a : adddf3.S.obj (.text.adddf3_subdf3)
                  2000d4a6    000001ac     simplelink.a : netapp.obj (.text.sl_NetAppDnsGetHostByName)
                  2000d652    000001a4     drivers_cc32xx.a : SPICC32XXDMA.c.obj (.text.SPICC32XXDMA_transfer)
                  2000d7f6    0000019c     simplelink.a : sl_socket.obj (.text.sl_RecvFrom)
                  2000d992    0000019a     json_release.a : utils.c.obj (.text.CopyUnexpandedAndInvalidated)
                  2000db2c    00000198     LCD_Menu.o (.text.trackADC)
                  2000dcc4    00000196     json_release.a : parse_common.c.obj (.text.FindPropertyInBranch)
                  2000de5a    00000002     platform.o (.text.SimpleLinkHttpServerEventHandler)
                  2000de5c    00000194     simplelink.a : driver.obj (.text._SlDrvMsgReadSpawnCtx)
                  2000dff0    00000190     json_make.o (.text.prettyDisplay)
                  2000e180    00000188     simplelink.a : sl_socket.obj (.text.sl_StartTLS)
                  2000e308    00000182     json_release.a : json_engine.c.obj (.text.EnsureArrayAccomodatesIndex)
                  2000e48a    00000180     simplelink.a : sl_socket.obj (.text._SlDrvGetNextTimeoutValue)
                  2000e60a    0000017a                  : driver.obj (.text._SlDrvDriverCBDeinit)
                  2000e784    0000017a                  : driver.obj (.text._SlSpawnMsgListInsert)
                  2000e8fe    00000176                  : device.obj (.text.sl_Start)
                  2000ea74    00000174     drivers_cc32xx.a : UART2.c.obj (.text.UART2_writeTimeoutBlocking)
                  2000ebe8    0000016c     simplelink.a : sl_socket.obj (.text._SlSocketHandleAsync_StartTLS)
                  2000ed54    0000016c     json_make.o (.text.compUID)
                  2000eec0    0000016a     simplelink.a : driver.obj (.text._SlDrvObjGlobalLockWaitForever)
                  2000f02a    00000166                  : driver.obj (.text._SlDrvAsyncEventGenericHandler)
                  2000f190    00000164     LCD_Menu.o (.text.cursorSelect)
                  2000f2f4    00000162     simplelink.a : driver.obj (.text._SlDrvClassifyRxMsg)
                  2000f456    00000160     httpclient_release.a : httpclient.om4 (.text.SlNetSock_connectURI)
                  2000f5b6    00000002     platform.o (.text.SimpleLinkNetAppRequestEventHandler)
                  2000f5b8    0000015c     slnetsock_release.a : slnetutils.om4 (.text.SlNetUtil_inetPton)
                  2000f714    00000154     simplelink.a : driver.obj (.text._SlDrvCmdOp)
                  2000f868    00000154     platform.o (.text.mainThread)
                  2000f9bc    0000014e     simplelink.a : fs.obj (.text.sl_FsOpen)
                  2000fb0a    00000002     platform.o (.text.SimpleLinkNetAppRequestMemFreeEventHandler)
                  2000fb0c    0000014c     drivers_cc32xx.a : SPICC32XXDMA.c.obj (.text.configDMA)
                  2000fc58    0000014c     httpclient_release.a : httpclient.om4 (.text.parseURI)
                  2000fda4    00000140     drivers_cc32xx.a : GPIOCC32XX.c.obj (.text.GPIO_setConfig)
                  2000fee4    00000140     simplelink.a : device.obj (.text._SlDeviceEventHandler)
                  20010024    0000013c     libc.a : _printfi.c.obj (.text.fcvt)
                  20010160    00000138     drivers_cc32xx.a : SPICC32XXDMA.c.obj (.text.SPICC32XXDMA_open)
                  20010298    00000138     json_make.o (.text.jsonThread)
                  200103d0    00000136     libclang_rt.builtins.a : divdf3.S.obj (.text.__divdf3)
                  20010506    00000134     simplelink.a : fs.obj (.text.sl_FsRead)
                  2001063a    00000132     httpclient_release.a : httpclient.om4 (.text.HTTPClient_connect)
                  2001076c    00000132     json_release.a : json_engine.c.obj (.text.__JSON_GetValue)
                  2001089e    00000130     simplelink.a : fs.obj (.text.sl_FsWrite)
                  200109ce    0000012e                  : driver.obj (.text._SlDrvWaitForInternalAsyncEvent)
                  20010afc    0000012c     LCD_Menu.o (.text.initLCD_hardware)
                  20010c28    0000012c     json_make.o (.text.storeJson)
                  20010d54    0000012a     simplelink.a : sl_socket.obj (.text.sl_SendTo)
                  20010e7e    00000002     platform.o (.text.SimpleLinkSockEventHandler)
                  20010e80    00000128     httpclient_release.a : httpclient.om4 (.text.HTTPClient_setHeader)
                  20010fa8    00000128     simplelink.a : netapp.obj (.text._SlNetAppHandleAsync_DnsGetHostByService)
                  200110d0    00000126     slnetifwifi.a : slnetifwifi.obj (.text.SlNetIfWifi_loadSecObj)
                  200111f6    00000002     drivers_cc32xx.a : UART2CC32XX.c.obj (.text.UART2CC32XX_eventCallback)
                  200111f8    00000124     json_make.o (.text.decrementCompartStock)
                  2001131c    00000124     drive_gpio.o (.text.readIR)
                  20011440    00000120     slnetsock_release.a : slnetif.om4 (.text.SlNetIf_add)
                  20011560    0000011c     libc.a : strtoul.c.obj (.text.strtoul)
                  2001167c    0000011a     drivers_cc32xx.a : UART2.c.obj (.text.UART2_writeTimeoutNonblocking)
                  20011796    00000002     libclang_rt.builtins.a : aeabi_div0.c.obj (.text.__aeabi_ldiv0)
                  20011798    00000118     json_release.a : json_engine.c.obj (.text.__JSON_Templetize)
                  200118b0    00000118     libc.a : _printfi.c.obj (.text._pconv_e)
                  200119c8    00000116     simplelink.a : sl_socket.obj (.text.sl_Close)
                  20011ade    00000114                  : fs.obj (.text.sl_FsGetInfo)
                  20011bf2    00000112     driverlib.a : udma.obj (.text.uDMAChannelTransferSet)
                  20011d04    00000108     ti_sysbios_config.o (.text.PowerCC32XX_sleepPolicy)
                  20011e0c    00000106     simplelink.a : device.obj (.text._SlDeviceHandleAsync_InitComplete)
                  20011f12    00000002     libc.a : _lock.c.obj (.text._nop)
                  20011f14    00000104     ti_sysbios_config.o (.text.ti_sysbios_family_arm_m3_Timer_Instance_init)
                  20012018    00000102     json_release.a : parse_common.c.obj (.text.SmIncorporateValue)
                  2001211a    00000002     ti_sysbios_config.o (.text._system_pre_init)
                  2001211c    000000fc     libclang_rt.builtins.a : muldf3.S.obj (.text.__muldf3)
                  20012218    000000f8     ti_sysbios_config.o (.text.ti_sysbios_runtime_System_printfExtend)
                  20012310    000000f4     ti_sysbios_config.o (.text.ti_sysbios_knl_Semaphore_pend)
                  20012404    000000ee     simplelink.a : driver.obj (.text._SlDrvRemoveFromList)
                  200124f2    000000ec                  : driver.obj (.text._SlDrvDriverIsApiAllowed)
                  200125de    00000002     ti_sysbios_config.o (.text.ti_sysbios_runtime_System_exitSpin)
                  200125e0    000000ec     sysbios.a : Hwi_asm_gcc.s.obj (.text.ti_sysbios_family_arm_m3_Hwi_dispatch)
                  200126cc    000000ea     simplelink.a : netcfg.obj (.text.sl_NetCfgGet)
                  200127b6    00000002     --HOLE-- [fill = 0]
                  200127b8    000000e8     drivers_cc32xx.a : UART2CC32XX.c.obj (.text.UART2_close)
                  200128a0    000000e4                      : PWMTimerCC32XX.c.obj (.text.PWMTimerCC32XX_open)
                  20012984    000000e2     simplelink.a : wlan.obj (.text.sl_WlanGet)
                  20012a66    000000e0                  : cc_pal.obj (.text.NwpPowerOff)
                  20012b46    00000002     --HOLE-- [fill = 0]
                  20012b48    000000dc     drivers_cc32xx.a : PWMTimerCC32XX.c.obj (.text.PWMTimerCC32XX_setDutyAndPeriod)
                  20012c24    000000dc     drive_gpio.o (.text.RC522_Transceive)
                  20012d00    000000dc     simplelink.a : netapp.obj (.text._SlNetAppHandleAsync_NetAppReceive)
                  20012ddc    000000dc     LCD_Menu.o (.text.bootLCD)
                  20012eb8    000000dc     simplelink.a : sl_socket.obj (.text.sl_GetSockOpt)
                  20012f94    000000da                  : sl_socket.obj (.text.sl_Send)
                  2001306e    00000002     --HOLE-- [fill = 0]
                  20013070    000000d8     ti_sysbios_config.o (.text.pthread_create)
                  20013148    000000d8     httpclient_release.a : httpclient.om4 (.text.sprsend)
                  20013220    000000d8     ti_sysbios_config.o (.text.ti_sysbios_family_arm_m3_Hwi_excFillContext)
                  200132f8    000000d6     slnetifwifi.a : slnetifwifi.obj (.text.SlNetIfWifi_getSockOpt)
                  200133ce    00000002     --HOLE-- [fill = 0]
                  200133d0    000000d4     drivers_cc32xx.a : SPICC32XXDMA.c.obj (.text.SPICC32XXDMA_transferCancel)
                  200134a4    000000d4     simplelink.a : cc_pal.obj (.text.Semaphore_pend_handle)
                  20013578    000000d4     ti_sysbios_config.o (.text.clock_gettime)
                  2001364c    000000d2     LCD_Menu.o (.text.drawTextbox)
                  2001371e    00000002     --HOLE-- [fill = 0]
                  20013720    000000d0     json_make.o (.text.decrementCompartStockByOne)
                  200137f0    000000d0     json_make.o (.text.getJsonStrLen)
                  200138c0    000000d0     slnetifwifi.a : slnetifwifi.obj (.text.matchModeByRole)
                  20013990    000000d0     json_make.o (.text.storeJsonToFile)
                  20013a60    000000ce     simplelink.a : netapp.obj (.text._SlNetAppHandleAsync_DnsGetHostByName)
                  20013b2e    000000ce                  : sl_socket.obj (.text.sl_Bind)
                  20013bfc    000000cc     json_release.a : parse_common.c.obj (.text.SmIncreaseNestingIntoArray)
                  20013cc8    000000cc     drivers_cc32xx.a : UART2CC32XX.c.obj (.text.UART2Support_dmaStartRx)
                  20013d94    000000cc     LCD_Menu.o (.text.drawCell)
                  20013e60    000000ca     simplelink.a : driver.obj (.text._SlDrvHandleFatalError)
                  20013f2a    000000ca                  : netapp.obj (.text._SlNetAppHandleAsync_PingResponse)
                  20013ff4    000000c8     json_make.o (.text.readFile)
                  200140bc    000000c6     driverlib.a : prcm.obj (.text.PRCMPeripheralClockGet)
                  20014182    00000002     --HOLE-- [fill = 0]
                  20014184    000000c4     drivers_cc32xx.a : UART2CC32XX.c.obj (.text.UART2CC32XX_initHw)
                  20014248    000000c4     simplelink.a : driver.obj (.text._SlDrvIsTimeoutExpired)
                  2001430c    000000c4     libc.a : s_scalbn.c.obj (.text.scalbn)
                  200143d0    000000c4     simplelink.a : fs.obj (.text.sl_FsClose)
                  20014494    000000c2     json_release.a : parse_common.c.obj (.text.DetermineHashForNewArrayMember)
                  20014556    00000002     --HOLE-- [fill = 0]
                  20014558    000000c0                    : utils.c.obj (.text.GetCanonizedCharacter)
                  20014618    000000c0     simplelink.a : netutil.obj (.text._SlNetUtilHandleAsync_Cmd)
                  200146d8    000000c0     error_handler.o (.text.logError)
                  20014798    000000be     simplelink.a : netapp.obj (.text._SlNetAppSendResponse)
                  20014856    00000002     --HOLE-- [fill = 0]
                  20014858    000000b8     drivers_cc32xx.a : UART2CC32XX.c.obj (.text.UART2Support_dmaStartTx)
                  20014910    000000b8     simplelink.a : sl_socket.obj (.text._SlDrvUnRegisterForSelectAsync)
                  200149c8    000000b8                  : driver.obj (.text._SlSpawnMsgListProcess)
                  20014a80    000000b8     ti_sysbios_config.o (.text.ti_sysbios_knl_Task_Instance_finalize)
                  20014b38    000000b8     ti_sysbios_config.o (.text.ti_sysbios_knl_Task_setPri)
                  20014bf0    000000b4     json_release.a : json_engine.c.obj (.text.EmitValue)
                  20014ca4    000000b4                    : json.c.obj (.text.Json_parse)
                  20014d58    000000b4     drivers_cc32xx.a : SPICC32XXDMA.c.obj (.text.SPICC32XXDMA_close)
                  20014e0c    000000b4     driverlib.a : spi.obj (.text.SPIConfigSetExpClk)
                  20014ec0    000000b4     json_make.o (.text.matchCompartments)
                  20014f74    000000b4     simplelink.a : cc_pal.obj (.text.spi_Read)
                  20015028    000000b4                  : cc_pal.obj (.text.spi_Write)
                  200150dc    000000b2                  : driver.obj (.text._SlDrvProtectAsyncRespSetting)
                  2001518e    00000002     --HOLE-- [fill = 0]
                  20015190    000000b0     add_func.o (.text.schedFuncs)
                  20015240    000000b0     libclang_rt.builtins.a : udivmoddi4.S.obj (.text)
                  200152f0    000000ac     driverlib.a : gpio.obj (.text.GPIOIntTypeSet)
                  2001539c    000000ac     simplelink.a : sl_socket.obj (.text._SlSocketHandleAsync_Close)
                  20015448    000000ac                  : sl_socket.obj (.text._SlSocketHandleAsync_Connect)
                  200154f4    000000aa     slnetsock_release.a : slnetsock.om4 (.text.SlNetSock_create)
                  2001559e    00000002     --HOLE-- [fill = 0]
                  200155a0    000000a8     drivers_cc32xx.a : PWMTimerCC32XX.c.obj (.text.PWMTimerCC32XX_stop)
                  20015648    000000a6     slnetifwifi.a : slnetifwifi.obj (.text.SlNetIfWifi_ping)
                  200156ee    000000a4     simplelink.a : fs.obj (.text.FsGetCreateFsMode)
                  20015792    00000002     --HOLE-- [fill = 0]
                  20015794    000000a4     httpclient_release.a : httpclient.om4 (.text.getStatus)
                  20015838    000000a4     simplelink.a : sl_socket.obj (.text.sl_Recv)
                  200158dc    000000a4                  : sl_socket.obj (.text.sl_SetSockOpt)
                  20015980    000000a4     ti_sysbios_config.o (.text.ti_sysbios_knl_Task_Instance_init)
                  20015a24    000000a4     ti_sysbios_config.o (.text.ti_sysbios_knl_Task_sleep)
                  20015ac8    000000a2     driverlib.a : pin.obj (.text.PinConfigSet)
                  20015b6a    00000002     --HOLE-- [fill = 0]
                  20015b6c    000000a0     drivers_cc32xx.a : PWMTimerCC32XX.c.obj (.text.PWMTimerCC32XX_setDuty)
                  20015c0c    0000009e     simplelink.a : sl_socket.obj (.text._SlDrvOpenCtrlSocket)
                  20015caa    0000009c     json_release.a : utils.c.obj (.text.FindIndexIn_OrJustAfter_Array)
                  20015d46    0000009c     simplelink.a : sl_socket.obj (.text._SlSocketHandleAsync_Accept)
                  20015de2    00000002     --HOLE-- [fill = 0]
                  20015de4    0000009c     LCD_Menu.o (.text.fillRect)
                  20015e80    0000009c     LCD_Menu.o (.text.initLCD)
                  20015f1c    0000009c     main_tirtos.o (.text.main)
                  20015fb8    00000098     platform.o (.text.SimpleLinkNetAppEventHandler)
                  20016050    00000098     slnetifwifi.a : slnetifwifi.obj (.text.SlNetIfWifi_sockstartSec)
                  200160e8    00000098     simplelink.a : device.obj (.text._SlDeviceHandleAsync_Stop)
                  20016180    00000096                  : fs.obj (.text.sl_FsDel)
                  20016216    00000096                  : eventreg.obj (.text.sl_UnregisterLibsEventHandler)
                  200162ac    00000004     ti_sysbios_config.o (.text.HwiP_destruct)
                  200162b0    00000096     drivers_cc32xx.a : PowerCC32XX_ticlang.asm.obj (.text)
                  20016346    00000002     --HOLE-- [fill = 0]
                  20016348    00000094     LCD_Menu.o (.text.drawChar)
                  200163dc    00000094     json_make.o (.text.parse)
                  20016470    00000094     simplelink.a : sl_socket.obj (.text.sl_Socket)
                  20016504    00000094     drivers_cc32xx.a : SPICC32XXDMA.c.obj (.text.spiHwiFxn)
                  20016598    00000092     driverlib.a : spi.obj (.text.SPIIntStatus)
                  2001662a    00000092                 : udma.obj (.text.uDMAChannelAttributeDisable)
                  200166bc    00000090     drivers_cc32xx.a : GPIOCC32XX.c.obj (.text.GPIO_init)
                  2001674c    00000090     drive_gpio.o (.text.RC522_Read)
                  200167dc    00000090     LCD_Menu.o (.text.refreshDispenseLabels)
                  2001686c    00000090     httpclient_release.a : httpclient.om4 (.text.sendReqHeaders)
                  200168fc    0000008e     driverlib.a : prcm.obj (.text.PRCMSysResetCauseGet)
                  2001698a    0000008e     json_release.a : parse_common.c.obj (.text.SmIncorporatePropertyName)
                  20016a18    0000008c     drive_gpio.o (.text.RC522_Init_CC3220)
                  20016aa4    0000008c     json_release.a : json_engine.c.obj (.text.__JSON_SetValue)
                  20016b30    0000008c     json_make.o (.text.storeTemplate)
                  20016bbc    0000008c     ti_sysbios_config.o (.text.ti_sysbios_knl_Mailbox_post)
                  20016c48    00000088     drivers_cc32xx.a : PowerCC32XX.c.obj (.text.PowerCC32XX_configureWakeup)
                  20016cd0    00000088     json_release.a : utils.c.obj (.text.ReadIntegerAndSkip)
                  20016d58    00000088     slnetsock_release.a : slnetsock.om4 (.text.SlNetSock_getVirtualSdConf)
                  20016de0    00000086     json_release.a : json_engine.c.obj (.text.Build_HandleObjectAndArrayBase)
                  20016e66    00000002     --HOLE-- [fill = 0]
                  20016e68    00000084     drivers_cc32xx.a : PWMTimerCC32XX.c.obj (.text.PWMTimerCC32XX_close)
                  20016eec    00000084                      : PWMTimerCC32XX.c.obj (.text.PWMTimerCC32XX_setPeriod)
                  20016f70    00000084     slnetsock_release.a : slnetutils.om4 (.text.SlNetUtil_getHostByName)
                  20016ff4    00000084     drivers_cc32xx.a : PWMTimerCC32XX.c.obj (.text.initHw)
                  20017078    00000084                      : SPICC32XXDMA.c.obj (.text.initHw)
                  200170fc    00000080     drive_gpio.o (.text.RC522_Write)
                  2001717c    00000080     ti_sysbios_config.o (.text._pthread_abstime2ticks)
                  200171fc    0000007e     httpclient_release.a : httpclient.om4 (.text.readLine)
                  2001727a    0000007c     simplelink.a : netapp.obj (.text._SlNetAppSendTokenValue)
                  200172f6    00000002     --HOLE-- [fill = 0]
                  200172f8    0000007c     ti_sysbios_config.o (.text.ti_sysbios_family_arm_m3_Hwi_postInit)
                  20017374    0000007a     json_release.a : parse_common.c.obj (.text.SmDecreaseNestingAndPop)
                  200173ee    00000002     --HOLE-- [fill = 0]
                  200173f0    00000078     platform.o (.text.Connect)
                  20017468    00000078     json_release.a : parse_common.c.obj (.text.IncreaseNesting_Common)
                  200174e0    00000078                    : json.c.obj (.text.Json_createObject)
                  20017558    00000078     drivers_cc32xx.a : PowerCC32XX.c.obj (.text.Power_init)
                  200175d0    00000078     simplelink.a : driver.obj (.text._SlDrvRxIrqHandler)
                  20017648    00000078     ti_sysbios_config.o (.text._pthread_removeThreadKeys)
                  200176c0    00000078     ti_sysbios_config.o (.text.ti_sysbios_knl_Task_postInit)
                  20017738    00000076     drive_gpio.o (.text.RC522_Anticoll_CL1)
                  200177ae    00000076     simplelink.a : cc_pal.obj (.text.spi_Open)
                  20017824    00000074     driverlib.a : prcm.obj (.text.PRCMHibernateWakeUpGPIOSelect)
                  20017898    00000074     slnetifwifi.a : slnetifwifi.obj (.text.SlNetIfWifi_setSockOpt)
                  2001790c    00000074     driverlib.a : uart.obj (.text.UARTConfigSetExpClk)
                  20017980    00000074     simplelink.a : driver.obj (.text._SlSpawnMsgListGetCount)
                  200179f4    00000074     ti_sysbios_config.o (.text.acquireMutex)
                  20017a68    00000074     ti_sysbios_config.o (.text.ti_sysbios_family_arm_m3_Hwi_initNVIC)
                  20017adc    00000074     ti_sysbios_config.o (.text.ti_sysbios_knl_Swi_restoreHwi)
                  20017b50    00000072     simplelink.a : device.obj (.text._SlDeviceHandleResetRequestInternally)
                  20017bc2    00000072                  : sl_socket.obj (.text._SlDrvCloseCtrlSocket)
                  20017c34    00000072                  : spawn.obj (.text._SlInternalSpawn)
                  20017ca6    00000072                  : sl_socket.obj (.text.sl_Listen)
                  20017d18    00000070     ti_sysbios_config.o (.text.ti_sysbios_family_arm_m3_Hwi_Instance_init)
                  20017d88    00000070     ti_sysbios_config.o (.text.ti_sysbios_heaps_HeapMem_allocUnprotected)
                  20017df8    00000070     ti_sysbios_config.o (.text.ti_sysbios_knl_Task_startup)
                  20017e68    00000070     ti_sysbios_config.o (.text.ti_sysbios_runtime_System_formatNum)
                  20017ed8    00000070     libc.a : copy_decompress_lzss.c.obj (.text:decompress:lzss)
                  20017f48    0000006e     libclang_rt.builtins.a : comparedf2.c.obj (.text.__gedf2)
                  20017fb6    00000002     --HOLE-- [fill = 0]
                  20017fb8    0000006e                            : comparedf2.c.obj (.text.__ledf2)
                  20018026    00000002     --HOLE-- [fill = 0]
                  20018028    0000006c     drivers_cc32xx.a : ADCCC32XX.c.obj (.text.ADCCC32XX_open)
                  20018094    0000006c     driverlib.a : pin.obj (.text.PinLockLevelSet)
                  20018100    0000006c     drivers_cc32xx.a : PowerCC32XX.c.obj (.text.Power_setDependency)
                  2001816c    0000006c     driverlib.a : spi.obj (.text.SPIIntDisable)
                  200181d8    0000006c     drivers_cc32xx.a : UDMACC32XX.c.obj (.text.UDMACC32XX_open)
                  20018244    0000006c     simplelink.a : driver.obj (.text._SlDrvCmdSend_noLock)
                  200182b0    0000006c     libc.a : _printfi.c.obj (.text._mcpy)
                  2001831c    0000006c     drive_gpio.o (.text.dispense)
                  20018388    0000006c     json_make.o (.text.getCompartDose)
                  200183f4    0000006c     json_make.o (.text.getCompartStock)
                  20018460    0000006c     drivers_cc32xx.a : GPIOCC32XX.c.obj (.text.powerNotifyFxn)
                  200184cc    0000006c     ti_sysbios_config.o (.text.ti_sysbios_family_arm_m3_Hwi_dispatchC)
                  20018538    0000006c     ti_sysbios_config.o (.text.ti_sysbios_hal_Seconds_getTime)
                  200185a4    0000006c     ti_sysbios_config.o (.text.ti_sysbios_knl_Clock_workFunc)
                  20018610    0000006a     driverlib.a : prcm.obj (.text.PRCMPeripheralReset)
                  2001867a    0000006a     slnetifwifi.a : slwificonn.obj (.text.SignalEvent)
                  200186e4    00000068     drivers_cc32xx.a : ADCCC32XX.c.obj (.text.ADCCC32XX_close)
                  2001874c    00000068     driverlib.a : spi.obj (.text.SPIIntEnable)
                  200187b4    00000068     slnetsock_release.a : slnetsock.om4 (.text.SlNetSock_AllocVirtualSocket)
                  2001881c    00000068     simplelink.a : eventreg.obj (.text.sl_RegisterLibsEventHandler)
                  20018884    00000068     ti_sysbios_config.o (.text.ti_sysbios_knl_Clock_init)
                  200188ec    00000068     ti_sysbios_config.o (.text.ti_sysbios_knl_Swi_run)
                  20018954    00000066     json_release.a : parse_common.c.obj (.text.FindInDictionary_AndSkip)
                  200189ba    00000066                    : utils.c.obj (.text.FindLastExplicitlySpecifiedMember)
                  20018a20    00000066     simplelink.a : wlan.obj (.text.sl_WlanSetMode)
                  20018a86    00000064     json_release.a : json_engine.c.obj (.text.AdjustOffsetOfStrings)
                  20018aea    00000064     httpclient_release.a : httpclient.om4 (.text.HTTPClient_disconnect)
                  20018b4e    00000002     --HOLE-- [fill = 0]
                  20018b50    00000064                          : httpclient.om4 (.text.HTTPClient_getHeader)
                  20018bb4    00000064     json_release.a : json.c.obj (.text.Json_createTemplate)
                  20018c18    00000064     simplelink.a : cc_pal.obj (.text.NwpRegisterInterruptHandler)
                  20018c7c    00000064     slnetsock_release.a : slnetsock.om4 (.text.SlNetSock_secAttribSet)
                  20018ce0    00000064     slnetifwifi.a : slwificonn.obj (.text.SlWifiConn_enable)
                  20018d44    00000064     LCD_Menu.o (.text.drawMenu)
                  20018da8    00000064     ti_sysbios_config.o (.text.ti_sysbios_knl_Idle_init)
                  20018e0c    00000062     driverlib.a : spi.obj (.text.SPIIntClear)
                  20018e6e    00000062     simplelink.a : eventreg.obj (.text._SlNetAppHttpServerHdlr)
                  20018ed0    00000062                  : eventreg.obj (.text._SlNetAppRequestHdlr)
                  20018f32    00000002     --HOLE-- [fill = 0]
                  20018f34    00000062     libclang_rt.builtins.a : aeabi_dcmp.S.obj (.text.__aeabi_dcmp)
                  20018f96    00000002     --HOLE-- [fill = 0]
                  20018f98    00000060     drivers_cc32xx.a : GPIOCC32XX.c.obj (.text.GPIO_write)
                  20018ff8    00000060     httpclient_release.a : httpclient.om4 (.text.HTTPClient_create)
                  20019058    00000060     slnetsock_release.a : slnetif.om4 (.text.SlNetIf_queryIf)
                  200190b8    00000060     drivers_cc32xx.a : UART2CC32XX.c.obj (.text.UART2Support_dmaStopTx)
                  20019118    00000060     simplelink.a : driver.obj (.text._SlDrvSyncObjWaitTimeout)
                  20019178    00000060     ti_sysbios_config.o (.text.ti_sysbios_knl_Semaphore_post)
                  200191d8    00000060     ti_sysbios_config.o (.text.ti_sysbios_knl_Swi_schedule)
                  20019238    0000005c     driverlib.a : flash.obj (.text.FlashDisable)
                  20019294    0000005c                 : prcm.obj (.text.PRCMHibernateWakeupSourceDisable)
                  200192f0    0000005c     drivers_cc32xx.a : TimerCC32XX.c.obj (.text.TimerCC32XX_allocateTimerResource)
                  2001934c    0000005c     simplelink.a : driver.obj (.text._SlDrvUpdateApiInProgress)
                  200193a8    0000005c                  : eventreg.obj (.text._SlIsEventRegistered)
                  20019404    0000005c     libc.a : _printfi.c.obj (.text._pconv_f)
                  20019460    0000005c     ti_sysbios_config.o (.text.pthread_exit)
                  200194bc    0000005c     json_make.o (.text.uidToFilename)
                  20019518    0000005a     driverlib.a : prcm.obj (.text.PRCMPeripheralClkEnable)
                  20019572    0000005a     simplelink.a : eventreg.obj (.text._SlDeviceFatalErrorEvtHdlr)
                  200195cc    0000005a                  : eventreg.obj (.text._SlDeviceGeneralEvtHdlr)
                  20019626    0000005a                  : driver.obj (.text._SlDrvGlobalObjUnLock)
                  20019680    0000005a                  : eventreg.obj (.text._SlNetAppEvtHdlr)
                  200196da    0000005a                  : eventreg.obj (.text._SlNetAppRequestMemFree)
                  20019734    0000005a                  : eventreg.obj (.text._SlSockEvtHdlr)
                  2001978e    0000005a                  : eventreg.obj (.text._SlWlanEvtHdlr)
                  200197e8    00000058     drivers_cc32xx.a : PWMTimerCC32XX.c.obj (.text.PWMTimerCC32XX_start)
                  20019840    00000058     slnetsock_release.a : slnetsock.om4 (.text.SlNetSock_recv)
                  20019898    00000058                         : slnetsock.om4 (.text.SlNetSock_send)
                  200198f0    00000058     simplelink.a : sl_socket.obj (.text._SlDrvClearCtrlSocket)
                  20019948    00000058     LCD_Menu.o (.text.setAddrWindow)
                  200199a0    00000056     driverlib.a : prcm.obj (.text.PRCMLPDSEnter)
                  200199f6    00000056     slnetifwifi.a : slnetifwifi.obj (.text.SlNetIfWifi_getIPAddr)
                  20019a4c    00000056     libc.a : _ltoa.c.obj (.text.__TI_ltoa)
                  20019aa2    00000002     --HOLE-- [fill = 0]
                  20019aa4    00000054     ti_sysbios_config.o (.text.HwiP_create)
                  20019af8    00000054     drivers_cc32xx.a : PowerCC32XX.c.obj (.text.PowerCC32XX_setParkState)
                  20019b4c    00000054                      : PowerCC32XX.c.obj (.text.Power_releaseDependency)
                  20019ba0    00000054     driverlib.a : spi.obj (.text.SPIDmaMaskGet)
                  20019bf4    00000054     platform.o (.text.SimpleLinkWlanEventHandler)
                  20019c48    00000054     slnetifwifi.a : slnetifwifi.obj (.text.SlNetIfWifi_getConnectionStatus)
                  20019c9c    00000054     simplelink.a : driver.obj (.text._SlFindAndReleasePendingCmd)
                  20019cf0    00000054     libc.a : s_frexp.c.obj (.text.frexp)
                  20019d44    00000054     json_make.o (.text.getCompartMedicine)
                  20019d98    00000054     json_make.o (.text.getScriptName)
                  20019dec    00000054     ti_sysbios_config.o (.text.mq_send)
                  20019e40    00000054     ti_sysbios_config.o (.text.ti_sysbios_family_arm_m3_Timer_start)
                  20019e94    00000054     LCD_Menu.o (.text.writeCmd)
                  20019ee8    00000054     LCD_Menu.o (.text.writeData)
                  20019f3c    00000052     display_cc32xx.a : DisplayUart2.c.obj (.text.DisplayUart2Min_vprintf)
                  20019f8e    00000052     json_release.a : parse_common.c.obj (.text.IncorporateValue_Common_Template)
                  20019fe0    00000052     simplelink.a : sl_socket.obj (.text._SlSocketBuildAddress)
                  2001a032    00000002     --HOLE-- [fill = 0]
                  2001a034    00000050     display_cc32xx.a : Display.c.obj (.text.Display_doOpen)
                  2001a084    00000050     drivers_cc32xx.a : GPIOCC32XX.c.obj (.text.GPIO_hwiIntFxn)
                  2001a0d4    00000050     simplelink.a : cc_pal.obj (.text.NwpWaitForShutDownInd)
                  2001a124    00000050     driverlib.a : prcm.obj (.text.PRCMHibernateWakeupSourceEnable)
                  2001a174    00000050     json_release.a : utils.c.obj (.text.PathParserRewind)
                  2001a1c4    00000050     simplelink.a : driver.obj (.text._SlDrvCmdSend_noWait)
                  2001a214    00000050     drive_gpio.o (.text.getADC)
                  2001a264    00000050     ti_sysbios_config.o (.text.ti_sysbios_knl_Swi_post)
                  2001a2b4    00000050     ti_sysbios_config.o (.text.ti_sysbios_knl_Swi_runLoop)
                  2001a304    0000004e     driverlib.a : adc.obj (.text.ADCChannelDisable)
                  2001a352    0000004e     slnetifwifi.a : slnetifwifi.obj (.text.SlNetIfWifi_sendTo)
                  2001a3a0    0000004e     libc.a : _printfi.c.obj (.text._ecpy)
                  2001a3ee    0000004e     ti_sysbios_config.o (.text.ti_sysbios_heaps_HeapMem_freeUnprotected)
                  2001a43c    0000004e     driverlib.a : udma.obj (.text.uDMAChannelAssign)
                  2001a48a    0000004c                 : adc.obj (.text.ADCChannelEnable)
                  2001a4d6    00000002     --HOLE-- [fill = 0]
                  2001a4d8    0000004c     ti_sysbios_config.o (.text.BIOS_startFunc)
                  2001a524    0000004c     drivers_cc32xx.a : GPIOCC32XX.c.obj (.text.GPIO_setInterruptConfig)
                  2001a570    0000004c     json_release.a : utils.c.obj (.text.IncreaseNestingAccordingToEntry)
                  2001a5bc    0000004c                    : json.c.obj (.text.Json_build)
                  2001a608    0000004c                    : json.c.obj (.text.Json_setValue)
                  2001a654    0000004c     driverlib.a : prcm.obj (.text.PRCMLPDSRestoreInfoSet)
                  2001a6a0    0000004c     slnetsock_release.a : slnetsock.om4 (.text.SlNetSock_freeVirtualSocket)
                  2001a6ec    0000004c     LCD_Menu.o (.text.drawNoWifiIcon)
                  2001a738    0000004c     ti_sysbios_config.o (.text.ti_sysbios_knl_Swi_Instance_init)
                  2001a784    0000004c     simplelink.a : sl_socket.obj (.text.to_mSec)
                  2001a7d0    0000004c     LCD_Menu.o (.text.writeDataBulk)
                  2001a81c    0000004a     httpclient_release.a : httpclient.om4 (.text.HTTPClient_destroy)
                  2001a866    0000004a     drivers_cc32xx.a : UART2CC32XX.c.obj (.text.UART2Support_dmaStopRx)
                  2001a8b0    0000004a     simplelink.a : spawn.obj (.text._SlInternalSpawnWaitForEvent)
                  2001a8fa    0000004a     driverlib.a : udma.obj (.text.uDMAChannelSizeGet)
                  2001a944    00000048     ti_sysbios_config.o (.text.BIOS_init)
                  2001a98c    00000048     driverlib.a : prcm.obj (.text.PRCMIntEnable)
                  2001a9d4    00000048                 : prcm.obj (.text.PRCMPeripheralStatusGet)
                  2001aa1c    00000048                 : pin.obj (.text.PinConfigGet)
                  2001aa64    00000048     slnetifwifi.a : slnetifwifi.obj (.text.SlNetIfWifi_recvFrom)
                  2001aaac    00000048     libclang_rt.builtins.a : fixdfsi.S.obj (.text.__fixdfsi)
                  2001aaf4    00000048     httpclient_release.a : httpclient.om4 (.text.clearReqHeaders)
                  2001ab3c    00000048     json_make.o (.text.createObject)
                  2001ab84    00000048     json_make.o (.text.createTemplate)
                  2001abcc    00000048     json_make.o (.text.destroyJsonObject)
                  2001ac14    00000048     json_make.o (.text.destroyTemplate)
                  2001ac5c    00000048     drivers_cc32xx.a : PWMTimerCC32XX.c.obj (.text.getDutyCounts)
                  2001aca4    00000048                      : PWMTimerCC32XX.c.obj (.text.getPowerMgrId)
                  2001acec    00000048     drive_gpio.o (.text.setSPIRate)
                  2001ad34    00000048     ti_sysbios_config.o (.text.ti_sysbios_family_arm_m3_Hwi_create)
                  2001ad7c    00000048     sysbios.a : Hwi_asm_switch_gcc.s.obj (.text.ti_sysbios_family_arm_m3_Hwi_initStacks)
                  2001adc4    00000048     ti_sysbios_config.o (.text.ti_sysbios_family_arm_m3_Timer_initDevice)
                  2001ae0c    00000048     ti_sysbios_config.o (.text.ti_sysbios_hal_Seconds_getCount)
                  2001ae54    00000048     ti_sysbios_config.o (.text.ti_sysbios_heaps_HeapMem_Instance_init)
                  2001ae9c    00000048     ti_sysbios_config.o (.text.ti_sysbios_heaps_HeapMem_alloc)
                  2001aee4    00000048     ti_sysbios_config.o (.text.ti_sysbios_knl_Task_schedule)
                  2001af2c    00000048     ti_sysbios_config.o (.text.ti_sysbios_runtime_Startup_exec)
                  2001af74    00000046     driverlib.a : prcm.obj (.text.PRCMLPDSEnterKeepDebugIf)
                  2001afba    00000046     drive_gpio.o (.text.RC522_RequestA)
                  2001b000    00000046     drivers_cc32xx.a : RingBuf.c.obj (.text.RingBuf_put)
                  2001b046    00000046     slnetifwifi.a : slnetifwifi.obj (.text.SlNetIfWifi_getHostByName)
                  2001b08c    00000046                   : slwificonn.obj (.text.SlWifiConn_disable)
                  2001b0d2    00000002     --HOLE-- [fill = 0]
                  2001b0d4    00000044     drivers_cc32xx.a : ADC.c.obj (.text.ADC_init)
                  2001b118    00000044     ti_sysbios_config.o (.text.BIOS_atExitFunc)
                  2001b15c    00000044     driverlib.a : gpio.obj (.text.GPIODirModeSet)
                  2001b1a0    00000044     drivers_cc32xx.a : GPIOCC32XX.c.obj (.text.GPIO_disableInt)
                  2001b1e4    00000044                      : GPIOCC32XX.c.obj (.text.GPIO_enableInt)
                  2001b228    00000044                      : PWM.c.obj (.text.PWM_init)
                  2001b26c    00000044                      : PowerCC32XX.c.obj (.text.Power_releaseConstraint)
                  2001b2b0    00000044                      : SPI.c.obj (.text.SPI_init)
                  2001b2f4    00000044     json_release.a : utils.c.obj (.text.SkipPropertyTableEntry)
                  2001b338    00000044     slnetsock_release.a : slnetsock.om4 (.text.SlNetSock_init)
                  2001b37c    00000044                         : slnetsock.om4 (.text.SlNetSock_startSec)
                  2001b3c0    00000044     libclang_rt.builtins.a : fixunsdfsi.S.obj (.text.__fixunsdfsi)
                  2001b404    00000044     LCD_Menu.o (.text.getLabel)
                  2001b448    00000044     drivers_cc32xx.a : PWMTimerCC32XX.c.obj (.text.getPeriodCounts)
                  2001b48c    00000044     drive_gpio.o (.text.setPWM)
                  2001b4d0    00000044     libc.a : snprintf.c.obj (.text.snprintf)
                  2001b514    00000044     ti_net_config.o (.text.ti_net_SlNet_initConfig)
                  2001b558    00000044     ti_sysbios_config.o (.text.ti_sysbios_family_arm_m3_Hwi_Instance_finalize)
                  2001b59c    00000044     ti_sysbios_config.o (.text.ti_sysbios_family_arm_m3_Hwi_construct2)
                  2001b5e0    00000044     ti_sysbios_config.o (.text.ti_sysbios_family_arm_m3_Hwi_disableInterrupt)
                  2001b624    00000044     ti_sysbios_config.o (.text.ti_sysbios_family_arm_m3_Hwi_enableInterrupt)
                  2001b668    00000044     ti_sysbios_config.o (.text.ti_sysbios_family_arm_m3_Timer_setPeriodMicroSecs)
                  2001b6ac    00000044     ti_sysbios_config.o (.text.ti_sysbios_knl_Swi_restore)
                  2001b6f0    00000044     ti_sysbios_config.o (.text.ti_sysbios_knl_Task_create)
                  2001b734    00000042     driverlib.a : pin.obj (.text.PinModeSet)
                  2001b776    00000042     slnetifwifi.a : slnetifwifi.obj (.text.SlNetIfWifi_select)
                  2001b7b8    00000042                   : slnetifwifi.obj (.text.SlNetIfWifi_socket)
                  2001b7fa    00000042     driverlib.a : timer.obj (.text.TimerControlLevel)
                  2001b83c    00000042     simplelink.a : spawn.obj (.text._SlInternalSpawnTaskEntry)
                  2001b87e    00000042     httpclient_release.a : httpclient.om4 (.text.clearResponseValues)
                  2001b8c0    00000042     ti_sysbios_config.o (.text.getCountsRTC)
                  2001b902    00000002     --HOLE-- [fill = 0]
                  2001b904    00000040     drivers_cc32xx.a : ADCCC32XX.c.obj (.text.ADCCC32XX_convert)
                  2001b944    00000040                      : ADC.c.obj (.text.ADC_open)
                  2001b984    00000040     json_release.a : utils.c.obj (.text.DetermineValueSize)
                  2001b9c4    00000040     drivers_cc32xx.a : PWM.c.obj (.text.PWM_open)
                  2001ba04    00000040                      : SPI.c.obj (.text.SPI_open)
                  2001ba44    00000040     slnetsock_release.a : slnetsock.om4 (.text.SlNetSock_connect)
                  2001ba84    00000040     simplelink.a : driver.obj (.text._SlDrvSyncObjWaitForever)
                  2001bac4    00000040     libc.a : atoi.c.obj (.text.atoi)
                  2001bb04    00000040     drive_gpio.o (.text.configSPI)
                  2001bb44    00000040     ti_sysbios_config.o (.text.ti_sysbios_heaps_HeapMem_getStats)
                  2001bb84    00000040     ti_sysbios_config.o (.text.ti_sysbios_knl_ClockSupport_init)
                  2001bbc4    00000040     ti_sysbios_config.o (.text.ti_sysbios_knl_Task_exit)
                  2001bc04    00000040     driverlib.a : udma.obj (.text.uDMAChannelControlSet)
                  2001bc44    0000003e                 : pin.obj (.text.PinDirModeSet)
                  2001bc82    0000003e     json_release.a : utils.c.obj (.text.UlToA)
                  2001bcc0    0000003e                    : json_engine.c.obj (.text.__JSON_Parse)
                  2001bcfe    0000003e     ti_sysbios_config.o (.text.sem_timedwait)
                  2001bd3c    0000003c     simplelink.a : sl_socket.obj (.text.CountSetBits)
                  2001bd78    0000003c     display_cc32xx.a : DisplayUart2.c.obj (.text.DisplayUart2Min_open)
                  2001bdb4    0000003c     ti_sysbios_config.o (.text.HwiP_construct)
                  2001bdf0    0000003c     driverlib.a : pin.obj (.text.PinTypeGPIO)
                  2001be2c    0000003c     drivers_cc32xx.a : UDMACC32XX.c.obj (.text.UDMACC32XX_init)
                  2001be68    0000003c     simplelink.a : driver.obj (.text._SlDrvIsApiInProgress)
                  2001bea4    0000003c                  : driver.obj (.text._SlDrvProtectionObjLockWaitForever)
                  2001bee0    0000003c                  : driver.obj (.text._SlDrvProtectionObjUnLock)
                  2001bf1c    0000003c     ti_sysbios_config.o (.text.ti_sysbios_heaps_HeapMem_construct)
                  2001bf58    0000003c     ti_sysbios_config.o (.text.ti_sysbios_knl_Task_blockI)
                  2001bf94    0000003c     ti_sysbios_config.o (.text.ti_sysbios_knl_Task_restore)
                  2001bfd0    0000003c     ti_sysbios_config.o (.text.ti_sysbios_runtime_Memory_alloc)
                  2001c00c    0000003c     libc.a : vsnprintf.c.obj (.text.vsnprintf)
                  2001c048    0000003a     simplelink.a : cc_pal.obj (.text.Mutex_create_handle)
                  2001c082    0000003a                  : netapp.obj (.text._SlNetAppCopyPingResultsToReport)
                  2001c0bc    00000038     json_release.a : json.c.obj (.text.Json_getValue)
                  2001c0f4    00000038     ti_sysbios_config.o (.text.MemAlloc_alloc)
                  2001c12c    00000038     drivers_cc32xx.a : PowerCC32XX.c.obj (.text.Power_setConstraint)
                  2001c164    00000038                      : RingBuf.c.obj (.text.RingBuf_putAdvance)
                  2001c19c    00000038                      : UDMACC32XX.c.obj (.text.UDMACC32XX_close)
                  2001c1d4    00000038     libclang_rt.builtins.a : extendsfdf2.S.obj (.text.__extendsfdf2)
                  2001c20c    00000038     ti_sysbios_config.o (.text.pthread_mutex_init)
                  2001c244    00000038     libc.a : sprintf.c.obj (.text.sprintf)
                  2001c27c    00000038     ti_sysbios_config.o (.text.ti_sysbios_family_arm_m3_Timer_Instance_finalize)
                  2001c2b4    00000038     ti_sysbios_config.o (.text.ti_sysbios_knl_TaskSupport_buildTaskStack)
                  2001c2ec    00000038     ti_sysbios_config.o (.text.ti_sysbios_knl_Task_processVitalTaskFlag)
                  2001c324    00000038     libc.a : autoinit.c.obj (.text:__TI_auto_init_nobinit_nopinit)
                  2001c35c    00000036     driverlib.a : pin.obj (.text.PinLock)
                  2001c392    00000036                 : spi.obj (.text.SPIFIFOLevelSet)
                  2001c3c8    00000036     slnetsock_release.a : slnetsock.om4 (.text.SlNetSock_close)
                  2001c3fe    00000036     driverlib.a : uart.obj (.text.UARTCharPutNonBlocking)
                  2001c434    00000036     httpclient_release.a : httpclient.om4 (.text.stringcasecmp)
                  2001c46a    00000002     --HOLE-- [fill = 0]
                  2001c46c    00000034     json_release.a : json_engine.c.obj (.text.EmitPropertyName)
                  2001c4a0    00000034     driverlib.a : pin.obj (.text.PinDirModeGet)
                  2001c4d4    00000034                 : pin.obj (.text.PinModeGet)
                  2001c508    00000034     drivers_cc32xx.a : PowerCC32XX.c.obj (.text.PowerCC32XX_parkPin)
                  2001c53c    00000034     slnetsock_release.a : slnetutils.om4 (.text.SlNetUtil_strTok)
                  2001c570    00000034     json_release.a : parse_common.c.obj (.text.SmIncreaseNestingIntoObject)
                  2001c5a4    00000034     drivers_cc32xx.a : TimerCC32XX.c.obj (.text.TimerCC32XX_freeTimerResource)
                  2001c5d8    00000034                      : UART2.c.obj (.text.UART2_rxDisable)
                  2001c60c    00000034     json_release.a : json_engine.c.obj (.text.UpdateMembersCounterAndPropertyNamesPtr)
                  2001c640    00000034     simplelink.a : fs.obj (.text._SlFsStrlen)
                  2001c674    00000034     libc.a : _printfi.c.obj (.text._fcpy)
                  2001c6a8    00000034     ti_sysbios_config.o (.text._pthread_cleanupFxn)
                  2001c6dc    00000034     json_make.o (.text.grabJson)
                  2001c710    00000034     ti_sysbios_config.o (.text.pthread_mutex_unlock)
                  2001c744    00000034     json_make.o (.text.removeUnwantedChars)
                  2001c778    00000034     httpclient_release.a : httpclient.om4 (.text.stringncasecmp)
                  2001c7ac    00000034     ti_sysbios_config.o (.text.ti_sysbios_family_arm_m3_Hwi_getStackInfo)
                  2001c7e0    00000034     ti_sysbios_config.o (.text.ti_sysbios_family_arm_m3_Hwi_init)
                  2001c814    00000034     ti_sysbios_config.o (.text.ti_sysbios_family_arm_m3_Timer_periodicStub)
                  2001c848    00000034     ti_sysbios_config.o (.text.ti_sysbios_knl_Task_unblockI)
                  2001c87c    00000034     ti_sysbios_config.o (.text.ti_sysbios_runtime_Error_raiseX)
                  2001c8b0    00000032     slnetifwifi.a : slnetifwifi.obj (.text.SlNetIfWifi_CreateContext)
                  2001c8e2    00000032     simplelink.a : driver.obj (.text._SlDrvObjLockWaitForever)
                  2001c914    00000032                  : driver.obj (.text._SlDrvObjUnLock)
                  2001c946    00000032                  : driver.obj (.text._SlDrvSyncObjSignal)
                  2001c978    00000032     ti_sysbios_config.o (.text.ti_sysbios_knl_Semaphore_pendTimeout)
                  2001c9aa    00000002     --HOLE-- [fill = 0]
                  2001c9ac    00000030     json_release.a : json.c.obj (.text.Json_destroyTemplate)
                  2001c9dc    00000030     driverlib.a : prcm.obj (.text.PRCMLPDSIntervalSet)
                  2001ca0c    00000030                 : prcm.obj (.text.PRCMSlowClkCtrFastGet)
                  2001ca3c    00000030     slnetifwifi.a : slnetifwifi.obj (.text.SlNetIfWifi_recv)
                  2001ca6c    00000030                   : slnetifwifi.obj (.text.SlNetIfWifi_send)
                  2001ca9c    00000030     driverlib.a : timer.obj (.text.TimerLoadSet)
                  2001cacc    00000030                 : timer.obj (.text.TimerMatchSet)
                  2001cafc    00000030                 : timer.obj (.text.TimerPrescaleMatchSet)
                  2001cb2c    00000030                 : timer.obj (.text.TimerPrescaleSet)
                  2001cb5c    00000030     simplelink.a : driver.obj (.text._SlDrvStartMeasureTimeout)
                  2001cb8c    00000030     libc.a : snprintf.c.obj (.text._outs)
                  2001cbbc    00000030            : vsnprintf.c.obj (.text._outs)
                  2001cbec    00000030     ti_sysbios_config.o (.text.getTime)
                  2001cc1c    00000030     drivers_cc32xx.a : PowerCC32XX.c.obj (.text.notify)
                  2001cc4c    00000030     libc.a : strncasecmp.c.obj (.text.strncasecmp)
                  2001cc7c    00000030     ti_sysbios_config.o (.text.ti_sysbios_family_arm_m3_Hwi_excHandlerMin)
                  2001ccac    00000030     ti_sysbios_config.o (.text.ti_sysbios_heaps_HeapMem_free)
                  2001ccdc    00000030     ti_sysbios_config.o (.text.ti_sysbios_knl_Clock_walkQueuePeriodic)
                  2001cd0c    00000030     ti_sysbios_config.o (.text.ti_sysbios_knl_TaskSupport_start)
                  2001cd3c    00000030     ti_sysbios_config.o (.text.ti_sysbios_runtime_System_atexit)
                  2001cd6c    00000030     ti_sysbios_config.o (.text.ti_sysbios_runtime_System_processAtExit)
                  2001cd9c    00000030     ti_sysbios_config.o (.text.usleep)
                  2001cdcc    0000002e     driverlib.a : gpio.obj (.text.GPIOIntStatus)
                  2001cdfa    0000002e     json_release.a : utils.c.obj (.text.NextHash)
                  2001ce28    0000002e     simplelink.a : cc_pal.obj (.text.NwpPowerOn)
                  2001ce56    0000002e     drivers_cc32xx.a : RingBuf.c.obj (.text.RingBuf_getConsume)
                  2001ce84    0000002e                      : RingBuf.c.obj (.text.RingBuf_putPointer)
                  2001ceb2    0000002e     driverlib.a : uart.obj (.text.UARTDisable)
                  2001cee0    0000002e     libclang_rt.builtins.a : floatsidf.S.obj (.text.__floatsidf)
                  2001cf0e    0000002c     json_release.a : json_engine.c.obj (.text.EmitString)
                  2001cf3a    00000002     --HOLE-- [fill = 0]
                  2001cf3c    0000002c                    : json.c.obj (.text.Json_destroyObject)
                  2001cf68    0000002c     slnetsock_release.a : slnetif.om4 (.text.SlNetIf_init)
                  2001cf94    0000002c     drivers_cc32xx.a : UART2CC32XX.c.obj (.text.UART2CC32XX_getRxData)
                  2001cfc0    0000002c     ti_sysbios_config.o (.text._pthread_delete)
                  2001cfec    0000002c     libc.a : strstr.c.obj (.text.strstr)
                  2001d018    0000002c     ti_sysbios_config.o (.text.ti_sysbios_family_arm_m3_Timer_construct)
                  2001d044    0000002c     ti_sysbios_config.o (.text.ti_sysbios_gates_GateMutex_enter)
                  2001d070    0000002c     ti_sysbios_config.o (.text.ti_sysbios_knl_Task_restoreHwi)
                  2001d09c    0000002a     driverlib.a : prcm.obj (.text.PRCMLPDSWakeUpGPIOSelect)
                  2001d0c6    0000002a                 : prcm.obj (.text.PRCMPeripheralClkDisable)
                  2001d0f0    0000002a     slnetifwifi.a : slnetifwifi.obj (.text.SlNetIfWifi_connect)
                  2001d11a    0000002a     driverlib.a : uart.obj (.text.UARTIntStatus)
                  2001d144    0000002a     simplelink.a : flowcont.obj (.text._SlFlowContSet)
                  2001d16e    0000002a     ti_sysbios_config.o (.text.ti_sysbios_knl_Task_allBlockedFunction)
                  2001d198    00000028     ti_sysbios_config.o (.text.BIOS_registerRTSLock)
                  2001d1c0    00000028     drivers_cc32xx.a : List.c.obj (.text.List_remove)
                  2001d1e8    00000028     driverlib.a : prcm.obj (.text.PRCMSRAMRetentionEnable)
                  2001d210    00000028     drivers_cc32xx.a : PowerCC32XX.c.obj (.text.PowerCC32XX_getParkState)
                  2001d238    00000028     driverlib.a : spi.obj (.text.SPIReset)
                  2001d260    00000028     slnetifwifi.a : slnetifwifi.obj (.text.SlNetIfWifi_accept)
                  2001d288    00000028     slnetsock_release.a : slnetsock.om4 (.text.SlNetSock_secAttribDelete)
                  2001d2b0    00000028     slnetifwifi.a : slwificonn.obj (.text.SlWifiConn_registerNetIFCallback)
                  2001d2d8    00000028     ti_sysbios_config.o (.text.calloc)
                  2001d300    00000028     libc.a : memmov.c.obj (.text.memmove)
                  2001d328    00000028     httpclient_release.a : httpclient.om4 (.text.searchCustomResponseHeaderNode)
                  2001d350    00000028     ti_sysbios_config.o (.text.sem_init)
                  2001d378    00000028     libc.a : strcasecmp.c.obj (.text.strcasecmp)
                  2001d3a0    00000028     sysbios.a : Hwi_asm_gcc.s.obj (.text.ti_sysbios_family_arm_m3_Hwi_excHandlerAsm)
                  2001d3c8    00000028     ti_sysbios_config.o (.text.ti_sysbios_family_arm_m3_Timer_oneShotStub)
                  2001d3f0    00000028     ti_sysbios_config.o (.text.ti_sysbios_family_arm_m3_Timer_setPeriod)
                  2001d418    00000028     ti_sysbios_config.o (.text.ti_sysbios_gates_GateMutex_Instance_init)
                  2001d440    00000028     ti_sysbios_config.o (.text.ti_sysbios_knl_Semaphore_Instance_init)
                  2001d468    00000028     ti_sysbios_config.o (.text.ti_sysbios_knl_Swi_init)
                  2001d490    00000028     ti_sysbios_config.o (.text.ti_sysbios_knl_Task_construct)
                  2001d4b8    00000028     ti_sysbios_config.o (.text.ti_sysbios_knl_Task_init)
                  2001d4e0    00000026     driverlib.a : spi.obj (.text.SPIDataGet)
                  2001d506    00000002     --HOLE-- [fill = 0]
                  2001d508    00000024     ti_sysbios_config.o (.text.BIOS_removeRTSLock)
                  2001d52c    00000024     display_cc32xx.a : Display.c.obj (.text.Display_doInit)
                  2001d550    00000024     json_release.a : parse_common.c.obj (.text.ExpectCharacter)
                  2001d574    00000024     drivers_cc32xx.a : List.c.obj (.text.List_put)
                  2001d598    00000024     driverlib.a : prcm.obj (.text.PRCMLPDSWakeupSourceEnable)
                  2001d5bc    00000024     drivers_cc32xx.a : PowerCC32XX.c.obj (.text.PowerCC32XX_restoreParkState)
                  2001d5e0    00000024                      : PowerCC32XX.c.obj (.text.PowerCC32XX_restoreParkedPin)
                  2001d604    00000024                      : PowerCC32XX.c.obj (.text.Power_registerNotify)
                  2001d628    00000024     driverlib.a : spi.obj (.text.SPIDataPut)
                  2001d64c    00000024     ti_sysbios_config.o (.text.SemaphoreP_createBinary)
                  2001d670    00000024     slnetsock_release.a : slnetif.om4 (.text.SlNetIf_callback)
                  2001d694    00000024                         : slnetif.om4 (.text.SlNetIf_getIfByID)
                  2001d6b8    00000024     drivers_cc32xx.a : UART2CC32XX.c.obj (.text.UART2Support_disableRx)
                  2001d6dc    00000024     drive_gpio.o (.text.configInterrupt)
                  2001d700    00000024     ti_sysbios_config.o (.text.ti_sysbios_family_arm_m3_Hwi_construct)
                  2001d724    00000024     ti_sysbios_config.o (.text.ti_sysbios_family_arm_m3_Timer_postInit)
                  2001d748    00000024     ti_sysbios_config.o (.text.ti_sysbios_family_arm_m3_Timer_startup)
                  2001d76c    00000024     ti_sysbios_config.o (.text.ti_sysbios_knl_Semaphore_destruct)
                  2001d790    00000024     ti_sysbios_config.o (.text.ti_sysbios_knl_Task_enter)
                  2001d7b4    00000024     sysbios.a : boot_cortex_m.c.obj (.text:_c_int00)
                  2001d7d8    00000022     json_release.a : json_engine.c.obj (.text.EmitCharacter)
                  2001d7fa    00000022     driverlib.a : gpio.obj (.text.GPIOPinWrite)
                  2001d81c    00000022                 : pin.obj (.text.PinUnlock)
                  2001d83e    00000022     drivers_cc32xx.a : RingBuf.c.obj (.text.RingBuf_getPointer)
                  2001d860    00000022     driverlib.a : spi.obj (.text.SPIWordCountSet)
                  2001d882    00000022     slnetifwifi.a : slnetifwifi.obj (.text.SlNetIfWifi_bind)
                  2001d8a4    00000022     json_release.a : parse_common.c.obj (.text.SmAddDefaultArrayValue_DecreaseNestingAndPop)
                  2001d8c6    00000022     drivers_cc32xx.a : UART2CC32XX.c.obj (.text.UART2Support_sendData)
                  2001d8e8    00000022     libc.a : memcmp.c.obj (.text.memcmp)
                  2001d90a    00000002     --HOLE-- [fill = 0]
                  2001d90c    00000020     drivers_cc32xx.a : ADCCC32XX.c.obj (.text.ADCCC32XX_convertToMicroVolts)
                  2001d92c    00000020     ti_sysbios_config.o (.text.HwiP_clearInterrupt)
                  2001d94c    00000020     drivers_cc32xx.a : PowerCC32XX.c.obj (.text.PowerCC32XX_reset)
                  2001d96c    00000020                      : PowerCC32XX.c.obj (.text.Power_unregisterNotify)
                  2001d98c    00000020     ti_sysbios_config.o (.text.SemaphoreP_constructBinary)
                  2001d9ac    00000020     driverlib.a : timer.obj (.text.TimerDisable)
                  2001d9cc    00000020     libclang_rt.builtins.a : floatunsidf.S.obj (.text.__floatunsidf)
                  2001d9ec    00000020     ti_sysbios_config.o (.text.getClockTicks)
                  2001da0c    00000020     platform.o (.text.printError)
                  2001da2c    00000020     ti_sysbios_config.o (.text.ti_sysbios_family_arm_m3_Hwi_delete)
                  2001da4c    00000020     ti_sysbios_config.o (.text.ti_sysbios_family_arm_m3_Hwi_initStack)
                  2001da6c    00000020     ti_sysbios_config.o (.text.ti_sysbios_knl_Clock_addI)
                  2001da8c    00000020     ti_sysbios_config.o (.text.ti_sysbios_knl_Clock_tick)
                  2001daac    00000020     ti_sysbios_config.o (.text.ti_sysbios_knl_Semaphore_delete)
                  2001dacc    00000020     sysbios.a : TaskSupport_asm_gcc.s.obj (.text.ti_sysbios_knl_TaskSupport_swap)
                  2001daec    00000020     ti_sysbios_config.o (.text.ti_sysbios_knl_Task_delete)
                  2001db0c    00000020     ti_sysbios_config.o (.text.ti_sysbios_knl_Task_destruct)
                  2001db2c    0000001e     driverlib.a : pin.obj (.text.PinTypeSPI)
                  2001db4a    0000001e                 : pin.obj (.text.PinTypeTimer)
                  2001db68    0000001e                 : pin.obj (.text.PinTypeUART)
                  2001db86    0000001e     slnetifwifi.a : slnetifwifi.obj (.text.SlNetIfWifi_listen)
                  2001dba4    0000001e     drivers_cc32xx.a : UART2.c.obj (.text.UART2_writeTimeout)
                  2001dbc2    0000001e     driverlib.a : uart.obj (.text.UARTEnable)
                  2001dbe0    0000001e     libc.a : memccpy.c.obj (.text.memccpy)
                  2001dbfe    0000001e     sysbios.a : Hwi_asm_switch_gcc.s.obj (.text.ti_sysbios_family_arm_m3_Hwi_switchAndRunFunc)
                  2001dc1c    0000001e     ti_sysbios_config.o (.text.ti_sysbios_knl_Semaphore_create)
                  2001dc3a    0000001e     driverlib.a : udma.obj (.text.uDMAChannelDisable)
                  2001dc58    0000001e                 : udma.obj (.text.uDMAChannelEnable)
                  2001dc76    0000001e                 : udma.obj (.text.uDMAChannelIsEnabled)
                  2001dc94    0000001c     drivers_cc32xx.a : ADCCC32XX.c.obj (.text.ADCCC32XX_convertChain)
                  2001dcb0    0000001c     ti_sysbios_config.o (.text.BIOS_rtsLock)
                  2001dccc    0000001c     drivers_cc32xx.a : GPIO.c.obj (.text.GPIO_setCallback)
                  2001dce8    0000001c     drive_gpio.o (.text.IRQHandler)
                  2001dd04    0000001c     slnetsock_release.a : slnetif.om4 (.text.SlNetIf_getConnectionStatus)
                  2001dd20    0000001c     json_release.a : parse_common.c.obj (.text.SmIncorporateArrayDefaultValue)
                  2001dd3c    0000001c                    : parse_common.c.obj (.text.SmNextArrayValue)
                  2001dd58    0000001c     simplelink.a : spawn.obj (.text._SlInternalIsItSpawnThread)
                  2001dd74    0000001c     error_handler.o (.text.errorMessage)
                  2001dd90    0000001c     ti_sysbios_config.o (.text.free)
                  2001ddac    0000001c     drivers_cc32xx.a : TimerCC32XX.c.obj (.text.getPowerMgrId)
                  2001ddc8    0000001c     LCD_Menu.o (.text.isRowSelectable)
                  2001dde4    0000001c     httpclient_release.a : httpclient.om4 (.text.searchRequestHeader)
                  2001de00    0000001c                          : httpclient.om4 (.text.strncmp)
                  2001de1c    0000001c     ti_sysbios_config.o (.text.ti_sysbios_knl_Idle_run)
                  2001de38    0000001c     ti_sysbios_config.o (.text.ti_sysbios_knl_Queue_put)
                  2001de54    0000001c     ti_sysbios_config.o (.text.ti_sysbios_knl_Semaphore_construct)
                  2001de70    0000001a     driverlib.a : adc.obj (.text.ADCFIFOLvlGet)
                  2001de8a    0000001a                 : gpio.obj (.text.GPIOIntDisable)
                  2001dea4    0000001a     json_release.a : json_engine.c.obj (.text.GetStringLength)
                  2001debe    0000001a     driverlib.a : prcm.obj (.text.PRCMHIBRegRead)
                  2001ded8    0000001a                 : prcm.obj (.text.PRCMHIBRegWrite)
                  2001def2    0000001a                 : prcm.obj (.text.PRCMLPDSWakeupSourceDisable)
                  2001df0c    0000001a                 : pin.obj (.text.PinToPadGet)
                  2001df26    0000001a                 : spi.obj (.text.SPIDmaDisable)
                  2001df40    0000001a                 : spi.obj (.text.SPIFIFODisable)
                  2001df5a    0000001a                 : timer.obj (.text.TimerEnable)
                  2001df74    0000001a                 : uart.obj (.text.UARTFlowControlSet)
                  2001df8e    0000001a     simplelink.a : device.obj (.text._SlDeviceGetStartResponseConvert)
                  2001dfa8    0000001a     ti_sysbios_config.o (.text.ti_sysbios_knl_Task_sleepTimeout)
                  2001dfc2    00000002     --HOLE-- [fill = 0]
                  2001dfc4    00000018     ti_sysbios_config.o (.text.BIOS_rtsUnlock)
                  2001dfdc    00000018     display_cc32xx.a : DisplayUart2.c.obj (.text.DisplayUart2Min_close)
                  2001dff4    00000018     driverlib.a : gpio.obj (.text.GPIOIntEnable)
                  2001e00c    00000018                 : pin.obj (.text.PinTypeADC)
                  2001e024    00000018                 : spi.obj (.text.SPIDmaEnable)
                  2001e03c    00000018                 : spi.obj (.text.SPIFIFOEnable)
                  2001e054    00000018     json_release.a : utils.c.obj (.text.SkipWhitespace)
                  2001e06c    00000018     simplelink.a : driver.obj (.text._SlDrvMemZero)
                  2001e084    00000018     libc.a : snprintf.c.obj (.text._outc)
                  2001e09c    00000018            : vsnprintf.c.obj (.text._outc)
                  2001e0b4    00000018            : sprintf.c.obj (.text._outs)
                  2001e0cc    00000018     ti_sysbios_config.o (.text.pthread_attr_init)
                  2001e0e4    00000018     ti_sysbios_config.o (.text.ti_sysbios_family_arm_m3_Timer_stop)
                  2001e0fc    00000018     sysbios.a : TaskSupport_asm_gcc.s.obj (.text.ti_sysbios_knl_TaskSupport_glue)
                  2001e114    00000018     ti_sysbios_config.o (.text.ti_sysbios_knl_Task_unblock)
                  2001e12c    00000016     driverlib.a : adc.obj (.text.ADCFIFORead)
                  2001e142    00000016     ti_drivers_config.o (.text.Board_init)
                  2001e158    00000016     display_cc32xx.a : Display.c.obj (.text.Display_doPrintf)
                  2001e16e    00000016     ti_sysbios_config.o (.text.HwiP_interruptsEnabled)
                  2001e184    00000016     json_release.a : utils.c.obj (.text.LToA)
                  2001e19a    00000016     driverlib.a : spi.obj (.text.SPICSDisable)
                  2001e1b0    00000016                 : spi.obj (.text.SPICSEnable)
                  2001e1c6    00000016                 : spi.obj (.text.SPIDisable)
                  2001e1dc    00000016                 : spi.obj (.text.SPIEnable)
                  2001e1f2    00000016     slnetifwifi.a : slnetifwifi.obj (.text.SlNetIfWifi_close)
                  2001e208    00000016     driverlib.a : uart.obj (.text.UARTCharsAvail)
                  2001e21e    00000016                 : uart.obj (.text.UARTDMADisable)
                  2001e234    00000016                 : uart.obj (.text.UARTFIFOLevelSet)
                  2001e24a    00000016                 : uart.obj (.text.UARTIntDisable)
                  2001e260    00000016     LCD_Menu.o (.text.clearNoWifiIcon)
                  2001e276    00000016     ti_sysbios_config.o (.text.clockFxn)
                  2001e28c    00000014     driverlib.a : cpu.obj (.text.CPUcpsid)
                  2001e2a0    00000014                 : cpu.obj (.text.CPUcpsie)
                  2001e2b4    00000014     drivers_cc32xx.a : PowerCC32XX.c.obj (.text.Power_getTransitionLatency)
                  2001e2c8    00000014                      : PowerCC32XX.c.obj (.text.Power_idleFunc)
                  2001e2dc    00000014     driverlib.a : uart.obj (.text.UARTDMAEnable)
                  2001e2f0    00000014                 : uart.obj (.text.UARTIntEnable)
                  2001e304    00000014     simplelink.a : driver.obj (.text._SlDrvDispatchHttpServerEvents)
                  2001e318    00000014                  : driver.obj (.text._SlDrvDispatchNetAppRequestEvents)
                  2001e32c    00000014                  : driver.obj (.text._SlDrvIsSpawnOwnGlobalLock)
                  2001e340    00000014     libclang_rt.builtins.a : aeabi_uldivmod.S.obj (.text.__aeabi_uldivmod)
                  2001e354    00000014     libc.a : args_main.c.obj (.text._args_main)
                  2001e368    00000014     httpclient_release.a : httpclient.om4 (.text.countChar)
                  2001e37c    00000014     json_make.o (.text.my_strnlen)
                  2001e390    00000014     ti_sysbios_config.o (.text.pthread_attr_setschedparam)
                  2001e3a4    00000014     ti_sysbios_config.o (.text.pthread_mutex_destroy)
                  2001e3b8    00000014     ti_sysbios_config.o (.text.pthread_mutexattr_init)
                  2001e3cc    00000014     slnetifwifi.a : slnetifwifi.obj (.text.slNetIfWifi_connDisable)
                  2001e3e0    00000014     httpclient_release.a : httpclient.om4 (.text.strcmp)
                  2001e3f4    00000014     ti_sysbios_config.o (.text.ti_sysbios_family_arm_m3_Hwi_switchFromBootStack)
                  2001e408    00000014     ti_sysbios_config.o (.text.ti_sysbios_knl_ClockSupport_setPeriodMicroSecs)
                  2001e41c    00000014     driverlib.a : udma.obj (.text.uDMAControlBaseSet)
                  2001e430    00000014                 : udma.obj (.text.uDMAIntClear)
                  2001e444    00000014     LCD_Menu.o (.text.updateWifiIcon)
                  2001e458    00000012     driverlib.a : adc.obj (.text.ADCDisable)
                  2001e46a    00000012                 : adc.obj (.text.ADCEnable)
                  2001e47c    00000012                 : gpio.obj (.text.GPIOIntClear)
                  2001e48e    00000012     LCD_Menu.o (.text.OUTLINED_FUNCTION_0)
                  2001e4a0    00000012     drivers_cc32xx.a : PWMTimerCC32XX.c.obj (.text.OUTLINED_FUNCTION_0)
                  2001e4b2    00000012     json_make.o (.text.OUTLINED_FUNCTION_5)
                  2001e4c4    00000012     simplelink.a : driver.obj (.text._SlDrvResetCmdExt)
                  2001e4d6    00000012     ti_sysbios_config.o (.text._pthread_runStub)
                  2001e4e8    00000012     drivers_cc32xx.a : PWMTimerCC32XX.c.obj (.text.postNotifyFxn)
                  2001e4fa    00000012                      : UDMACC32XX.c.obj (.text.postNotifyFxn)
                  2001e50c    00000012     httpclient_release.a : httpclient.om4 (.text.skipWhiteSpace)
                  2001e51e    00000012     slnetifwifi.a : slnetifwifi.obj (.text.slNetIfWifi_connEnable)
                  2001e530    00000012     simplelink.a : cc_pal.obj (.text.spi_Close)
                  2001e542    00000012     httpclient_release.a : httpclient.om4 (.text.strchr)
                  2001e554    00000012     libc.a : _printfi.c.obj (.text.strchr)
                  2001e566    00000012            : memcpy_t2.S.obj (.text:TI_memcpy_small)
                  2001e578    00000010     drivers_cc32xx.a : ADC.c.obj (.text.ADC_Params_init)
                  2001e588    00000010     ti_sysbios_config.o (.text.ClockP_getCpuFreq)
                  2001e598    00000010     ti_sysbios_config.o (.text.HwiP_Params_init)
                  2001e5a8    00000010     drive_gpio.o (.text.OUTLINED_FUNCTION_1)
                  2001e5b8    00000010     drive_gpio.o (.text.OUTLINED_FUNCTION_2)
                  2001e5c8    00000010     drive_gpio.o (.text.OUTLINED_FUNCTION_3)
                  2001e5d8    00000010     drivers_cc32xx.a : PWM.c.obj (.text.PWM_Params_init)
                  2001e5e8    00000010                      : RingBuf.c.obj (.text.RingBuf_construct)
                  2001e5f8    00000010     json_release.a : utils.c.obj (.text.SizeOfTemplateEntry)
                  2001e608    00000010     drivers_cc32xx.a : UART2CC32XX.c.obj (.text.UART2Support_txDone)
                  2001e618    00000010     driverlib.a : uart.obj (.text.UARTBusy)
                  2001e628    00000010                 : uart.obj (.text.UARTIntClear)
                  2001e638    00000010                 : uart.obj (.text.UARTRxErrorGet)
                  2001e648    00000010     ti_sysbios_config.o (.text.ti_sysbios_family_arm_m3_Hwi_excHandler)
                  2001e658    00000010     ti_sysbios_config.o (.text.ti_sysbios_runtime_System_vsnprintf)
                  2001e668    00000010     libc.a : wcslen.c.obj (.text.wcslen)
                  2001e678    00000010            : copy_zero_init.c.obj (.text:decompress:ZI)
                  2001e688    0000000e     simplelink.a : cc_pal.obj (.text.NwpMaskInterrupt)
                  2001e696    0000000e                  : cc_pal.obj (.text.NwpUnMaskInterrupt)
                  2001e6a4    0000000e     drivers_cc32xx.a : PWMTimerCC32XX.c.obj (.text.OUTLINED_FUNCTION_1)
                  2001e6b2    0000000e                      : PWMTimerCC32XX.c.obj (.text.OUTLINED_FUNCTION_2)
                  2001e6c0    0000000e                      : PWMTimerCC32XX.c.obj (.text.OUTLINED_FUNCTION_3)
                  2001e6ce    0000000e     httpclient_release.a : httpclient.om4 (.text.OUTLINED_FUNCTION_3)
                  2001e6dc    0000000e     json_make.o (.text.OUTLINED_FUNCTION_3)
                  2001e6ea    0000000e     LCD_Menu.o (.text.OUTLINED_FUNCTION_4)
                  2001e6f8    0000000e     httpclient_release.a : httpclient.om4 (.text.OUTLINED_FUNCTION_7)
                  2001e706    0000000e     json_make.o (.text.OUTLINED_FUNCTION_8)
                  2001e714    0000000e     slnetifwifi.a : slnetifwifi.obj (.text.SlNetIfWifi_DeleteContext)
                  2001e722    0000000e     drivers_cc32xx.a : UART2.c.obj (.text.UART2_write)
                  2001e730    0000000e                      : SPICC32XXDMA.c.obj (.text.postNotifyFxn)
                  2001e73e    0000000e     ti_sysbios_config.o (.text.sem_wait)
                  2001e74c    0000000e     simplelink.a : device.obj (.text.sl_Task)
                  2001e75a    0000000e     error_handler.o (.text.strlen)
[...]
2001e5d9  PWM_Params_init                                                 
2001e5e9  RingBuf_construct                                               
2001e5f9  SizeOfTemplateEntry                                             
2001e609  UART2Support_txDone                                             
2001e619  UARTBusy                                                        
2001e629  UARTIntClear                                                    
2001e639  UARTRxErrorGet                                                  
2001e649  ti_sysbios_family_arm_m3_Hwi_excHandler                         
2001e659  ti_sysbios_runtime_System_vsnprintf                             
2001e669  wcslen                                                          
2001e679  __TI_zero_init                                                  
2001e689  NwpMaskInterrupt                                                
2001e697  NwpUnMaskInterrupt                                              
2001e715  SlNetIfWifi_DeleteContext                                       
2001e723  UART2_write                                                     
2001e73f  sem_wait                                                        
2001e74d  sl_Task                                                         
2001e7af  strlen                                                          
2001e7d9  ti_sysbios_gates_GateMutex_leave                                
2001e7e7  ti_sysbios_knl_Clock_tickReconfig                               
2001e7f5  uDMAEnable                                                      
2001e803  uDMAErrorStatusClear                                            
2001e811  TI_memset_small                                                 
2001e81f  __TI_decompress_none                                            
2001e82d  BIOS_linkedWithIncorrectBootLibrary                             
2001e839  BIOS_start                                                      
2001e845  CPUwfi                                                          
2001e851  ClockP_getSystemTicks                                           
2001e85d  HwiP_delete                                                     
2001e869  HwiP_disable                                                    
2001e8c9  PRCMLPDSWakeupCauseGet                                          
2001e8d5  PowerCC32XX_initPolicy                                          
2001e8e1  Power_getConstraintMask                                         
2001e8ed  SPI_Params_init                                                 
2001e8f9  SemaphoreP_delete                                               
2001e911  UART2Support_disableTx                                          
2001e91d  UART2Support_enableTx                                           
2001e929  UART2_Params_init                                               
2001e935  UpdateBestCaseRc                                                
2001e941  _register_lock                                                  
2001e94d  _register_unlock                                                
2001e959  pthread_attr_setdetachstate                                     
2001e965  pthread_mutexattr_settype                                       
2001e971  pthread_self                                                    
2001e97d  ti_sysbios_heaps_HeapMem_init                                   
2001e989  ti_sysbios_knl_ClockSupport_start                               
2001e995  ti_sysbios_knl_ClockSupport_stop                                
2001e9a1  uDMAControlBaseGet                                              
2001e9ad  uDMAErrorStatusGet                                              
2001ea6d  SemaphoreP_pend                                                 
2001ea77  _SlDeviceResetRequestInitCompletedCB                            
2001ea81  __aeabi_memset                                                  
2001ea81  __aeabi_memset4                                                 
2001ea81  __aeabi_memset8                                                 
2001ea9f  sem_destroy                                                     
2001eaa9  sem_post                                                        
2001eab3  ADCCC32XX_init                                                  
2001eb33  PRCMSleepEnter                                                  
2001eb3b  SlNetSock_secAttribCreate                                       
2001eb43  TimerGetCurrentTimestamp                                        
2001eb4b  UtilsDelay                                                      
2001eb55  __aeabi_errno_addr                                              
2001eb5d  __aeabi_memclr                                                  
2001eb5d  __aeabi_memclr4                                                 
2001eb5d  __aeabi_memclr8                                                 
2001eb6d  pthread_mutex_lock                                              
2001eb75  sem_getvalue                                                    
2001eb7d  ti_sysbios_runtime_System_exit                                  
2001eb85  ADCCC32XX_control                                               
2001eb8b  ADC_close                                                       
2001eb91  ADC_convert                                                     
2001eb97  ClockP_getSystemTickPeriod                                      
2001eb9d  DisplayUart2Min_control                                         
2001eba3  DisplayUart2Min_getType                                         
2001eba9  HwiP_restore                                                    
2001ebdf  PWMTimerCC32XX_control                                          
2001ebe5  PWM_close                                                       
2001ebeb  PWM_start                                                       
2001ebf1  PWM_stop                                                        
2001ebf7  SPICC32XXDMA_control                                            
2001ebfd  SPI_close                                                       
2001ec03  SPI_transfer                                                    
2001ec09  UART2Support_powerRelConstraint                                 
2001ec0f  pthread_attr_setstacksize                                       
2001ec15  ti_sysbios_family_arm_m3_Hwi_destruct                           
2001ec1b  ti_sysbios_family_arm_m3_Hwi_doSwiRestore                       
2001ec21  ti_sysbios_family_arm_m3_Hwi_doTaskRestore                      
2001ec27  ti_sysbios_knl_Idle_loop                                        
2001ec2d  ti_sysbios_knl_Swi_startup                                      
2001ec33  HwiP_disableInterrupt                                           
2001ec37  HwiP_enableInterrupt                                            
2001ec3b  RingBuf_getCount                                                
2001ec3f  SPICC32XXDMA_init                                               
2001ec43  SemaphoreP_destruct                                             
2001ec47  SemaphoreP_post                                                 
2001ec4b  SlNetUtil_htonl                                                 
2001ec4f  SlNetUtil_htons                                                 
2001ec53  SlNetUtil_init                                                  
2001ec5f  SystemP_vsnprintf                                               
2001ec65  __aeabi_memcpy                                                  
2001ec65  __aeabi_memcpy4                                                 
2001ec65  __aeabi_memcpy8                                                 
2001ec69  __aeabi_memmove                                                 
2001ec69  __aeabi_memmove4                                                
2001ec69  __aeabi_memmove8                                                
2001ec6d  _system_post_cinit                                              
2001ec71  malloc                                                          
2001ec75  ti_sysbios_heaps_HeapMem_isBlocking                             
2001ec78  __primary_heap_start__                                          
20026c78  __TI_static_base__                                              
20026c78  __primary_heap_end__                                            
20026e7c  __TI_Handler_Table_Base                                         
20026e88  __TI_Handler_Table_Limit                                        
20026e90  __TI_CINIT_Base                                                 
20026ea0  __TI_CINIT_Limit                                                
20026ea0  __TI_CINIT_Warm                                                 
2002d000  g_CB                                                            
2002d3fc  ti_sysbios_family_arm_m3_Hwi_dispatchTable                      
2002d708  ti_sysbios_knl_Idle_taskStack                                   
2002d908  uart2CC32XXObjects0                                             
2002da80  PowerCC32XX_contextSave                                         
2002dbac  spiCC32XXDMAObjects                                             
2002dc34  gpioCallbackFunctions                                           
2002dcb8  gpioUserArgs                                                    
2002ddbc  ti_sysbios_knl_Swi_readyQs                                      
2002de3c  ti_sysbios_knl_Task_readyQs                                     
2002debc  ti_sysbios_knl_Idle_taskStruct                                  
2002df14  ti_sysbios_knl_ClockSupport_timerStruct                         
2002df48  BIOS_heapMemObject                                              
2002df74  GlobalLockObj                                                   
2002dfa0  BIOS_rtsGate                                                    
2002dfc8  g_SlInternalSpawnCB                                             
2002dff0  ti_sysbios_heaps_HeapMem_gate                                   
2002e03c  pwmTimerCC32XXObjects                                           
2002e0a0  spiParams                                                       
2002e0c0  ti_sysbios_runtime_System_atexitHandlers                        
2002e150  sem                                                             
2002e1cc  params                                                          
2002e1f8  ti_sysbios_hal_Seconds_Module_state                             
2002e20c  DeviceCB                                                        
2002e218  Msg                                                             
2002e224  displayUart2Object                                              
2002e230  adcParams                                                       
2002e238  grabBuffer                                                      
2002e240  jsonBuffer                                                      
2002e248  spiCC32XXSDMAscratchBuf                                         
2002e250  templateBuff                                                    
2002e258  udmaCC3220SObject                                               
2002e264  adc                                                             
2002e268  display                                                         
2002e26c  jsonObjHandle                                                   
2002e270  mode                                                            
2002e274  pwm                                                             
2002e278  spi                                                             
2002e27c  templateHandle                                                  
2002e280  ti_sysbios_family_arm_m3_Timer_startupNeeded                    
2002e284  ti_sysbios_family_arm_m3_TimestampProvider_Module_state         
2002e288  ti_sysbios_knl_Task_defaultStackHeap                            
2002e28c  gIfID                                                           
2002e28e  templateSize                                                    
2002e290  RxIrqCnt                                                        
2002e291  adcCC32XXObjects                                                
2002e292  errorState                                                      
2002f890  __aeabi_ctype_table_                                            
2002f890  __aeabi_ctype_table_C                                           
20030134  spiCC32XXDMAHWAttrs                                             
200301ac  OpcodeTranslateTable                                            
200302d8  _SlActionLookupTable                                            
20030370  PowerCC32XX_config                                              
2003047b  ADC_count                                                       
200304fb  Display_count                                                   
2003109c  PWMTimerCC32XX_fxnTable                                         
200310c0  UART2_defaultParams                                             
20031513  Display_defaultParams                                           
20031514  DisplayUart2Min_fxnTable                                        
20031534  FlagsTranslate                                                  
20031574  SPI_defaultParams                                               
20031a2f  GPIO_pinUpperBound                                              
20031a30  ADCCC32XX_fxnTable                                              
20031c59  PWM_count                                                       
20031c5a  SPI_count                                                       
20031c5b  UART2_count                                                     
20031c74  PWM_defaultParams                                               
20031c8c  SPICC32XXDMA_fxnTable                                           
20031ca4  SPI_config                                                      
20031e1c  displayUart2HWAttrs                                             
20031fb0  GPIO_config                                                     
20032128  ADC_config                                                      
20032134  Display_config                                                  
20032140  PWM_config                                                      
200321f4  udmaCC3220SHWAttrs                                              
200322cc  TimestampP_nativeFormat32                                       
200322d0  ADC_defaultParams                                               
200322d8  UART2_config                                                    
200322e0  UDMACC32XX_config                                               
200323b0  ti_sysbios_knl_Idle_funcList                                    
20032438  TimestampP_nativeFormat64                                       
20032464  _SlNetAppSendResponseCmdCtrl                                    
20032468  _SlNetAppSendTokenValueCmdCtrl                                  
20032498  adcCC32XXHWAttrs                                                
200324a4  pwmTimerCC32XXHWAttrs                                           
200324a8  ti_sysbios_family_arm_m3_Hwi_swiTaskKeyAddress                  
200324b0  PowerCC32XX_module                                              
2003261c  parkInfo                                                        
20032714  gpioPinConfigs                                                  
20032798  BIOS_Module_state                                               
200327c4  ti_sysbios_family_arm_m3_Hwi_Module_state                       
20032800  SlNetIfConfigWifi                                               
20032868  ti_sysbios_knl_Clock_Module_state                               
200328d0  ti_sysbios_runtime_Startup_done                                 
200328d3  ti_sysbios_knl_Idle_initDone                                    
200328d4  ti_sysbios_runtime_Memory_defaultHeapInstance                   
200328ec  ti_sysbios_runtime_Error_ignore                                 
200328f8  ti_sysbios_runtime_System_Module_state                          
20032904  ti_sysbios_knl_Swi_Module_state                                 
2003292c  ti_sysbios_knl_Task_Module_state                                
20032968  objSize                                                         
2003296c  jsonString                                                      
20032970  compStockJsonString                                             
20032974  csObjHandle                                                     
20032978  csTmplHandle                                                    
20032980  templateFile                                                    
20032988  compStockTemplate                                               
20032990  g_LibsEvents                                                    
200329b4  g_UserEvents                                                    
200329d8  HTTP_METHOD_GET                                                 
200329dc  HTTP_METHOD_HEAD                                                
200329e0  HTTP_METHOD_CONNECT                                             
20032a20  ti_sysbios_family_arm_m3_Timer_Module_state                     
20032a34  jsonFiles                                                       
20032a44  currentMenu                                                     
20032a48  ADCTracker                                                      
20032a60  errorTemplate                                                   
20032a68  ti_sysbios_gates_GateMutex_Module_state                         
20032a70  ti_sysbios_heaps_HeapMem_Module_state                           
20032a78  ti_sysbios_knl_Semaphore_Module_state                           
20032a80  HTTP_METHOD_POST                                                
20032a88  __aeabi_errno                                                   
20032a8c  _lock                                                           
20032a90  _unlock                                                         
20032a94  activeFile                                                      
20032aa8  g_fNetIfCB                                                      
20032aac  g_intHandle                                                     
20032ab0  g_pCB                                                           
20032ab4  pPingCallBackFunc                                               
20032ab8  spawn_thread                                                    
20032abc  g_SlDeviceStatus                                                
20032abe  g_ifId                                                          
20032ac1  gGlobalLockCntReleased                                          
20032ac2  gGlobalLockCntRequested                                         
20032ac8  sessionActive                                                   
20032aca  wifiConnected                                                   
20032c00  ti_sysbios_family_arm_m3_Hwi_ramVectors                         
ffffffff  __TI_pprof_out_hndl                                             
ffffffff  __TI_prof_data_size                                             
ffffffff  __TI_prof_data_start                                            
ffffffff  __binit__                                                       
ffffffff  binit                                                           
UNDEFED   ITM_flush                                                       
UNDEFED   ITM_restore                                                     
UNDEFED   __c_args__                                                      
UNDEFED   __mpu_init                                                      

[934 symbols]
