<?xml version="1.0" encoding="ISO-8859-1" ?>
<link_info>
   <banner>TI ARM Clang Linker PC v3.2.2.LTS</banner>
   <copyright>Copyright (c) 1996-2018 Texas Instruments Incorporated</copyright>
   <link_time>0x697c00d0</link_time>
   <link_errors>0x0</link_errors>
   <output_file>C:\Users\gwyli\workspace_v12\CC3220S_LAUNCHXL_REV1\MCU+Image\CC3220S_LAUNCHXL_REV1.out</output_file>
   <entry_point>
      <name>_c_int00</name>
      <address>0x20017905</address>
   </entry_point>
   <input_file_list>
      <input_file id="fl-1">
         <path>C:\Users\gwyli\workspace_v12\CC3220S_LAUNCHXL_REV1\MCU+Image\.\</path>
         <kind>object</kind>
         <file>add_func.o</file>
         <name>add_func.o</name>
      </input_file>
      <input_file id="fl-2">
         <path>C:\Users\gwyli\workspace_v12\CC3220S_LAUNCHXL_REV1\MCU+Image\.\syscfg\</path>
         <kind>object</kind>
         <file>ti_drivers_config.o</file>
         <name>ti_drivers_config.o</name>
      </input_file>
      <input_file id="fl-3">
         <path>C:\Users\gwyli\workspace_v12\CC3220S_LAUNCHXL_REV1\MCU+Image\.\syscfg\</path>
         <kind>object</kind>
         <file>ti_net_config.o</file>
         <name>ti_net_config.o</name>
      </input_file>
      <input_file id="fl-4">
         <path>C:\Users\gwyli\workspace_v12\CC3220S_LAUNCHXL_REV1\MCU+Image\.\syscfg\</path>
         <kind>object</kind>
         <file>ti_sysbios_config.o</file>
         <name>ti_sysbios_config.o</name>
      </input_file>
      <input_file id="fl-5">
         <path>C:\Users\gwyli\workspace_v12\CC3220S_LAUNCHXL_REV1\MCU+Image\.\syscfg\</path>
         <kind>object</kind>
         <file>ti_drivers_net_wifi_config.o</file>
         <name>ti_drivers_net_wifi_config.o</name>
      </input_file>
      <input_file id="fl-6">
         <path>C:\Users\gwyli\workspace_v12\CC3220S_LAUNCHXL_REV1\MCU+Image\.\</path>
         <kind>object</kind>
         <file>drive_gpio.o</file>
         <name>drive_gpio.o</name>
      </input_file>
      <input_file id="fl-7">
         <path>C:\Users\gwyli\workspace_v12\CC3220S_LAUNCHXL_REV1\MCU+Image\.\</path>
         <kind>object</kind>
         <file>httpget.o</file>
         <name>httpget.o</name>
      </input_file>
      <input_file id="fl-8">
         <path>C:\Users\gwyli\workspace_v12\CC3220S_LAUNCHXL_REV1\MCU+Image\.\</path>
         <kind>object</kind>
         <file>httpsget.o</file>
         <name>httpsget.o</name>
      </input_file>
      <input_file id="fl-9">
         <path>C:\Users\gwyli\workspace_v12\CC3220S_LAUNCHXL_REV1\MCU+Image\.\</path>
         <kind>object</kind>
         <file>main_tirtos.o</file>
         <name>main_tirtos.o</name>
      </input_file>
      <input_file id="fl-a">
         <path>C:\Users\gwyli\workspace_v12\CC3220S_LAUNCHXL_REV1\MCU+Image\.\</path>
         <kind>object</kind>
         <file>platform.o</file>
         <name>platform.o</name>
      </input_file>
      <input_file id="fl-24">
         <path>C:\Users\gwyli\workspace_v12\CC3220S_LAUNCHXL_REV1\MCU+Image\</path>
         <kind>object</kind>
         <file>&lt;internal&gt;</file>
         <name>&lt;internal&gt;</name>
      </input_file>
      <input_file id="fl-25">
         <path>C:\ti\simplelink_cc32xx_sdk_7_10_00_13\source\ti\display\lib\ticlang\m4\</path>
         <kind>archive</kind>
         <file>display_cc32xx.a</file>
         <name>Display.c.obj</name>
      </input_file>
      <input_file id="fl-26">
         <path>C:\ti\simplelink_cc32xx_sdk_7_10_00_13\source\ti\display\lib\ticlang\m4\</path>
         <kind>archive</kind>
         <file>display_cc32xx.a</file>
         <name>DisplayUart2.c.obj</name>
      </input_file>
      <input_file id="fl-27">
         <path>C:\ti\simplelink_cc32xx_sdk_7_10_00_13\source\ti\drivers\net\wifi\slnetif\ticlang\Release\</path>
         <kind>archive</kind>
         <file>slnetifwifi.a</file>
         <name>slnetifwifi.obj</name>
      </input_file>
      <input_file id="fl-28">
         <path>C:\ti\simplelink_cc32xx_sdk_7_10_00_13\source\ti\drivers\net\wifi\slnetif\ticlang\Release\</path>
         <kind>archive</kind>
         <file>slnetifwifi.a</file>
         <name>slwificonn.obj</name>
      </input_file>
      <input_file id="fl-29">
         <path>C:\ti\simplelink_cc32xx_sdk_7_10_00_13\source\ti\drivers\net\wifi\ticlang\rtos\</path>
         <kind>archive</kind>
         <file>simplelink.a</file>
         <name>device.obj</name>
      </input_file>
      <input_file id="fl-2a">
         <path>C:\ti\simplelink_cc32xx_sdk_7_10_00_13\source\ti\drivers\net\wifi\ticlang\rtos\</path>
         <kind>archive</kind>
         <file>simplelink.a</file>
         <name>driver.obj</name>
      </input_file>
      <input_file id="fl-2b">
         <path>C:\ti\simplelink_cc32xx_sdk_7_10_00_13\source\ti\drivers\net\wifi\ticlang\rtos\</path>
         <kind>archive</kind>
         <file>simplelink.a</file>
         <name>flowcont.obj</name>
      </input_file>
      <input_file id="fl-2c">
         <path>C:\ti\simplelink_cc32xx_sdk_7_10_00_13\source\ti\drivers\net\wifi\ticlang\rtos\</path>
         <kind>archive</kind>
         <file>simplelink.a</file>
         <name>fs.obj</name>
      </input_file>
      <input_file id="fl-2d">
         <path>C:\ti\simplelink_cc32xx_sdk_7_10_00_13\source\ti\drivers\net\wifi\ticlang\rtos\</path>
         <kind>archive</kind>
         <file>simplelink.a</file>
         <name>netapp.obj</name>
      </input_file>
      <input_file id="fl-2e">
         <path>C:\ti\simplelink_cc32xx_sdk_7_10_00_13\source\ti\drivers\net\wifi\ticlang\rtos\</path>
         <kind>archive</kind>
         <file>simplelink.a</file>
         <name>netcfg.obj</name>
      </input_file>
      <input_file id="fl-2f">
         <path>C:\ti\simplelink_cc32xx_sdk_7_10_00_13\source\ti\drivers\net\wifi\ticlang\rtos\</path>
         <kind>archive</kind>
         <file>simplelink.a</file>
         <name>netutil.obj</name>
      </input_file>
      <input_file id="fl-30">
         <path>C:\ti\simplelink_cc32xx_sdk_7_10_00_13\source\ti\drivers\net\wifi\ticlang\rtos\</path>
         <kind>archive</kind>
         <file>simplelink.a</file>
         <name>sl_socket.obj</name>
      </input_file>
      <input_file id="fl-31">
         <path>C:\ti\simplelink_cc32xx_sdk_7_10_00_13\source\ti\drivers\net\wifi\ticlang\rtos\</path>
         <kind>archive</kind>
         <file>simplelink.a</file>
         <name>spawn.obj</name>
      </input_file>
      <input_file id="fl-32">
         <path>C:\ti\simplelink_cc32xx_sdk_7_10_00_13\source\ti\drivers\net\wifi\ticlang\rtos\</path>
         <kind>archive</kind>
         <file>simplelink.a</file>
         <name>wlan.obj</name>
      </input_file>
      <input_file id="fl-33">
         <path>C:\ti\simplelink_cc32xx_sdk_7_10_00_13\source\ti\drivers\net\wifi\ticlang\rtos\</path>
         <kind>archive</kind>
         <file>simplelink.a</file>
         <name>cc_pal.obj</name>
      </input_file>
      <input_file id="fl-34">
         <path>C:\ti\simplelink_cc32xx_sdk_7_10_00_13\source\ti\drivers\net\wifi\ticlang\rtos\</path>
         <kind>archive</kind>
         <file>simplelink.a</file>
         <name>eventreg.obj</name>
      </input_file>
      <input_file id="fl-35">
         <path>C:\ti\simplelink_cc32xx_sdk_7_10_00_13\source\ti\drivers\lib\ticlang\m4\</path>
         <kind>archive</kind>
         <file>drivers_cc32xx.a</file>
         <name>GPIOCC32XX.c.obj</name>
      </input_file>
      <input_file id="fl-36">
         <path>C:\ti\simplelink_cc32xx_sdk_7_10_00_13\source\ti\drivers\lib\ticlang\m4\</path>
         <kind>archive</kind>
         <file>drivers_cc32xx.a</file>
         <name>PowerCC32XX.c.obj</name>
      </input_file>
      <input_file id="fl-37">
         <path>C:\ti\simplelink_cc32xx_sdk_7_10_00_13\source\ti\drivers\lib\ticlang\m4\</path>
         <kind>archive</kind>
         <file>drivers_cc32xx.a</file>
         <name>PowerCC32XX_ticlang.asm.obj</name>
      </input_file>
      <input_file id="fl-38">
         <path>C:\ti\simplelink_cc32xx_sdk_7_10_00_13\source\ti\drivers\lib\ticlang\m4\</path>
         <kind>archive</kind>
         <file>drivers_cc32xx.a</file>
         <name>SPI.c.obj</name>
      </input_file>
      <input_file id="fl-39">
         <path>C:\ti\simplelink_cc32xx_sdk_7_10_00_13\source\ti\drivers\lib\ticlang\m4\</path>
         <kind>archive</kind>
         <file>drivers_cc32xx.a</file>
         <name>SPICC32XXDMA.c.obj</name>
      </input_file>
      <input_file id="fl-3a">
         <path>C:\ti\simplelink_cc32xx_sdk_7_10_00_13\source\ti\drivers\lib\ticlang\m4\</path>
         <kind>archive</kind>
         <file>drivers_cc32xx.a</file>
         <name>UART2.c.obj</name>
      </input_file>
      <input_file id="fl-3b">
         <path>C:\ti\simplelink_cc32xx_sdk_7_10_00_13\source\ti\drivers\lib\ticlang\m4\</path>
         <kind>archive</kind>
         <file>drivers_cc32xx.a</file>
         <name>UART2CC32XX.c.obj</name>
      </input_file>
      <input_file id="fl-3c">
         <path>C:\ti\simplelink_cc32xx_sdk_7_10_00_13\source\ti\drivers\lib\ticlang\m4\</path>
         <kind>archive</kind>
         <file>drivers_cc32xx.a</file>
         <name>WatchdogCC32XX.c.obj</name>
      </input_file>
      <input_file id="fl-3d">
         <path>C:\ti\simplelink_cc32xx_sdk_7_10_00_13\source\ti\drivers\lib\ticlang\m4\</path>
         <kind>archive</kind>
         <file>drivers_cc32xx.a</file>
         <name>List.c.obj</name>
      </input_file>
      <input_file id="fl-3e">
         <path>C:\ti\simplelink_cc32xx_sdk_7_10_00_13\source\ti\drivers\lib\ticlang\m4\</path>
         <kind>archive</kind>
         <file>drivers_cc32xx.a</file>
         <name>RingBuf.c.obj</name>
      </input_file>
      <input_file id="fl-3f">
         <path>C:\ti\simplelink_cc32xx_sdk_7_10_00_13\source\ti\drivers\lib\ticlang\m4\</path>
         <kind>archive</kind>
         <file>drivers_cc32xx.a</file>
         <name>UDMACC32XX.c.obj</name>
      </input_file>
      <input_file id="fl-40">
         <path>C:\ti\simplelink_cc32xx_sdk_7_10_00_13\source\ti\net\http\lib\ticlang\m4\</path>
         <kind>archive</kind>
         <file>httpclient_release.a</file>
         <name>httpclient.om4</name>
      </input_file>
      <input_file id="fl-41">
         <path>C:\ti\simplelink_cc32xx_sdk_7_10_00_13\source\ti\net\lib\ticlang\m4\</path>
         <kind>archive</kind>
         <file>slnetsock_release.a</file>
         <name>slnetsock.om4</name>
      </input_file>
      <input_file id="fl-42">
         <path>C:\ti\simplelink_cc32xx_sdk_7_10_00_13\source\ti\net\lib\ticlang\m4\</path>
         <kind>archive</kind>
         <file>slnetsock_release.a</file>
         <name>slnetutils.om4</name>
      </input_file>
      <input_file id="fl-43">
         <path>C:\ti\simplelink_cc32xx_sdk_7_10_00_13\source\ti\net\lib\ticlang\m4\</path>
         <kind>archive</kind>
         <file>slnetsock_release.a</file>
         <name>slnetif.om4</name>
      </input_file>
      <input_file id="fl-44">
         <path>C:\ti\simplelink_cc32xx_sdk_7_10_00_13\kernel\tirtos7\packages\ti\sysbios\lib\ticlang\m4\</path>
         <kind>archive</kind>
         <file>sysbios.a</file>
         <name>TaskSupport_asm_gcc.s.obj</name>
      </input_file>
      <input_file id="fl-45">
         <path>C:\ti\simplelink_cc32xx_sdk_7_10_00_13\kernel\tirtos7\packages\ti\sysbios\lib\ticlang\m4\</path>
         <kind>archive</kind>
         <file>sysbios.a</file>
         <name>Hwi_asm_gcc.s.obj</name>
      </input_file>
      <input_file id="fl-46">
         <path>C:\ti\simplelink_cc32xx_sdk_7_10_00_13\kernel\tirtos7\packages\ti\sysbios\lib\ticlang\m4\</path>
         <kind>archive</kind>
         <file>sysbios.a</file>
         <name>Hwi_asm_switch_gcc.s.obj</name>
      </input_file>
      <input_file id="fl-47">
         <path>C:\ti\simplelink_cc32xx_sdk_7_10_00_13\kernel\tirtos7\packages\ti\sysbios\lib\ticlang\m4\</path>
         <kind>archive</kind>
         <file>sysbios.a</file>
         <name>boot_cortex_m.c.obj</name>
      </input_file>
      <input_file id="fl-48">
         <path>C:\ti\simplelink_cc32xx_sdk_7_10_00_13\source\ti\devices\cc32xx\driverlib\ticlang\Release\</path>
         <kind>archive</kind>
         <file>driverlib.a</file>
         <name>cpu.obj</name>
      </input_file>
      <input_file id="fl-49">
         <path>C:\ti\simplelink_cc32xx_sdk_7_10_00_13\source\ti\devices\cc32xx\driverlib\ticlang\Release\</path>
         <kind>archive</kind>
         <file>driverlib.a</file>
         <name>gpio.obj</name>
      </input_file>
      <input_file id="fl-4a">
         <path>C:\ti\simplelink_cc32xx_sdk_7_10_00_13\source\ti\devices\cc32xx\driverlib\ticlang\Release\</path>
         <kind>archive</kind>
         <file>driverlib.a</file>
         <name>hwspinlock.obj</name>
      </input_file>
      <input_file id="fl-4b">
         <path>C:\ti\simplelink_cc32xx_sdk_7_10_00_13\source\ti\devices\cc32xx\driverlib\ticlang\Release\</path>
         <kind>archive</kind>
         <file>driverlib.a</file>
         <name>interrupt.obj</name>
      </input_file>
      <input_file id="fl-4c">
         <path>C:\ti\simplelink_cc32xx_sdk_7_10_00_13\source\ti\devices\cc32xx\driverlib\ticlang\Release\</path>
         <kind>archive</kind>
         <file>driverlib.a</file>
         <name>pin.obj</name>
      </input_file>
      <input_file id="fl-4d">
         <path>C:\ti\simplelink_cc32xx_sdk_7_10_00_13\source\ti\devices\cc32xx\driverlib\ticlang\Release\</path>
         <kind>archive</kind>
         <file>driverlib.a</file>
         <name>prcm.obj</name>
      </input_file>
      <input_file id="fl-4e">
         <path>C:\ti\simplelink_cc32xx_sdk_7_10_00_13\source\ti\devices\cc32xx\driverlib\ticlang\Release\</path>
         <kind>archive</kind>
         <file>driverlib.a</file>
         <name>spi.obj</name>
      </input_file>
      <input_file id="fl-4f">
         <path>C:\ti\simplelink_cc32xx_sdk_7_10_00_13\source\ti\devices\cc32xx\driverlib\ticlang\Release\</path>
         <kind>archive</kind>
         <file>driverlib.a</file>
         <name>uart.obj</name>
      </input_file>
      <input_file id="fl-50">
         <path>C:\ti\simplelink_cc32xx_sdk_7_10_00_13\source\ti\devices\cc32xx\driverlib\ticlang\Release\</path>
         <kind>archive</kind>
         <file>driverlib.a</file>
         <name>udma.obj</name>
      </input_file>
      <input_file id="fl-51">
         <path>C:\ti\simplelink_cc32xx_sdk_7_10_00_13\source\ti\devices\cc32xx\driverlib\ticlang\Release\</path>
         <kind>archive</kind>
         <file>driverlib.a</file>
         <name>utils.obj</name>
      </input_file>
      <input_file id="fl-52">
         <path>C:\ti\simplelink_cc32xx_sdk_7_10_00_13\source\ti\devices\cc32xx\driverlib\ticlang\Release\</path>
         <kind>archive</kind>
         <file>driverlib.a</file>
         <name>wdt.obj</name>
      </input_file>
      <input_file id="fl-53">
         <path>C:\ti\simplelink_cc32xx_sdk_7_10_00_13\source\ti\devices\cc32xx\driverlib\ticlang\Release\</path>
         <kind>archive</kind>
         <file>driverlib.a</file>
         <name>flash.obj</name>
      </input_file>
      <input_file id="fl-62">
         <path>C:\ti\ccs1281\ccs\tools\compiler\ti-cgt-armllvm_3.2.2.LTS\lib\armv7em-ti-none-eabi\c\</path>
         <kind>archive</kind>
         <file>libc.a</file>
         <name>sprintf.c.obj</name>
      </input_file>
      <input_file id="fl-63">
         <path>C:\ti\ccs1281\ccs\tools\compiler\ti-cgt-armllvm_3.2.2.LTS\lib\armv7em-ti-none-eabi\c\</path>
         <kind>archive</kind>
         <file>libc.a</file>
         <name>vsnprintf.c.obj</name>
      </input_file>
      <input_file id="fl-64">
         <path>C:\ti\ccs1281\ccs\tools\compiler\ti-cgt-armllvm_3.2.2.LTS\lib\armv7em-ti-none-eabi\c\</path>
         <kind>archive</kind>
         <file>libc.a</file>
         <name>fputs.c.obj</name>
      </input_file>
      <input_file id="fl-65">
         <path>C:\ti\ccs1281\ccs\tools\compiler\ti-cgt-armllvm_3.2.2.LTS\lib\armv7em-ti-none-eabi\c\</path>
         <kind>archive</kind>
         <file>libc.a</file>
         <name>_io_perm.c.obj</name>
      </input_file>
      <input_file id="fl-66">
         <path>C:\ti\ccs1281\ccs\tools\compiler\ti-cgt-armllvm_3.2.2.LTS\lib\armv7em-ti-none-eabi\c\</path>
         <kind>archive</kind>
         <file>libc.a</file>
         <name>setvbuf.c.obj</name>
      </input_file>
      <input_file id="fl-67">
         <path>C:\ti\ccs1281\ccs\tools\compiler\ti-cgt-armllvm_3.2.2.LTS\lib\armv7em-ti-none-eabi\c\</path>
         <kind>archive</kind>
         <file>libc.a</file>
         <name>strcmp_t2.S.obj</name>
      </input_file>
      <input_file id="fl-68">
         <path>C:\ti\ccs1281\ccs\tools\compiler\ti-cgt-armllvm_3.2.2.LTS\lib\armv7em-ti-none-eabi\c\</path>
         <kind>archive</kind>
         <file>libc.a</file>
         <name>aeabi_portable.c.obj</name>
      </input_file>
      <input_file id="fl-69">
         <path>C:\ti\ccs1281\ccs\tools\compiler\ti-cgt-armllvm_3.2.2.LTS\lib\armv7em-ti-none-eabi\c\</path>
         <kind>archive</kind>
         <file>libc.a</file>
         <name>exit.c.obj</name>
      </input_file>
      <input_file id="fl-6a">
         <path>C:\ti\ccs1281\ccs\tools\compiler\ti-cgt-armllvm_3.2.2.LTS\lib\armv7em-ti-none-eabi\c\</path>
         <kind>archive</kind>
         <file>libc.a</file>
         <name>_lock.c.obj</name>
      </input_file>
      <input_file id="fl-6b">
         <path>C:\ti\ccs1281\ccs\tools\compiler\ti-cgt-armllvm_3.2.2.LTS\lib\armv7em-ti-none-eabi\c\</path>
         <kind>archive</kind>
         <file>libc.a</file>
         <name>args_main.c.obj</name>
      </input_file>
      <input_file id="fl-6c">
         <path>C:\ti\ccs1281\ccs\tools\compiler\ti-cgt-armllvm_3.2.2.LTS\lib\armv7em-ti-none-eabi\c\</path>
         <kind>archive</kind>
         <file>libc.a</file>
         <name>assert.c.obj</name>
      </input_file>
      <input_file id="fl-6d">
         <path>C:\ti\ccs1281\ccs\tools\compiler\ti-cgt-armllvm_3.2.2.LTS\lib\armv7em-ti-none-eabi\c\</path>
         <kind>archive</kind>
         <file>libc.a</file>
         <name>atoi.c.obj</name>
      </input_file>
      <input_file id="fl-6e">
         <path>C:\ti\ccs1281\ccs\tools\compiler\ti-cgt-armllvm_3.2.2.LTS\lib\armv7em-ti-none-eabi\c\</path>
         <kind>archive</kind>
         <file>libc.a</file>
         <name>defs.c.obj</name>
      </input_file>
      <input_file id="fl-6f">
         <path>C:\ti\ccs1281\ccs\tools\compiler\ti-cgt-armllvm_3.2.2.LTS\lib\armv7em-ti-none-eabi\c\</path>
         <kind>archive</kind>
         <file>libc.a</file>
         <name>strlen.c.obj</name>
      </input_file>
      <input_file id="fl-70">
         <path>C:\ti\ccs1281\ccs\tools\compiler\ti-cgt-armllvm_3.2.2.LTS\lib\armv7em-ti-none-eabi\c\</path>
         <kind>archive</kind>
         <file>libc.a</file>
         <name>strstr.c.obj</name>
      </input_file>
      <input_file id="fl-71">
         <path>C:\ti\ccs1281\ccs\tools\compiler\ti-cgt-armllvm_3.2.2.LTS\lib\armv7em-ti-none-eabi\c\</path>
         <kind>archive</kind>
         <file>libc.a</file>
         <name>strtoul.c.obj</name>
      </input_file>
      <input_file id="fl-72">
         <path>C:\ti\ccs1281\ccs\tools\compiler\ti-cgt-armllvm_3.2.2.LTS\lib\armv7em-ti-none-eabi\c\</path>
         <kind>archive</kind>
         <file>libc.a</file>
         <name>autoinit.c.obj</name>
      </input_file>
      <input_file id="fl-73">
         <path>C:\ti\ccs1281\ccs\tools\compiler\ti-cgt-armllvm_3.2.2.LTS\lib\armv7em-ti-none-eabi\c\</path>
         <kind>archive</kind>
         <file>libc.a</file>
         <name>cpy_tbl.c.obj</name>
      </input_file>
      <input_file id="fl-74">
         <path>C:\ti\ccs1281\ccs\tools\compiler\ti-cgt-armllvm_3.2.2.LTS\lib\armv7em-ti-none-eabi\c\</path>
         <kind>archive</kind>
         <file>libc.a</file>
         <name>copy_zero_init.c.obj</name>
      </input_file>
      <input_file id="fl-75">
         <path>C:\ti\ccs1281\ccs\tools\compiler\ti-cgt-armllvm_3.2.2.LTS\lib\armv7em-ti-none-eabi\c\</path>
         <kind>archive</kind>
         <file>libc.a</file>
         <name>copy_decompress_none.c.obj</name>
      </input_file>
      <input_file id="fl-76">
         <path>C:\ti\ccs1281\ccs\tools\compiler\ti-cgt-armllvm_3.2.2.LTS\lib\armv7em-ti-none-eabi\c\</path>
         <kind>archive</kind>
         <file>libc.a</file>
         <name>copy_decompress_lzss.c.obj</name>
      </input_file>
      <input_file id="fl-77">
         <path>C:\ti\ccs1281\ccs\tools\compiler\ti-cgt-armllvm_3.2.2.LTS\lib\armv7em-ti-none-eabi\c\</path>
         <kind>archive</kind>
         <file>libc.a</file>
         <name>_printfi.c.obj</name>
      </input_file>
      <input_file id="fl-78">
         <path>C:\ti\ccs1281\ccs\tools\compiler\ti-cgt-armllvm_3.2.2.LTS\lib\armv7em-ti-none-eabi\c\</path>
         <kind>archive</kind>
         <file>libc.a</file>
         <name>fflush.c.obj</name>
      </input_file>
      <input_file id="fl-79">
         <path>C:\ti\ccs1281\ccs\tools\compiler\ti-cgt-armllvm_3.2.2.LTS\lib\armv7em-ti-none-eabi\c\</path>
         <kind>archive</kind>
         <file>libc.a</file>
         <name>fopen.c.obj</name>
      </input_file>
      <input_file id="fl-7a">
         <path>C:\ti\ccs1281\ccs\tools\compiler\ti-cgt-armllvm_3.2.2.LTS\lib\armv7em-ti-none-eabi\c\</path>
         <kind>archive</kind>
         <file>libc.a</file>
         <name>fseek.c.obj</name>
      </input_file>
      <input_file id="fl-7b">
         <path>C:\ti\ccs1281\ccs\tools\compiler\ti-cgt-armllvm_3.2.2.LTS\lib\armv7em-ti-none-eabi\c\</path>
         <kind>archive</kind>
         <file>libc.a</file>
         <name>s_frexp.c.obj</name>
      </input_file>
      <input_file id="fl-7c">
         <path>C:\ti\ccs1281\ccs\tools\compiler\ti-cgt-armllvm_3.2.2.LTS\lib\armv7em-ti-none-eabi\c\</path>
         <kind>archive</kind>
         <file>libc.a</file>
         <name>s_scalbn.c.obj</name>
      </input_file>
      <input_file id="fl-7d">
         <path>C:\ti\ccs1281\ccs\tools\compiler\ti-cgt-armllvm_3.2.2.LTS\lib\armv7em-ti-none-eabi\c\</path>
         <kind>archive</kind>
         <file>libc.a</file>
         <name>aeabi_ctype.S.obj</name>
      </input_file>
      <input_file id="fl-7e">
         <path>C:\ti\ccs1281\ccs\tools\compiler\ti-cgt-armllvm_3.2.2.LTS\lib\armv7em-ti-none-eabi\c\</path>
         <kind>archive</kind>
         <file>libc.a</file>
         <name>_ltoa.c.obj</name>
      </input_file>
      <input_file id="fl-7f">
         <path>C:\ti\ccs1281\ccs\tools\compiler\ti-cgt-armllvm_3.2.2.LTS\lib\armv7em-ti-none-eabi\c\</path>
         <kind>archive</kind>
         <file>libc.a</file>
         <name>memccpy.c.obj</name>
      </input_file>
      <input_file id="fl-80">
         <path>C:\ti\ccs1281\ccs\tools\compiler\ti-cgt-armllvm_3.2.2.LTS\lib\armv7em-ti-none-eabi\c\</path>
         <kind>archive</kind>
         <file>libc.a</file>
         <name>wcslen.c.obj</name>
      </input_file>
      <input_file id="fl-81">
         <path>C:\ti\ccs1281\ccs\tools\compiler\ti-cgt-armllvm_3.2.2.LTS\lib\armv7em-ti-none-eabi\c\</path>
         <kind>archive</kind>
         <file>libc.a</file>
         <name>fclose.c.obj</name>
      </input_file>
      <input_file id="fl-e7">
         <path>C:\ti\ccs1281\ccs\tools\compiler\ti-cgt-armllvm_3.2.2.LTS\lib\armv7em-ti-none-eabi\c\</path>
         <kind>archive</kind>
         <file>libsysbm.a</file>
         <name>write.c.obj</name>
      </input_file>
      <input_file id="fl-e8">
         <path>C:\ti\ccs1281\ccs\tools\compiler\ti-cgt-armllvm_3.2.2.LTS\lib\armv7em-ti-none-eabi\c\</path>
         <kind>archive</kind>
         <file>libsysbm.a</file>
         <name>host_device.c.obj</name>
      </input_file>
      <input_file id="fl-e9">
         <path>C:\ti\ccs1281\ccs\tools\compiler\ti-cgt-armllvm_3.2.2.LTS\lib\armv7em-ti-none-eabi\c\</path>
         <kind>archive</kind>
         <file>libsysbm.a</file>
         <name>remove.c.obj</name>
      </input_file>
      <input_file id="fl-ea">
         <path>C:\ti\ccs1281\ccs\tools\compiler\ti-cgt-armllvm_3.2.2.LTS\lib\armv7em-ti-none-eabi\c\</path>
         <kind>archive</kind>
         <file>libsysbm.a</file>
         <name>open.c.obj</name>
      </input_file>
      <input_file id="fl-eb">
         <path>C:\ti\ccs1281\ccs\tools\compiler\ti-cgt-armllvm_3.2.2.LTS\lib\armv7em-ti-none-eabi\c\</path>
         <kind>archive</kind>
         <file>libsysbm.a</file>
         <name>lseek.c.obj</name>
      </input_file>
      <input_file id="fl-ec">
         <path>C:\ti\ccs1281\ccs\tools\compiler\ti-cgt-armllvm_3.2.2.LTS\lib\armv7em-ti-none-eabi\c\</path>
         <kind>archive</kind>
         <file>libsysbm.a</file>
         <name>close.c.obj</name>
      </input_file>
      <input_file id="fl-ed">
         <path>C:\ti\ccs1281\ccs\tools\compiler\ti-cgt-armllvm_3.2.2.LTS\lib\armv7em-ti-none-eabi\c\</path>
         <kind>archive</kind>
         <file>libsysbm.a</file>
         <name>unlink.c.obj</name>
      </input_file>
      <input_file id="fl-ee">
         <path>C:\ti\ccs1281\ccs\tools\compiler\ti-cgt-armllvm_3.2.2.LTS\lib\armv7em-ti-none-eabi\c\</path>
         <kind>archive</kind>
         <file>libsysbm.a</file>
         <name>hostclose.c.obj</name>
      </input_file>
      <input_file id="fl-ef">
         <path>C:\ti\ccs1281\ccs\tools\compiler\ti-cgt-armllvm_3.2.2.LTS\lib\armv7em-ti-none-eabi\c\</path>
         <kind>archive</kind>
         <file>libsysbm.a</file>
         <name>hostlseek.c.obj</name>
      </input_file>
      <input_file id="fl-f0">
         <path>C:\ti\ccs1281\ccs\tools\compiler\ti-cgt-armllvm_3.2.2.LTS\lib\armv7em-ti-none-eabi\c\</path>
         <kind>archive</kind>
         <file>libsysbm.a</file>
         <name>hostopen.c.obj</name>
      </input_file>
      <input_file id="fl-f1">
         <path>C:\ti\ccs1281\ccs\tools\compiler\ti-cgt-armllvm_3.2.2.LTS\lib\armv7em-ti-none-eabi\c\</path>
         <kind>archive</kind>
         <file>libsysbm.a</file>
         <name>hostread.c.obj</name>
      </input_file>
      <input_file id="fl-f2">
         <path>C:\ti\ccs1281\ccs\tools\compiler\ti-cgt-armllvm_3.2.2.LTS\lib\armv7em-ti-none-eabi\c\</path>
         <kind>archive</kind>
         <file>libsysbm.a</file>
         <name>hostrename.c.obj</name>
      </input_file>
      <input_file id="fl-f3">
         <path>C:\ti\ccs1281\ccs\tools\compiler\ti-cgt-armllvm_3.2.2.LTS\lib\armv7em-ti-none-eabi\c\</path>
         <kind>archive</kind>
         <file>libsysbm.a</file>
         <name>hostunlink.c.obj</name>
      </input_file>
      <input_file id="fl-f4">
         <path>C:\ti\ccs1281\ccs\tools\compiler\ti-cgt-armllvm_3.2.2.LTS\lib\armv7em-ti-none-eabi\c\</path>
         <kind>archive</kind>
         <file>libsysbm.a</file>
         <name>hostwrite.c.obj</name>
      </input_file>
      <input_file id="fl-f5">
         <path>C:\ti\ccs1281\ccs\tools\compiler\ti-cgt-armllvm_3.2.2.LTS\lib\armv7em-ti-none-eabi\c\</path>
         <kind>archive</kind>
         <file>libsysbm.a</file>
         <name>trgmsg.c.obj</name>
      </input_file>
      <input_file id="fl-f6">
         <path>C:\ti\ccs1281\ccs\tools\compiler\ti-cgt-armllvm_3.2.2.LTS\lib\clang\15.0.7\lib\armv7em-ti-none-eabi\</path>
         <kind>archive</kind>
         <file>libclang_rt.builtins.a</file>
         <name>adddf3.S.obj</name>
      </input_file>
      <input_file id="fl-f7">
         <path>C:\ti\ccs1281\ccs\tools\compiler\ti-cgt-armllvm_3.2.2.LTS\lib\clang\15.0.7\lib\armv7em-ti-none-eabi\</path>
         <kind>archive</kind>
         <file>libclang_rt.builtins.a</file>
         <name>muldf3.S.obj</name>
      </input_file>
      <input_file id="fl-f8">
         <path>C:\ti\ccs1281\ccs\tools\compiler\ti-cgt-armllvm_3.2.2.LTS\lib\clang\15.0.7\lib\armv7em-ti-none-eabi\</path>
         <kind>archive</kind>
         <file>libclang_rt.builtins.a</file>
         <name>divdf3.S.obj</name>
      </input_file>
      <input_file id="fl-f9">
         <path>C:\ti\ccs1281\ccs\tools\compiler\ti-cgt-armllvm_3.2.2.LTS\lib\clang\15.0.7\lib\armv7em-ti-none-eabi\</path>
         <kind>archive</kind>
         <file>libclang_rt.builtins.a</file>
         <name>extendsfdf2.S.obj</name>
      </input_file>
      <input_file id="fl-fa">
         <path>C:\ti\ccs1281\ccs\tools\compiler\ti-cgt-armllvm_3.2.2.LTS\lib\clang\15.0.7\lib\armv7em-ti-none-eabi\</path>
         <kind>archive</kind>
         <file>libclang_rt.builtins.a</file>
         <name>fixdfsi.S.obj</name>
      </input_file>
      <input_file id="fl-fb">
         <path>C:\ti\ccs1281\ccs\tools\compiler\ti-cgt-armllvm_3.2.2.LTS\lib\clang\15.0.7\lib\armv7em-ti-none-eabi\</path>
         <kind>archive</kind>
         <file>libclang_rt.builtins.a</file>
         <name>fixunsdfsi.S.obj</name>
      </input_file>
      <input_file id="fl-fc">
         <path>C:\ti\ccs1281\ccs\tools\compiler\ti-cgt-armllvm_3.2.2.LTS\lib\clang\15.0.7\lib\armv7em-ti-none-eabi\</path>
         <kind>archive</kind>
         <file>libclang_rt.builtins.a</file>
         <name>floatsidf.S.obj</name>
      </input_file>
      <input_file id="fl-fd">
         <path>C:\ti\ccs1281\ccs\tools\compiler\ti-cgt-armllvm_3.2.2.LTS\lib\clang\15.0.7\lib\armv7em-ti-none-eabi\</path>
         <kind>archive</kind>
         <file>libclang_rt.builtins.a</file>
         <name>aeabi_dcmp.S.obj</name>
      </input_file>
      <input_file id="fl-fe">
         <path>C:\ti\ccs1281\ccs\tools\compiler\ti-cgt-armllvm_3.2.2.LTS\lib\clang\15.0.7\lib\armv7em-ti-none-eabi\</path>
         <kind>archive</kind>
         <file>libclang_rt.builtins.a</file>
         <name>aeabi_memcpy.S.obj</name>
      </input_file>
      <input_file id="fl-ff">
         <path>C:\ti\ccs1281\ccs\tools\compiler\ti-cgt-armllvm_3.2.2.LTS\lib\clang\15.0.7\lib\armv7em-ti-none-eabi\</path>
         <kind>archive</kind>
         <file>libclang_rt.builtins.a</file>
         <name>aeabi_memset.S.obj</name>
      </input_file>
      <input_file id="fl-100">
         <path>C:\ti\ccs1281\ccs\tools\compiler\ti-cgt-armllvm_3.2.2.LTS\lib\clang\15.0.7\lib\armv7em-ti-none-eabi\</path>
         <kind>archive</kind>
         <file>libclang_rt.builtins.a</file>
         <name>aeabi_uldivmod.S.obj</name>
      </input_file>
      <input_file id="fl-101">
         <path>C:\ti\ccs1281\ccs\tools\compiler\ti-cgt-armllvm_3.2.2.LTS\lib\clang\15.0.7\lib\armv7em-ti-none-eabi\</path>
         <kind>archive</kind>
         <file>libclang_rt.builtins.a</file>
         <name>udivmoddi4.S.obj</name>
      </input_file>
      <input_file id="fl-102">
         <path>C:\ti\ccs1281\ccs\tools\compiler\ti-cgt-armllvm_3.2.2.LTS\lib\clang\15.0.7\lib\armv7em-ti-none-eabi\</path>
         <kind>archive</kind>
         <file>libclang_rt.builtins.a</file>
         <name>comparedf2.c.obj</name>
      </input_file>
      <input_file id="fl-103">
         <path>C:\ti\ccs1281\ccs\tools\compiler\ti-cgt-armllvm_3.2.2.LTS\lib\clang\15.0.7\lib\armv7em-ti-none-eabi\</path>
         <kind>archive</kind>
         <file>libclang_rt.builtins.a</file>
         <name>aeabi_div0.c.obj</name>
      </input_file>
      <input_file id="fl-104">
         <path>C:\ti\ccs1281\ccs\tools\compiler\ti-cgt-armllvm_3.2.2.LTS\lib\armv7em-ti-none-eabi\c\</path>
         <kind>archive</kind>
         <file>libc.a</file>
         <name>getdevice.c.obj</name>
      </input_file>
      <input_file id="fl-105">
         <path>C:\ti\ccs1281\ccs\tools\compiler\ti-cgt-armllvm_3.2.2.LTS\lib\armv7em-ti-none-eabi\c\</path>
         <kind>archive</kind>
         <file>libc.a</file>
         <name>memcpy_t2.S.obj</name>
      </input_file>
      <input_file id="fl-106">
         <path>C:\ti\ccs1281\ccs\tools\compiler\ti-cgt-armllvm_3.2.2.LTS\lib\armv7em-ti-none-eabi\c\</path>
         <kind>archive</kind>
         <file>libc.a</file>
         <name>memset_t2.S.obj</name>
      </input_file>
   </input_file_list>
   <object_component_list>
      <object_component id="oc-1b">
         <name>.resetVecs</name>
         <load_address>0x20004000</load_address>
         <readonly>true</readonly>
         <run_address>0x20004000</run_address>
         <size>0x3c</size>
         <alignment>0x4</alignment>
         <input_file_ref idref="fl-4"/>
      </object_component>
      <object_component id="oc-27f">
         <name>.text._SlDrvMsgRead</name>
         <load_address>0x20004040</load_address>
         <readonly>true</readonly>
         <executable>true</executable>
         <run_address>0x20004040</run_address>
         <size>0xa36</size>
         <alignment>0x4</alignment>
         <input_file_ref idref="fl-2a"/>
      </object_component>
      <object_component id="oc-19b">
         <name>.text.BIOS_nullFunc</name>
         <load_address>0x20004a76</load_address>
         <readonly>true</readonly>
         <executable>true</executable>
         <run_address>0x20004a76</run_address>
         <size>0x2</size>
         <alignment>0x2</alignment>
         <input_file_ref idref="fl-4"/>
      </object_component>
      <object_component id="oc-5ee">
         <name>.text:__TI_printfi</name>
         <load_address>0x20004a78</load_address>
         <readonly>true</readonly>
         <executable>true</executable>
         <run_address>0x20004a78</run_address>
         <size>0x9d8</size>
         <alignment>0x4</alignment>
         <input_file_ref idref="fl-77"/>
      </object_component>
      <object_component id="oc-4f2">
         <name>.text.HTTPClient_sendRequest</name>
         <load_address>0x20005450</load_address>
         <readonly>true</readonly>
         <executable>true</executable>
         <run_address>0x20005450</run_address>
         <size>0x648</size>
         <alignment>0x4</alignment>
         <input_file_ref idref="fl-40"/>
      </object_component>
      <object_component id="oc-3f6">
         <name>.text._SlSocketHandleAsync_Select</name>
         <load_address>0x20005a98</load_address>
         <readonly>true</readonly>
         <executable>true</executable>
         <run_address>0x20005a98</run_address>
         <size>0x50a</size>
         <alignment>0x2</alignment>
         <input_file_ref idref="fl-30"/>
      </object_component>
      <object_component id="oc-c3">
         <name>.text.PRCMCC3200MCUInit</name>
         <load_address>0x20005fa2</load_address>
         <readonly>true</readonly>
         <executable>true</executable>
         <run_address>0x20005fa2</run_address>
         <size>0x4b8</size>
         <alignment>0x2</alignment>
         <input_file_ref idref="fl-4d"/>
      </object_component>
      <object_component id="oc-1eb">
         <name>.text._SlDrvMsgWrite</name>
         <load_address>0x2000645a</load_address>
         <readonly>true</readonly>
         <executable>true</executable>
         <run_address>0x2000645a</run_address>
         <size>0x414</size>
         <alignment>0x2</alignment>
         <input_file_ref idref="fl-2a"/>
      </object_component>
      <object_component id="oc-d3">
         <name>.text.Board_initHook</name>
         <load_address>0x2000686e</load_address>
         <readonly>true</readonly>
         <executable>true</executable>
         <run_address>0x2000686e</run_address>
         <size>0x2</size>
         <alignment>0x2</alignment>
         <input_file_ref idref="fl-2"/>
      </object_component>
      <object_component id="oc-54b">
         <name>.text.manageResponseHeaders</name>
         <load_address>0x20006870</load_address>
         <readonly>true</readonly>
         <executable>true</executable>
         <run_address>0x20006870</run_address>
         <size>0x410</size>
         <alignment>0x4</alignment>
         <input_file_ref idref="fl-40"/>
      </object_component>
      <object_component id="oc-23c">
         <name>.text.Power_sleep</name>
         <load_address>0x20006c80</load_address>
         <readonly>true</readonly>
         <executable>true</executable>
         <run_address>0x20006c80</run_address>
         <size>0x3e4</size>
         <alignment>0x4</alignment>
         <input_file_ref idref="fl-36"/>
      </object_component>
      <object_component id="oc-16f">
         <name>.text._SlDrvReleasePoolObj</name>
         <load_address>0x20007064</load_address>
         <readonly>true</readonly>
         <executable>true</executable>
         <run_address>0x20007064</run_address>
         <size>0x3b2</size>
         <alignment>0x2</alignment>
         <input_file_ref idref="fl-2a"/>
      </object_component>
      <object_component id="oc-318">
         <name>.text._SlDrvRxHdrRead</name>
         <load_address>0x20007416</load_address>
         <readonly>true</readonly>
         <executable>true</executable>
         <run_address>0x20007416</run_address>
         <size>0x3ae</size>
         <alignment>0x2</alignment>
         <input_file_ref idref="fl-2a"/>
      </object_component>
      <object_component id="oc-1ed">
         <name>.text._SlDrvWaitForPoolObj</name>
         <load_address>0x200077c4</load_address>
         <readonly>true</readonly>
         <executable>true</executable>
         <run_address>0x200077c4</run_address>
         <size>0x3a4</size>
         <alignment>0x2</alignment>
         <input_file_ref idref="fl-2a"/>
      </object_component>
      <object_component id="oc-569">
         <name>.text.sl_Select</name>
         <load_address>0x20007b68</load_address>
         <readonly>true</readonly>
         <executable>true</executable>
         <run_address>0x20007b68</run_address>
         <size>0x368</size>
         <alignment>0x2</alignment>
         <input_file_ref idref="fl-30"/>
      </object_component>
      <object_component id="oc-3de">
         <name>.text.ti_sysbios_runtime_System_doPrint</name>
         <load_address>0x20007ed0</load_address>
         <readonly>true</readonly>
         <executable>true</executable>
         <run_address>0x20007ed0</run_address>
         <size>0x34c</size>
         <alignment>0x4</alignment>
         <input_file_ref idref="fl-4"/>
      </object_component>
      <object_component id="oc-5be">
         <name>.text._SlDrvDataReadOp</name>
         <load_address>0x2000821c</load_address>
         <readonly>true</readonly>
         <executable>true</executable>
         <run_address>0x2000821c</run_address>
         <size>0x2f6</size>
         <alignment>0x2</alignment>
         <input_file_ref idref="fl-2a"/>
      </object_component>
      <object_component id="oc-17c">
         <name>.text.sl_WlanConnect</name>
         <load_address>0x20008512</load_address>
         <readonly>true</readonly>
         <executable>true</executable>
         <run_address>0x20008512</run_address>
         <size>0x2dc</size>
         <alignment>0x2</alignment>
         <input_file_ref idref="fl-32"/>
      </object_component>
      <object_component id="oc-24b">
         <name>.text.GPIOIntClear</name>
         <load_address>0x200087ee</load_address>
         <readonly>true</readonly>
         <executable>true</executable>
         <run_address>0x200087ee</run_address>
         <size>0x12</size>
         <alignment>0x2</alignment>
         <input_file_ref idref="fl-49"/>
      </object_component>
      <object_component id="oc-5a9">
         <name>.text:strcmp</name>
         <load_address>0x20008800</load_address>
         <readonly>true</readonly>
         <executable>true</executable>
         <run_address>0x20008800</run_address>
         <size>0x2dc</size>
         <alignment>0x20</alignment>
         <input_file_ref idref="fl-67"/>
      </object_component>
      <object_component id="oc-5c0">
         <name>.text._SlDrvDataWriteOp</name>
         <load_address>0x20008adc</load_address>
         <readonly>true</readonly>
         <executable>true</executable>
         <run_address>0x20008adc</run_address>
         <size>0x2be</size>
         <alignment>0x2</alignment>
         <input_file_ref idref="fl-2a"/>
      </object_component>
      <object_component id="oc-1ec">
         <name>.text._SlDrvMsgReadCmdCtx</name>
         <load_address>0x20008d9a</load_address>
         <readonly>true</readonly>
         <executable>true</executable>
         <run_address>0x20008d9a</run_address>
         <size>0x2aa</size>
         <alignment>0x2</alignment>
         <input_file_ref idref="fl-2a"/>
      </object_component>
      <object_component id="oc-1e3">
         <name>.text._SlDrvDriverCBInit</name>
         <load_address>0x20009044</load_address>
         <readonly>true</readonly>
         <executable>true</executable>
         <run_address>0x20009044</run_address>
         <size>0x2a2</size>
         <alignment>0x2</alignment>
         <input_file_ref idref="fl-2a"/>
      </object_component>
      <object_component id="oc-268">
         <name>.text.DisplayUart2Min_clear</name>
         <load_address>0x200092e6</load_address>
         <readonly>true</readonly>
         <executable>true</executable>
         <run_address>0x200092e6</run_address>
         <size>0x2</size>
         <alignment>0x2</alignment>
         <input_file_ref idref="fl-26"/>
      </object_component>
      <object_component id="oc-53f">
         <name>.text.HTTPClient_connect2</name>
         <load_address>0x200092e8</load_address>
         <readonly>true</readonly>
         <executable>true</executable>
         <run_address>0x200092e8</run_address>
         <size>0x284</size>
         <alignment>0x4</alignment>
         <input_file_ref idref="fl-40"/>
      </object_component>
      <object_component id="oc-f0">
         <name>.text.sl_Stop</name>
         <load_address>0x2000956c</load_address>
         <readonly>true</readonly>
         <executable>true</executable>
         <run_address>0x2000956c</run_address>
         <size>0x272</size>
         <alignment>0x2</alignment>
         <input_file_ref idref="fl-29"/>
      </object_component>
      <object_component id="oc-573">
         <name>.text.sl_NetAppPing</name>
         <load_address>0x200097de</load_address>
         <readonly>true</readonly>
         <executable>true</executable>
         <run_address>0x200097de</run_address>
         <size>0x258</size>
         <alignment>0x2</alignment>
         <input_file_ref idref="fl-2d"/>
      </object_component>
      <object_component id="oc-269">
         <name>.text.DisplayUart2Min_clearLines</name>
         <load_address>0x20009a36</load_address>
         <readonly>true</readonly>
         <executable>true</executable>
         <run_address>0x20009a36</run_address>
         <size>0x2</size>
         <alignment>0x2</alignment>
         <input_file_ref idref="fl-26"/>
      </object_component>
      <object_component id="oc-605">
         <name>.text._pconv_a</name>
         <load_address>0x20009a38</load_address>
         <readonly>true</readonly>
         <executable>true</executable>
         <run_address>0x20009a38</run_address>
         <size>0x228</size>
         <alignment>0x4</alignment>
         <input_file_ref idref="fl-77"/>
      </object_component>
      <object_component id="oc-39f">
         <name>.text._SlNetAppEventHandler</name>
         <load_address>0x20009c60</load_address>
         <readonly>true</readonly>
         <executable>true</executable>
         <run_address>0x20009c60</run_address>
         <size>0x226</size>
         <alignment>0x2</alignment>
         <input_file_ref idref="fl-2d"/>
      </object_component>
      <object_component id="oc-38b">
         <name>.text.UART2CC32XX_hwiIntFxn</name>
         <load_address>0x20009e86</load_address>
         <readonly>true</readonly>
         <executable>true</executable>
         <run_address>0x20009e86</run_address>
         <size>0x222</size>
         <alignment>0x2</alignment>
         <input_file_ref idref="fl-3b"/>
      </object_component>
      <object_component id="oc-172">
         <name>.text._SlDrvReleaseAllActivePendingPoolObj</name>
         <load_address>0x2000a0a8</load_address>
         <readonly>true</readonly>
         <executable>true</executable>
         <run_address>0x2000a0a8</run_address>
         <size>0x218</size>
         <alignment>0x2</alignment>
         <input_file_ref idref="fl-2a"/>
      </object_component>
      <object_component id="oc-565">
         <name>.text.sl_Accept</name>
         <load_address>0x2000a2c0</load_address>
         <readonly>true</readonly>
         <executable>true</executable>
         <run_address>0x2000a2c0</run_address>
         <size>0x202</size>
         <alignment>0x2</alignment>
         <input_file_ref idref="fl-30"/>
      </object_component>
      <object_component id="oc-262">
         <name>.text.DisplayUart2Min_init</name>
         <load_address>0x2000a4c2</load_address>
         <readonly>true</readonly>
         <executable>true</executable>
         <run_address>0x2000a4c2</run_address>
         <size>0x2</size>
         <alignment>0x2</alignment>
         <input_file_ref idref="fl-26"/>
      </object_component>
      <object_component id="oc-4f3">
         <name>.text.HTTPClient_readResponseBody</name>
         <load_address>0x2000a4c4</load_address>
         <readonly>true</readonly>
         <executable>true</executable>
         <run_address>0x2000a4c4</run_address>
         <size>0x1ec</size>
         <alignment>0x4</alignment>
         <input_file_ref idref="fl-40"/>
      </object_component>
      <object_component id="oc-5b9">
         <name>.text._SlDrvRegisterForSelectAsync</name>
         <load_address>0x2000a6b0</load_address>
         <readonly>true</readonly>
         <executable>true</executable>
         <run_address>0x2000a6b0</run_address>
         <size>0x1ea</size>
         <alignment>0x2</alignment>
         <input_file_ref idref="fl-30"/>
      </object_component>
      <object_component id="oc-292">
         <name>.text.SimpleLinkFatalErrorEventHandler</name>
         <load_address>0x2000a89a</load_address>
         <readonly>true</readonly>
         <executable>true</executable>
         <run_address>0x2000a89a</run_address>
         <size>0x2</size>
         <alignment>0x2</alignment>
         <input_file_ref idref="fl-a"/>
      </object_component>
      <object_component id="oc-608">
         <name>.text._pconv_g</name>
         <load_address>0x2000a89c</load_address>
         <readonly>true</readonly>
         <executable>true</executable>
         <run_address>0x2000a89c</run_address>
         <size>0x1e8</size>
         <alignment>0x4</alignment>
         <input_file_ref idref="fl-77"/>
      </object_component>
      <object_component id="oc-31d">
         <name>.text._SlDrvFindAndSetActiveObj</name>
         <load_address>0x2000aa84</load_address>
         <readonly>true</readonly>
         <executable>true</executable>
         <run_address>0x2000aa84</run_address>
         <size>0x1de</size>
         <alignment>0x2</alignment>
         <input_file_ref idref="fl-2a"/>
      </object_component>
      <object_component id="oc-4a3">
         <name>.text.SimpleLinkGeneralEventHandler</name>
         <load_address>0x2000ac62</load_address>
         <readonly>true</readonly>
         <executable>true</executable>
         <run_address>0x2000ac62</run_address>
         <size>0x2</size>
         <alignment>0x2</alignment>
         <input_file_ref idref="fl-a"/>
      </object_component>
      <object_component id="oc-308">
         <name>.text.UART2_open</name>
         <load_address>0x2000ac64</load_address>
         <readonly>true</readonly>
         <executable>true</executable>
         <run_address>0x2000ac64</run_address>
         <size>0x1cc</size>
         <alignment>0x4</alignment>
         <input_file_ref idref="fl-3b"/>
      </object_component>
      <object_component id="oc-568">
         <name>.text.sl_Connect</name>
         <load_address>0x2000ae30</load_address>
         <readonly>true</readonly>
         <executable>true</executable>
         <run_address>0x2000ae30</run_address>
         <size>0x1bc</size>
         <alignment>0x2</alignment>
         <input_file_ref idref="fl-30"/>
      </object_component>
      <object_component id="oc-494">
         <name>.text.adddf3_subdf3</name>
         <load_address>0x2000afec</load_address>
         <readonly>true</readonly>
         <executable>true</executable>
         <run_address>0x2000afec</run_address>
         <size>0x1b6</size>
         <alignment>0x4</alignment>
         <input_file_ref idref="fl-f6"/>
      </object_component>
      <object_component id="oc-572">
         <name>.text.sl_NetAppDnsGetHostByName</name>
         <load_address>0x2000b1a2</load_address>
         <readonly>true</readonly>
         <executable>true</executable>
         <run_address>0x2000b1a2</run_address>
         <size>0x1ac</size>
         <alignment>0x2</alignment>
         <input_file_ref idref="fl-2d"/>
      </object_component>
      <object_component id="oc-25d">
         <name>.text.SPICC32XXDMA_transfer</name>
         <load_address>0x2000b34e</load_address>
         <readonly>true</readonly>
         <executable>true</executable>
         <run_address>0x2000b34e</run_address>
         <size>0x1a4</size>
         <alignment>0x2</alignment>
         <input_file_ref idref="fl-39"/>
      </object_component>
      <object_component id="oc-56d">
         <name>.text.sl_RecvFrom</name>
         <load_address>0x2000b4f2</load_address>
         <readonly>true</readonly>
         <executable>true</executable>
         <run_address>0x2000b4f2</run_address>
         <size>0x19c</size>
         <alignment>0x2</alignment>
         <input_file_ref idref="fl-30"/>
      </object_component>
      <object_component id="oc-4b3">
         <name>.text.SimpleLinkHttpServerEventHandler</name>
         <load_address>0x2000b68e</load_address>
         <readonly>true</readonly>
         <executable>true</executable>
         <run_address>0x2000b68e</run_address>
         <size>0x2</size>
         <alignment>0x2</alignment>
         <input_file_ref idref="fl-a"/>
      </object_component>
      <object_component id="oc-277">
         <name>.text._SlDrvMsgReadSpawnCtx</name>
         <load_address>0x2000b690</load_address>
         <readonly>true</readonly>
         <executable>true</executable>
         <run_address>0x2000b690</run_address>
         <size>0x194</size>
         <alignment>0x4</alignment>
         <input_file_ref idref="fl-2a"/>
      </object_component>
      <object_component id="oc-571">
         <name>.text.sl_StartTLS</name>
         <load_address>0x2000b824</load_address>
         <readonly>true</readonly>
         <executable>true</executable>
         <run_address>0x2000b824</run_address>
         <size>0x188</size>
         <alignment>0x2</alignment>
         <input_file_ref idref="fl-30"/>
      </object_component>
      <object_component id="oc-451">
         <name>.text._SlDrvGetNextTimeoutValue</name>
         <load_address>0x2000b9ac</load_address>
         <readonly>true</readonly>
         <executable>true</executable>
         <run_address>0x2000b9ac</run_address>
         <size>0x180</size>
         <alignment>0x2</alignment>
         <input_file_ref idref="fl-30"/>
      </object_component>
      <object_component id="oc-4af">
         <name>.text.httpsTask</name>
         <load_address>0x2000bb2c</load_address>
         <readonly>true</readonly>
         <executable>true</executable>
         <run_address>0x2000bb2c</run_address>
         <size>0x17c</size>
         <alignment>0x4</alignment>
         <input_file_ref idref="fl-8"/>
      </object_component>
      <object_component id="oc-17a">
         <name>.text._SlDrvDriverCBDeinit</name>
         <load_address>0x2000bca8</load_address>
         <readonly>true</readonly>
         <executable>true</executable>
         <run_address>0x2000bca8</run_address>
         <size>0x17a</size>
         <alignment>0x2</alignment>
         <input_file_ref idref="fl-2a"/>
      </object_component>
      <object_component id="oc-280">
         <name>.text._SlSpawnMsgListInsert</name>
         <load_address>0x2000be22</load_address>
         <readonly>true</readonly>
         <executable>true</executable>
         <run_address>0x2000be22</run_address>
         <size>0x17a</size>
         <alignment>0x2</alignment>
         <input_file_ref idref="fl-2a"/>
      </object_component>
      <object_component id="oc-166">
         <name>.text.sl_Start</name>
         <load_address>0x2000bf9c</load_address>
         <readonly>true</readonly>
         <executable>true</executable>
         <run_address>0x2000bf9c</run_address>
         <size>0x176</size>
         <alignment>0x2</alignment>
         <input_file_ref idref="fl-29"/>
      </object_component>
      <object_component id="oc-3e0">
         <name>.text.UART2_writeTimeoutBlocking</name>
         <load_address>0x2000c112</load_address>
         <readonly>true</readonly>
         <executable>true</executable>
         <run_address>0x2000c112</run_address>
         <size>0x174</size>
         <alignment>0x2</alignment>
         <input_file_ref idref="fl-3a"/>
      </object_component>
      <object_component id="oc-5c1">
         <name>.text._SlSocketHandleAsync_StartTLS</name>
         <load_address>0x2000c286</load_address>
         <readonly>true</readonly>
         <executable>true</executable>
         <run_address>0x2000c286</run_address>
         <size>0x16c</size>
         <alignment>0x2</alignment>
         <input_file_ref idref="fl-30"/>
      </object_component>
      <object_component id="oc-1e9">
         <name>.text._SlDrvObjGlobalLockWaitForever</name>
         <load_address>0x2000c3f2</load_address>
         <readonly>true</readonly>
         <executable>true</executable>
         <run_address>0x2000c3f2</run_address>
         <size>0x16a</size>
         <alignment>0x2</alignment>
         <input_file_ref idref="fl-2a"/>
      </object_component>
      <object_component id="oc-316">
         <name>.text._SlDrvAsyncEventGenericHandler</name>
         <load_address>0x2000c55c</load_address>
         <readonly>true</readonly>
         <executable>true</executable>
         <run_address>0x2000c55c</run_address>
         <size>0x166</size>
         <alignment>0x2</alignment>
         <input_file_ref idref="fl-2a"/>
      </object_component>
      <object_component id="oc-31a">
         <name>.text._SlDrvClassifyRxMsg</name>
         <load_address>0x2000c6c2</load_address>
         <readonly>true</readonly>
         <executable>true</executable>
         <run_address>0x2000c6c2</run_address>
         <size>0x162</size>
         <alignment>0x2</alignment>
         <input_file_ref idref="fl-2a"/>
      </object_component>
      <object_component id="oc-58e">
         <name>.text.SlNetSock_connectURI</name>
         <load_address>0x2000c824</load_address>
         <readonly>true</readonly>
         <executable>true</executable>
         <run_address>0x2000c824</run_address>
         <size>0x160</size>
         <alignment>0x2</alignment>
         <input_file_ref idref="fl-40"/>
      </object_component>
      <object_component id="oc-5db">
         <name>.text.SlNetUtil_inetPton</name>
         <load_address>0x2000c984</load_address>
         <readonly>true</readonly>
         <executable>true</executable>
         <run_address>0x2000c984</run_address>
         <size>0x15c</size>
         <alignment>0x4</alignment>
         <input_file_ref idref="fl-42"/>
      </object_component>
      <object_component id="oc-9f">
         <name>.text.mainThread</name>
         <load_address>0x2000cae0</load_address>
         <readonly>true</readonly>
         <executable>true</executable>
         <run_address>0x2000cae0</run_address>
         <size>0x158</size>
         <alignment>0x4</alignment>
         <input_file_ref idref="fl-a"/>
      </object_component>
      <object_component id="oc-169">
         <name>.text._SlDrvCmdOp</name>
         <load_address>0x2000cc38</load_address>
         <readonly>true</readonly>
         <executable>true</executable>
         <run_address>0x2000cc38</run_address>
         <size>0x154</size>
         <alignment>0x2</alignment>
         <input_file_ref idref="fl-2a"/>
      </object_component>
      <object_component id="oc-57c">
         <name>.text.sl_FsOpen</name>
         <load_address>0x2000cd8c</load_address>
         <readonly>true</readonly>
         <executable>true</executable>
         <run_address>0x2000cd8c</run_address>
         <size>0x14e</size>
         <alignment>0x2</alignment>
         <input_file_ref idref="fl-2c"/>
      </object_component>
      <object_component id="oc-4b4">
         <name>.text.SimpleLinkNetAppRequestEventHandler</name>
         <load_address>0x2000ceda</load_address>
         <readonly>true</readonly>
         <executable>true</executable>
         <run_address>0x2000ceda</run_address>
         <size>0x2</size>
         <alignment>0x2</alignment>
         <input_file_ref idref="fl-a"/>
      </object_component>
      <object_component id="oc-2f0">
         <name>.text.configDMA</name>
         <load_address>0x2000cedc</load_address>
         <readonly>true</readonly>
         <executable>true</executable>
         <run_address>0x2000cedc</run_address>
         <size>0x14c</size>
         <alignment>0x4</alignment>
         <input_file_ref idref="fl-39"/>
      </object_component>
      <object_component id="oc-53d">
         <name>.text.parseURI</name>
         <load_address>0x2000d028</load_address>
         <readonly>true</readonly>
         <executable>true</executable>
         <run_address>0x2000d028</run_address>
         <size>0x14c</size>
         <alignment>0x4</alignment>
         <input_file_ref idref="fl-40"/>
      </object_component>
      <object_component id="oc-149">
         <name>.text.GPIO_setConfig</name>
         <load_address>0x2000d174</load_address>
         <readonly>true</readonly>
         <executable>true</executable>
         <run_address>0x2000d174</run_address>
         <size>0x140</size>
         <alignment>0x4</alignment>
         <input_file_ref idref="fl-35"/>
      </object_component>
      <object_component id="oc-3e5">
         <name>.text._SlDeviceEventHandler</name>
         <load_address>0x2000d2b4</load_address>
         <readonly>true</readonly>
         <executable>true</executable>
         <run_address>0x2000d2b4</run_address>
         <size>0x140</size>
         <alignment>0x2</alignment>
         <input_file_ref idref="fl-29"/>
      </object_component>
      <object_component id="oc-629">
         <name>.text.fcvt</name>
         <load_address>0x2000d3f4</load_address>
         <readonly>true</readonly>
         <executable>true</executable>
         <run_address>0x2000d3f4</run_address>
         <size>0x13c</size>
         <alignment>0x4</alignment>
         <input_file_ref idref="fl-77"/>
      </object_component>
      <object_component id="oc-25c">
         <name>.text.SPICC32XXDMA_open</name>
         <load_address>0x2000d530</load_address>
         <readonly>true</readonly>
         <executable>true</executable>
         <run_address>0x2000d530</run_address>
         <size>0x138</size>
         <alignment>0x4</alignment>
         <input_file_ref idref="fl-39"/>
      </object_component>
      <object_component id="oc-625">
         <name>.text.__divdf3</name>
         <load_address>0x2000d668</load_address>
         <readonly>true</readonly>
         <executable>true</executable>
         <run_address>0x2000d668</run_address>
         <size>0x136</size>
         <alignment>0x4</alignment>
         <input_file_ref idref="fl-f8"/>
      </object_component>
      <object_component id="oc-4f1">
         <name>.text.HTTPClient_connect</name>
         <load_address>0x2000d79e</load_address>
         <readonly>true</readonly>
         <executable>true</executable>
         <run_address>0x2000d79e</run_address>
         <size>0x132</size>
         <alignment>0x2</alignment>
         <input_file_ref idref="fl-40"/>
      </object_component>
      <object_component id="oc-57d">
         <name>.text.sl_FsWrite</name>
         <load_address>0x2000d8d0</load_address>
         <readonly>true</readonly>
         <executable>true</executable>
         <run_address>0x2000d8d0</run_address>
         <size>0x130</size>
         <alignment>0x2</alignment>
         <input_file_ref idref="fl-2c"/>
      </object_component>
      <object_component id="oc-16e">
         <name>.text._SlDrvWaitForInternalAsyncEvent</name>
         <load_address>0x2000da00</load_address>
         <readonly>true</readonly>
         <executable>true</executable>
         <run_address>0x2000da00</run_address>
         <size>0x12e</size>
         <alignment>0x2</alignment>
         <input_file_ref idref="fl-2a"/>
      </object_component>
      <object_component id="oc-56f">
         <name>.text.sl_SendTo</name>
         <load_address>0x2000db2e</load_address>
         <readonly>true</readonly>
         <executable>true</executable>
         <run_address>0x2000db2e</run_address>
         <size>0x12a</size>
         <alignment>0x2</alignment>
         <input_file_ref idref="fl-30"/>
      </object_component>
      <object_component id="oc-4f0">
         <name>.text.HTTPClient_setHeader</name>
         <load_address>0x2000dc58</load_address>
         <readonly>true</readonly>
         <executable>true</executable>
         <run_address>0x2000dc58</run_address>
         <size>0x128</size>
         <alignment>0x4</alignment>
         <input_file_ref idref="fl-40"/>
      </object_component>
      <object_component id="oc-3eb">
         <name>.text._SlNetAppHandleAsync_DnsGetHostByService</name>
         <load_address>0x2000dd80</load_address>
         <readonly>true</readonly>
         <executable>true</executable>
         <run_address>0x2000dd80</run_address>
         <size>0x128</size>
         <alignment>0x2</alignment>
         <input_file_ref idref="fl-2d"/>
      </object_component>
      <object_component id="oc-535">
         <name>.text.SlNetIfWifi_loadSecObj</name>
         <load_address>0x2000dea8</load_address>
         <readonly>true</readonly>
         <executable>true</executable>
         <run_address>0x2000dea8</run_address>
         <size>0x126</size>
         <alignment>0x2</alignment>
         <input_file_ref idref="fl-27"/>
      </object_component>
      <object_component id="oc-44e">
         <name>.text.SimpleLinkNetAppRequestMemFreeEventHandler</name>
         <load_address>0x2000dfce</load_address>
         <readonly>true</readonly>
         <executable>true</executable>
         <run_address>0x2000dfce</run_address>
         <size>0x2</size>
         <alignment>0x2</alignment>
         <input_file_ref idref="fl-a"/>
      </object_component>
      <object_component id="oc-4e3">
         <name>.text.SlNetIf_add</name>
         <load_address>0x2000dfd0</load_address>
         <readonly>true</readonly>
         <executable>true</executable>
         <run_address>0x2000dfd0</run_address>
         <size>0x120</size>
         <alignment>0x4</alignment>
         <input_file_ref idref="fl-43"/>
      </object_component>
      <object_component id="oc-558">
         <name>.text.strtoul</name>
         <load_address>0x2000e0f0</load_address>
         <readonly>true</readonly>
         <executable>true</executable>
         <run_address>0x2000e0f0</run_address>
         <size>0x11c</size>
         <alignment>0x4</alignment>
         <input_file_ref idref="fl-71"/>
      </object_component>
      <object_component id="oc-3df">
         <name>.text.UART2_writeTimeoutNonblocking</name>
         <load_address>0x2000e20c</load_address>
         <readonly>true</readonly>
         <executable>true</executable>
         <run_address>0x2000e20c</run_address>
         <size>0x11a</size>
         <alignment>0x2</alignment>
         <input_file_ref idref="fl-3a"/>
      </object_component>
      <object_component id="oc-447">
         <name>.text.SimpleLinkSockEventHandler</name>
         <load_address>0x2000e326</load_address>
         <readonly>true</readonly>
         <executable>true</executable>
         <run_address>0x2000e326</run_address>
         <size>0x2</size>
         <alignment>0x2</alignment>
         <input_file_ref idref="fl-a"/>
      </object_component>
      <object_component id="oc-606">
         <name>.text._pconv_e</name>
         <load_address>0x2000e328</load_address>
         <readonly>true</readonly>
         <executable>true</executable>
         <run_address>0x2000e328</run_address>
         <size>0x118</size>
         <alignment>0x4</alignment>
         <input_file_ref idref="fl-77"/>
      </object_component>
      <object_component id="oc-564">
         <name>.text.sl_Close</name>
         <load_address>0x2000e440</load_address>
         <readonly>true</readonly>
         <executable>true</executable>
         <run_address>0x2000e440</run_address>
         <size>0x116</size>
         <alignment>0x2</alignment>
         <input_file_ref idref="fl-30"/>
      </object_component>
      <object_component id="oc-36c">
         <name>.text.uDMAChannelTransferSet</name>
         <load_address>0x2000e556</load_address>
         <readonly>true</readonly>
         <executable>true</executable>
         <run_address>0x2000e556</run_address>
         <size>0x112</size>
         <alignment>0x2</alignment>
         <input_file_ref idref="fl-50"/>
      </object_component>
      <object_component id="oc-1b7">
         <name>.text.PowerCC32XX_sleepPolicy</name>
         <load_address>0x2000e668</load_address>
         <readonly>true</readonly>
         <executable>true</executable>
         <run_address>0x2000e668</run_address>
         <size>0x108</size>
         <alignment>0x4</alignment>
         <input_file_ref idref="fl-4"/>
      </object_component>
      <object_component id="oc-441">
         <name>.text._SlDeviceHandleAsync_InitComplete</name>
         <load_address>0x2000e770</load_address>
         <readonly>true</readonly>
         <executable>true</executable>
         <run_address>0x2000e770</run_address>
         <size>0x106</size>
         <alignment>0x2</alignment>
         <input_file_ref idref="fl-29"/>
      </object_component>
      <object_component id="oc-389">
         <name>.text.UART2CC32XX_eventCallback</name>
         <load_address>0x2000e876</load_address>
         <readonly>true</readonly>
         <executable>true</executable>
         <run_address>0x2000e876</run_address>
         <size>0x2</size>
         <alignment>0x2</alignment>
         <input_file_ref idref="fl-3b"/>
      </object_component>
      <object_component id="oc-2b1">
         <name>.text.ti_sysbios_family_arm_m3_Timer_Instance_init</name>
         <load_address>0x2000e878</load_address>
         <readonly>true</readonly>
         <executable>true</executable>
         <run_address>0x2000e878</run_address>
         <size>0x104</size>
         <alignment>0x4</alignment>
         <input_file_ref idref="fl-4"/>
      </object_component>
      <object_component id="oc-498">
         <name>.text.__muldf3</name>
         <load_address>0x2000e97c</load_address>
         <readonly>true</readonly>
         <executable>true</executable>
         <run_address>0x2000e97c</run_address>
         <size>0xfc</size>
         <alignment>0x4</alignment>
         <input_file_ref idref="fl-f7"/>
      </object_component>
      <object_component id="oc-439">
         <name>.text.ti_sysbios_runtime_System_printfExtend</name>
         <load_address>0x2000ea78</load_address>
         <readonly>true</readonly>
         <executable>true</executable>
         <run_address>0x2000ea78</run_address>
         <size>0xf8</size>
         <alignment>0x4</alignment>
         <input_file_ref idref="fl-4"/>
      </object_component>
      <object_component id="oc-1bb">
         <name>.text.ti_sysbios_knl_Semaphore_pend</name>
         <load_address>0x2000eb70</load_address>
         <readonly>true</readonly>
         <executable>true</executable>
         <run_address>0x2000eb70</run_address>
         <size>0xf4</size>
         <alignment>0x4</alignment>
         <input_file_ref idref="fl-4"/>
      </object_component>
      <object_component id="oc-20e">
         <name>.text.fputs</name>
         <load_address>0x2000ec64</load_address>
         <readonly>true</readonly>
         <executable>true</executable>
         <run_address>0x2000ec64</run_address>
         <size>0xf0</size>
         <alignment>0x4</alignment>
         <input_file_ref idref="fl-64"/>
      </object_component>
      <object_component id="oc-1f8">
         <name>.text._SlDrvRemoveFromList</name>
         <load_address>0x2000ed54</load_address>
         <readonly>true</readonly>
         <executable>true</executable>
         <run_address>0x2000ed54</run_address>
         <size>0xee</size>
         <alignment>0x2</alignment>
         <input_file_ref idref="fl-2a"/>
      </object_component>
      <object_component id="oc-167">
         <name>.text._SlDrvDriverIsApiAllowed</name>
         <load_address>0x2000ee42</load_address>
         <readonly>true</readonly>
         <executable>true</executable>
         <run_address>0x2000ee42</run_address>
         <size>0xec</size>
         <alignment>0x2</alignment>
         <input_file_ref idref="fl-2a"/>
      </object_component>
      <object_component id="oc-342">
         <name>.text.__aeabi_ldiv0</name>
         <load_address>0x2000ef2e</load_address>
         <readonly>true</readonly>
         <executable>true</executable>
         <run_address>0x2000ef2e</run_address>
         <size>0x2</size>
         <alignment>0x2</alignment>
         <input_file_ref idref="fl-103"/>
      </object_component>
      <object_component id="oc-3e">
         <name>.text.ti_sysbios_family_arm_m3_Hwi_dispatch</name>
         <load_address>0x2000ef30</load_address>
         <readonly>true</readonly>
         <executable>true</executable>
         <run_address>0x2000ef30</run_address>
         <size>0xec</size>
         <alignment>0x4</alignment>
         <input_file_ref idref="fl-45"/>
      </object_component>
      <object_component id="oc-575">
         <name>.text.sl_NetCfgGet</name>
         <load_address>0x2000f01c</load_address>
         <readonly>true</readonly>
         <executable>true</executable>
         <run_address>0x2000f01c</run_address>
         <size>0xea</size>
         <alignment>0x2</alignment>
         <input_file_ref idref="fl-2e"/>
      </object_component>
      <object_component id="oc-19a">
         <name>.text._nop</name>
         <load_address>0x2000f106</load_address>
         <readonly>true</readonly>
         <executable>true</executable>
         <run_address>0x2000f106</run_address>
         <size>0x2</size>
         <alignment>0x2</alignment>
         <input_file_ref idref="fl-6a"/>
      </object_component>
      <object_component id="oc-311">
         <name>.text.UART2_close</name>
         <load_address>0x2000f108</load_address>
         <readonly>true</readonly>
         <executable>true</executable>
         <run_address>0x2000f108</run_address>
         <size>0xe8</size>
         <alignment>0x4</alignment>
         <input_file_ref idref="fl-3b"/>
      </object_component>
      <object_component id="oc-577">
         <name>.text.sl_WlanGet</name>
         <load_address>0x2000f1f0</load_address>
         <readonly>true</readonly>
         <executable>true</executable>
         <run_address>0x2000f1f0</run_address>
         <size>0xe2</size>
         <alignment>0x2</alignment>
         <input_file_ref idref="fl-32"/>
      </object_component>
      <object_component id="oc-171">
         <name>.text.NwpPowerOff</name>
         <load_address>0x2000f2d2</load_address>
         <readonly>true</readonly>
         <executable>true</executable>
         <run_address>0x2000f2d2</run_address>
         <size>0xe0</size>
         <alignment>0x2</alignment>
         <input_file_ref idref="fl-33"/>
      </object_component>
      <object_component id="oc-3f7">
         <name>.text._SlNetAppHandleAsync_NetAppReceive</name>
         <load_address>0x2000f3b2</load_address>
         <readonly>true</readonly>
         <executable>true</executable>
         <run_address>0x2000f3b2</run_address>
         <size>0xdc</size>
         <alignment>0x2</alignment>
         <input_file_ref idref="fl-2d"/>
      </object_component>
      <object_component id="oc-56b">
         <name>.text.sl_GetSockOpt</name>
         <load_address>0x2000f48e</load_address>
         <readonly>true</readonly>
         <executable>true</executable>
         <run_address>0x2000f48e</run_address>
         <size>0xdc</size>
         <alignment>0x2</alignment>
         <input_file_ref idref="fl-30"/>
      </object_component>
      <object_component id="oc-56e">
         <name>.text.sl_Send</name>
         <load_address>0x2000f56a</load_address>
         <readonly>true</readonly>
         <executable>true</executable>
         <run_address>0x2000f56a</run_address>
         <size>0xda</size>
         <alignment>0x2</alignment>
         <input_file_ref idref="fl-30"/>
      </object_component>
      <object_component id="oc-9d">
         <name>.text.pthread_create</name>
         <load_address>0x2000f644</load_address>
         <readonly>true</readonly>
         <executable>true</executable>
         <run_address>0x2000f644</run_address>
         <size>0xd8</size>
         <alignment>0x4</alignment>
         <input_file_ref idref="fl-4"/>
      </object_component>
      <object_component id="oc-32b">
         <name>.text.setvbuf</name>
         <load_address>0x2000f71c</load_address>
         <readonly>true</readonly>
         <executable>true</executable>
         <run_address>0x2000f71c</run_address>
         <size>0xd8</size>
         <alignment>0x4</alignment>
         <input_file_ref idref="fl-66"/>
      </object_component>
      <object_component id="oc-542">
         <name>.text.sprsend</name>
         <load_address>0x2000f7f4</load_address>
         <readonly>true</readonly>
         <executable>true</executable>
         <run_address>0x2000f7f4</run_address>
         <size>0xd8</size>
         <alignment>0x4</alignment>
         <input_file_ref idref="fl-40"/>
      </object_component>
      <object_component id="oc-b5">
         <name>.text.ti_sysbios_family_arm_m3_Hwi_excFillContext</name>
         <load_address>0x2000f8cc</load_address>
         <readonly>true</readonly>
         <executable>true</executable>
         <run_address>0x2000f8cc</run_address>
         <size>0xd8</size>
         <alignment>0x4</alignment>
         <input_file_ref idref="fl-4"/>
      </object_component>
      <object_component id="oc-52b">
         <name>.text.SlNetIfWifi_getSockOpt</name>
         <load_address>0x2000f9a4</load_address>
         <readonly>true</readonly>
         <executable>true</executable>
         <run_address>0x2000f9a4</run_address>
         <size>0xd6</size>
         <alignment>0x2</alignment>
         <input_file_ref idref="fl-27"/>
      </object_component>
      <object_component id="oc-44">
         <name>.text._system_pre_init</name>
         <load_address>0x2000fa7a</load_address>
         <readonly>true</readonly>
         <executable>true</executable>
         <run_address>0x2000fa7a</run_address>
         <size>0x2</size>
         <alignment>0x2</alignment>
         <input_file_ref idref="fl-4"/>
      </object_component>
      <object_component id="oc-25e">
         <name>.text.SPICC32XXDMA_transferCancel</name>
         <load_address>0x2000fa7c</load_address>
         <readonly>true</readonly>
         <executable>true</executable>
         <run_address>0x2000fa7c</run_address>
         <size>0xd4</size>
         <alignment>0x4</alignment>
         <input_file_ref idref="fl-39"/>
      </object_component>
      <object_component id="oc-1f4">
         <name>.text.Semaphore_pend_handle</name>
         <load_address>0x2000fb50</load_address>
         <readonly>true</readonly>
         <executable>true</executable>
         <run_address>0x2000fb50</run_address>
         <size>0xd4</size>
         <alignment>0x2</alignment>
         <input_file_ref idref="fl-33"/>
      </object_component>
      <object_component id="oc-288">
         <name>.text.clock_gettime</name>
         <load_address>0x2000fc24</load_address>
         <readonly>true</readonly>
         <executable>true</executable>
         <run_address>0x2000fc24</run_address>
         <size>0xd4</size>
         <alignment>0x4</alignment>
         <input_file_ref idref="fl-4"/>
      </object_component>
      <object_component id="oc-574">
         <name>.text.matchModeByRole</name>
         <load_address>0x2000fcf8</load_address>
         <readonly>true</readonly>
         <executable>true</executable>
         <run_address>0x2000fcf8</run_address>
         <size>0xd0</size>
         <alignment>0x2</alignment>
         <input_file_ref idref="fl-27"/>
      </object_component>
      <object_component id="oc-3ea">
         <name>.text._SlNetAppHandleAsync_DnsGetHostByName</name>
         <load_address>0x2000fdc8</load_address>
         <readonly>true</readonly>
         <executable>true</executable>
         <run_address>0x2000fdc8</run_address>
         <size>0xce</size>
         <alignment>0x2</alignment>
         <input_file_ref idref="fl-2d"/>
      </object_component>
      <object_component id="oc-566">
         <name>.text.sl_Bind</name>
         <load_address>0x2000fe96</load_address>
         <readonly>true</readonly>
         <executable>true</executable>
         <run_address>0x2000fe96</run_address>
         <size>0xce</size>
         <alignment>0x2</alignment>
         <input_file_ref idref="fl-30"/>
      </object_component>
      <object_component id="oc-3db">
         <name>.text.UART2Support_dmaStartRx</name>
         <load_address>0x2000ff64</load_address>
         <readonly>true</readonly>
         <executable>true</executable>
         <run_address>0x2000ff64</run_address>
         <size>0xcc</size>
         <alignment>0x4</alignment>
[...]
         <value>0x2000e557</value>
         <object_component_ref idref="oc-36c"/>
      </symbol>
      <symbol id="sm-c62">
         <name>uDMAControlBaseGet</name>
         <value>0x2001870d</value>
         <object_component_ref idref="oc-302"/>
      </symbol>
      <symbol id="sm-c63">
         <name>uDMAControlBaseSet</name>
         <value>0x200182ed</value>
         <object_component_ref idref="oc-360"/>
      </symbol>
      <symbol id="sm-c64">
         <name>uDMAEnable</name>
         <value>0x20018583</value>
         <object_component_ref idref="oc-35f"/>
      </symbol>
      <symbol id="sm-c65">
         <name>uDMAErrorStatusClear</name>
         <value>0x20018591</value>
         <object_component_ref idref="oc-482"/>
      </symbol>
      <symbol id="sm-c66">
         <name>uDMAErrorStatusGet</name>
         <value>0x20018719</value>
         <object_component_ref idref="oc-481"/>
      </symbol>
      <symbol id="sm-c67">
         <name>uDMAIntClear</name>
         <value>0x20018301</value>
         <object_component_ref idref="oc-431"/>
      </symbol>
      <symbol id="sm-c72">
         <name>UtilsDelay</name>
         <value>0x2001881b</value>
         <object_component_ref idref="oc-12d"/>
      </symbol>
      <symbol id="sm-ca0">
         <name>FlashDisable</name>
         <value>0x20013f71</value>
         <object_component_ref idref="oc-34f"/>
      </symbol>
      <symbol id="sm-cb1">
         <name>sprintf</name>
         <value>0x200165a5</value>
         <object_component_ref idref="oc-585"/>
      </symbol>
      <symbol id="sm-cc2">
         <name>vsnprintf</name>
         <value>0x200163a5</value>
         <object_component_ref idref="oc-590"/>
      </symbol>
      <symbol id="sm-cd1">
         <name>puts</name>
         <value>0x2001782d</value>
         <object_component_ref idref="oc-183"/>
      </symbol>
      <symbol id="sm-cd2">
         <name>fputs</name>
         <value>0x2000ec65</value>
         <object_component_ref idref="oc-20e"/>
      </symbol>
      <symbol id="sm-cdc">
         <name>__TI_wrt_ok</name>
         <value>0x20013df1</value>
         <object_component_ref idref="oc-294"/>
      </symbol>
      <symbol id="sm-ce6">
         <name>setvbuf</name>
         <value>0x2000f71d</value>
         <object_component_ref idref="oc-32b"/>
      </symbol>
      <symbol id="sm-ced">
         <name>strcmp</name>
         <value>0x20008809</value>
         <object_component_ref idref="oc-5a9"/>
      </symbol>
      <symbol id="sm-cf8">
         <name>__aeabi_errno_addr</name>
         <value>0x20018825</value>
         <object_component_ref idref="oc-1fc"/>
      </symbol>
      <symbol id="sm-cf9">
         <name>__aeabi_errno</name>
         <value>0x2002455c</value>
         <object_component_ref idref="oc-28a"/>
      </symbol>
      <symbol id="sm-d01">
         <name>__TI_cleanup_ptr</name>
         <value>0x2002452c</value>
         <object_component_ref idref="oc-3aa"/>
      </symbol>
      <symbol id="sm-d02">
         <name>__TI_dtors_ptr</name>
         <value>0x20024530</value>
         <object_component_ref idref="oc-3aa"/>
      </symbol>
      <symbol id="sm-d11">
         <name>_nop</name>
         <value>0x2000f107</value>
         <object_component_ref idref="oc-19a"/>
      </symbol>
      <symbol id="sm-d12">
         <name>_register_lock</name>
         <value>0x200186ad</value>
         <object_component_ref idref="oc-190"/>
      </symbol>
      <symbol id="sm-d13">
         <name>_lock</name>
         <value>0x20024560</value>
         <object_component_ref idref="oc-215"/>
      </symbol>
      <symbol id="sm-d14">
         <name>_register_unlock</name>
         <value>0x200186b9</value>
         <object_component_ref idref="oc-195"/>
      </symbol>
      <symbol id="sm-d15">
         <name>_unlock</name>
         <value>0x20024564</value>
         <object_component_ref idref="oc-218"/>
      </symbol>
      <symbol id="sm-d1f">
         <name>_args_main</name>
         <value>0x20018239</value>
         <object_component_ref idref="oc-47"/>
      </symbol>
      <symbol id="sm-d2a">
         <name>atoi</name>
         <value>0x20015f19</value>
         <object_component_ref idref="oc-5fc"/>
      </symbol>
      <symbol id="sm-d2f">
         <name>_ftable</name>
         <value>0x20024074</value>
         <object_component_ref idref="oc-20f"/>
      </symbol>
      <symbol id="sm-d30">
         <name>__TI_ft_end</name>
         <value>0x20024558</value>
         <object_component_ref idref="oc-40a"/>
      </symbol>
      <symbol id="sm-d31">
         <name>__TI_tmpnams</name>
         <value>0x200220cc</value>
         <object_component_ref idref="oc-460"/>
      </symbol>
      <symbol id="sm-d3a">
         <name>strlen</name>
         <value>0x2001852f</value>
         <object_component_ref idref="oc-578"/>
      </symbol>
      <symbol id="sm-d43">
         <name>strstr</name>
         <value>0x20017131</value>
         <object_component_ref idref="oc-54e"/>
      </symbol>
      <symbol id="sm-d4e">
         <name>strtoul</name>
         <value>0x2000e0f1</value>
         <object_component_ref idref="oc-558"/>
      </symbol>
      <symbol id="sm-d59">
         <name>__TI_auto_init_nobinit_nopinit</name>
         <value>0x20016685</value>
         <object_component_ref idref="oc-66"/>
      </symbol>
      <symbol id="sm-d64">
         <name>__TI_zero_init</name>
         <value>0x20018469</value>
         <object_component_ref idref="oc-5f"/>
      </symbol>
      <symbol id="sm-d6d">
         <name>__TI_decompress_none</name>
         <value>0x200185ad</value>
         <object_component_ref idref="oc-27"/>
      </symbol>
      <symbol id="sm-d77">
         <name>__TI_decompress_lzss</name>
         <value>0x20012e2d</value>
         <object_component_ref idref="oc-23"/>
      </symbol>
      <symbol id="sm-dbe">
         <name>__TI_printfi</name>
         <value>0x20004a79</value>
         <object_component_ref idref="oc-5ee"/>
      </symbol>
      <symbol id="sm-dc8">
         <name>__TI_doflush</name>
         <value>0x20014d9d</value>
         <object_component_ref idref="oc-29e"/>
      </symbol>
      <symbol id="sm-dd3">
         <name>__TI_cleanup</name>
         <value>0x20016905</value>
         <object_component_ref idref="oc-3ac"/>
      </symbol>
      <symbol id="sm-de0">
         <name>fseek</name>
         <value>0x200188e9</value>
         <object_component_ref idref="oc-326"/>
      </symbol>
      <symbol id="sm-de1">
         <name>fseeko</name>
         <value>0x20013559</value>
         <object_component_ref idref="oc-3a6"/>
      </symbol>
      <symbol id="sm-deb">
         <name>frexp</name>
         <value>0x20014a6d</value>
         <object_component_ref idref="oc-613"/>
      </symbol>
      <symbol id="sm-dec">
         <name>frexpl</name>
         <value>0x20014a6d</value>
         <object_component_ref idref="oc-613"/>
      </symbol>
      <symbol id="sm-df6">
         <name>scalbn</name>
         <value>0x20010415</value>
         <object_component_ref idref="oc-617"/>
      </symbol>
      <symbol id="sm-df7">
         <name>ldexp</name>
         <value>0x20010415</value>
         <object_component_ref idref="oc-617"/>
      </symbol>
      <symbol id="sm-df8">
         <name>scalbnl</name>
         <value>0x20010415</value>
         <object_component_ref idref="oc-617"/>
      </symbol>
      <symbol id="sm-df9">
         <name>ldexpl</name>
         <value>0x20010415</value>
         <object_component_ref idref="oc-617"/>
      </symbol>
      <symbol id="sm-dfa">
         <name>__aeabi_ctype_table_</name>
         <value>0x20022dc0</value>
         <object_component_ref idref="oc-5a4"/>
      </symbol>
      <symbol id="sm-dfb">
         <name>__aeabi_ctype_table_C</name>
         <value>0x20022dc0</value>
         <object_component_ref idref="oc-5a4"/>
      </symbol>
      <symbol id="sm-e04">
         <name>__TI_ltoa</name>
         <value>0x200146cd</value>
         <object_component_ref idref="oc-61b"/>
      </symbol>
      <symbol id="sm-e0d">
         <name>memccpy</name>
         <value>0x20017c4b</value>
         <object_component_ref idref="oc-5f5"/>
      </symbol>
      <symbol id="sm-e16">
         <name>wcslen</name>
         <value>0x20018459</value>
         <object_component_ref idref="oc-600"/>
      </symbol>
      <symbol id="sm-e21">
         <name>__TI_closefile</name>
         <value>0x20012865</value>
         <object_component_ref idref="oc-404"/>
      </symbol>
      <symbol id="sm-e2b">
         <name>write</name>
         <value>0x2001720d</value>
         <object_component_ref idref="oc-29a"/>
      </symbol>
      <symbol id="sm-e30">
         <name>_device</name>
         <value>0x200241e8</value>
         <object_component_ref idref="oc-3b5"/>
      </symbol>
      <symbol id="sm-e31">
         <name>_stream</name>
         <value>0x200243f4</value>
         <object_component_ref idref="oc-331"/>
      </symbol>
      <symbol id="sm-e39">
         <name>remove</name>
         <value>0x200188f1</value>
         <object_component_ref idref="oc-45c"/>
      </symbol>
      <symbol id="sm-e44">
         <name>lseek</name>
         <value>0x20017105</value>
         <object_component_ref idref="oc-3fb"/>
      </symbol>
      <symbol id="sm-e4e">
         <name>close</name>
         <value>0x20013e51</value>
         <object_component_ref idref="oc-458"/>
      </symbol>
      <symbol id="sm-e58">
         <name>unlink</name>
         <value>0x200171e1</value>
         <object_component_ref idref="oc-4ba"/>
      </symbol>
      <symbol id="sm-e62">
         <name>HOSTclose</name>
         <value>0x2001614d</value>
         <object_component_ref idref="oc-411"/>
      </symbol>
      <symbol id="sm-e6c">
         <name>HOSTlseek</name>
         <value>0x20014469</value>
         <object_component_ref idref="oc-41d"/>
      </symbol>
      <symbol id="sm-e76">
         <name>HOSTopen</name>
         <value>0x200144c1</value>
         <object_component_ref idref="oc-40d"/>
      </symbol>
      <symbol id="sm-e77">
         <name>parmbuf</name>
         <value>0x200226fc</value>
         <object_component_ref idref="oc-46a"/>
      </symbol>
      <symbol id="sm-e81">
         <name>HOSTread</name>
         <value>0x20014779</value>
         <object_component_ref idref="oc-415"/>
      </symbol>
      <symbol id="sm-e92">
         <name>HOSTrename</name>
         <value>0x200137c9</value>
         <object_component_ref idref="oc-425"/>
      </symbol>
      <symbol id="sm-e9c">
         <name>HOSTunlink</name>
         <value>0x20015915</value>
         <object_component_ref idref="oc-421"/>
      </symbol>
      <symbol id="sm-ea6">
         <name>HOSTwrite</name>
         <value>0x200147cd</value>
         <object_component_ref idref="oc-419"/>
      </symbol>
      <symbol id="sm-eb4">
         <name>C$$IO$$</name>
         <value>0x20016963</value>
         <object_component_ref idref="oc-463"/>
      </symbol>
      <symbol id="sm-eb5">
         <name>__TI_writemsg</name>
         <value>0x20016939</value>
         <object_component_ref idref="oc-463"/>
      </symbol>
      <symbol id="sm-eb6">
         <name>__CIOBUF_</name>
         <value>0x20021fac</value>
         <object_component_ref idref="oc-4c0"/>
      </symbol>
      <symbol id="sm-eb7">
         <name>__TI_readmsg</name>
         <value>0x20016d2d</value>
         <object_component_ref idref="oc-469"/>
      </symbol>
      <symbol id="sm-eb8">
         <name>_CIOBUF_</name>
         <value>0x20021fac</value>
         <object_component_ref idref="oc-4c0"/>
      </symbol>
      <symbol id="sm-ebe">
         <name>__aeabi_dadd</name>
         <value>0x2000aff7</value>
         <object_component_ref idref="oc-494"/>
      </symbol>
      <symbol id="sm-ebf">
         <name>__adddf3</name>
         <value>0x2000aff7</value>
         <object_component_ref idref="oc-494"/>
      </symbol>
      <symbol id="sm-ec0">
         <name>__aeabi_dsub</name>
         <value>0x2000afed</value>
         <object_component_ref idref="oc-494"/>
      </symbol>
      <symbol id="sm-ec1">
         <name>__subdf3</name>
         <value>0x2000afed</value>
         <object_component_ref idref="oc-494"/>
      </symbol>
      <symbol id="sm-ec7">
         <name>__aeabi_dmul</name>
         <value>0x2000e97d</value>
         <object_component_ref idref="oc-498"/>
      </symbol>
      <symbol id="sm-ec8">
         <name>__muldf3</name>
         <value>0x2000e97d</value>
         <object_component_ref idref="oc-498"/>
      </symbol>
      <symbol id="sm-ece">
         <name>__aeabi_ddiv</name>
         <value>0x2000d669</value>
         <object_component_ref idref="oc-625"/>
      </symbol>
      <symbol id="sm-ecf">
         <name>__divdf3</name>
         <value>0x2000d669</value>
         <object_component_ref idref="oc-625"/>
      </symbol>
      <symbol id="sm-ed5">
         <name>__aeabi_f2d</name>
         <value>0x20016535</value>
         <object_component_ref idref="oc-484"/>
      </symbol>
      <symbol id="sm-ed6">
         <name>__extendsfdf2</name>
         <value>0x20016535</value>
         <object_component_ref idref="oc-484"/>
      </symbol>
      <symbol id="sm-edc">
         <name>__aeabi_d2iz</name>
         <value>0x2001541d</value>
         <object_component_ref idref="oc-48c"/>
      </symbol>
      <symbol id="sm-edd">
         <name>__fixdfsi</name>
         <value>0x2001541d</value>
         <object_component_ref idref="oc-48c"/>
      </symbol>
      <symbol id="sm-ee3">
         <name>__aeabi_d2uiz</name>
         <value>0x20015a69</value>
         <object_component_ref idref="oc-49c"/>
      </symbol>
      <symbol id="sm-ee4">
         <name>__fixunsdfsi</name>
         <value>0x20015a69</value>
         <object_component_ref idref="oc-49c"/>
      </symbol>
      <symbol id="sm-eea">
         <name>__aeabi_i2d</name>
         <value>0x20017025</value>
         <object_component_ref idref="oc-490"/>
      </symbol>
      <symbol id="sm-eeb">
         <name>__floatsidf</name>
         <value>0x20017025</value>
         <object_component_ref idref="oc-490"/>
      </symbol>
      <symbol id="sm-ef1">
         <name>__aeabi_dcmpeq</name>
         <value>0x20013bad</value>
         <object_component_ref idref="oc-488"/>
      </symbol>
      <symbol id="sm-ef2">
         <name>__aeabi_dcmplt</name>
         <value>0x20013bc1</value>
         <object_component_ref idref="oc-488"/>
      </symbol>
      <symbol id="sm-ef3">
         <name>__aeabi_dcmple</name>
         <value>0x20013bd5</value>
         <object_component_ref idref="oc-488"/>
      </symbol>
      <symbol id="sm-ef4">
         <name>__aeabi_dcmpge</name>
         <value>0x20013be9</value>
         <object_component_ref idref="oc-488"/>
      </symbol>
      <symbol id="sm-ef5">
         <name>__aeabi_dcmpgt</name>
         <value>0x20013bfd</value>
         <object_component_ref idref="oc-488"/>
      </symbol>
      <symbol id="sm-efb">
         <name>__aeabi_memcpy</name>
         <value>0x200188e1</value>
         <object_component_ref idref="oc-52"/>
      </symbol>
      <symbol id="sm-efc">
         <name>__aeabi_memcpy4</name>
         <value>0x200188e1</value>
         <object_component_ref idref="oc-52"/>
      </symbol>
      <symbol id="sm-efd">
         <name>__aeabi_memcpy8</name>
         <value>0x200188e1</value>
         <object_component_ref idref="oc-52"/>
      </symbol>
      <symbol id="sm-f06">
         <name>__aeabi_memset</name>
         <value>0x200187a9</value>
         <object_component_ref idref="oc-5f4"/>
      </symbol>
      <symbol id="sm-f07">
         <name>__aeabi_memset4</name>
         <value>0x200187a9</value>
         <object_component_ref idref="oc-5f4"/>
      </symbol>
      <symbol id="sm-f08">
         <name>__aeabi_memset8</name>
         <value>0x200187a9</value>
         <object_component_ref idref="oc-5f4"/>
      </symbol>
      <symbol id="sm-f09">
         <name>__aeabi_memclr</name>
         <value>0x2001882d</value>
         <object_component_ref idref="oc-82"/>
      </symbol>
      <symbol id="sm-f0a">
         <name>__aeabi_memclr4</name>
         <value>0x2001882d</value>
         <object_component_ref idref="oc-82"/>
      </symbol>
      <symbol id="sm-f0b">
         <name>__aeabi_memclr8</name>
         <value>0x2001882d</value>
         <object_component_ref idref="oc-82"/>
      </symbol>
      <symbol id="sm-f11">
         <name>__aeabi_uldivmod</name>
         <value>0x20018225</value>
         <object_component_ref idref="oc-235"/>
      </symbol>
      <symbol id="sm-f17">
         <name>__udivmoddi4</name>
         <value>0x20010ef9</value>
         <object_component_ref idref="oc-2b7"/>
      </symbol>
      <symbol id="sm-f23">
         <name>__ledf2</name>
         <value>0x20012f0d</value>
         <object_component_ref idref="oc-4c4"/>
      </symbol>
      <symbol id="sm-f24">
         <name>__gedf2</name>
         <value>0x20012e9d</value>
         <object_component_ref idref="oc-4ca"/>
      </symbol>
      <symbol id="sm-f25">
         <name>__cmpdf2</name>
         <value>0x20012f0d</value>
         <object_component_ref idref="oc-4c4"/>
      </symbol>
      <symbol id="sm-f26">
         <name>__eqdf2</name>
         <value>0x20012f0d</value>
         <object_component_ref idref="oc-4c4"/>
      </symbol>
      <symbol id="sm-f27">
         <name>__ltdf2</name>
         <value>0x20012f0d</value>
         <object_component_ref idref="oc-4c4"/>
      </symbol>
      <symbol id="sm-f28">
         <name>__nedf2</name>
         <value>0x20012f0d</value>
         <object_component_ref idref="oc-4c4"/>
      </symbol>
      <symbol id="sm-f29">
         <name>__gtdf2</name>
         <value>0x20012e9d</value>
         <object_component_ref idref="oc-4ca"/>
      </symbol>
      <symbol id="sm-f33">
         <name>__aeabi_ldiv0</name>
         <value>0x2000ef2f</value>
         <object_component_ref idref="oc-342"/>
      </symbol>
      <symbol id="sm-f41">
         <name>finddevice</name>
         <value>0x200170d9</value>
         <object_component_ref idref="oc-55d"/>
      </symbol>
      <symbol id="sm-f42">
         <name>getdevice</name>
         <value>0x200135c1</value>
         <object_component_ref idref="oc-508"/>
      </symbol>
      <symbol id="sm-f4a">
         <name>TI_memcpy_small</name>
         <value>0x200183a5</value>
         <object_component_ref idref="oc-ad"/>
      </symbol>
      <symbol id="sm-f52">
         <name>TI_memset_small</name>
         <value>0x2001859f</value>
         <object_component_ref idref="oc-10d"/>
      </symbol>
      <symbol id="sm-f53">
         <name>__TI_static_base__</name>
         <value>0x200208f8</value>
      </symbol>
      <symbol id="sm-f56">
         <name>ITM_flush</name>
         <value>0x0</value>
      </symbol>
      <symbol id="sm-f57">
         <name>ITM_restore</name>
         <value>0x0</value>
      </symbol>
      <symbol id="sm-f58">
         <name>__mpu_init</name>
         <value>0x0</value>
      </symbol>
      <symbol id="sm-f59">
         <name>__c_args__</name>
         <value>0x0</value>
      </symbol>
   </symbol_table>
   <title>Link successful</title>
</link_info>
