******************************************************************************
            TI ARM Clang Linker PC v3.2.2                      
******************************************************************************
>> Linked Tue Feb  3 23:04:23 2026

OUTPUT FILE NAME:   <CC3220S_LAUNCHXL_REV2.out>
ENTRY POINT SYMBOL: "_c_int00"  address: 2001a1dd


MEMORY CONFIGURATION

         name            origin    length      used     unused   attr    fill
----------------------  --------  ---------  --------  --------  ----  --------
  SRAM0                 20000000   00004000  00000400  00003c00  RW X
  SRAM                  20004000   0003c000  00023d8a  00018276  RW X
  LOG_DATA              90000000   00040000  00000000  00040000  R   
  LOG_PTR               94000008   00040000  00000000  00040000  R   


SEGMENT ALLOCATION MAP

run origin  load origin   length   init length attrs members
----------  ----------- ---------- ----------- ----- -------
20003c00    20003c00    00000400   00000000    rw-
  20003c00    20003c00    00000400   00000000    rw- .stack
20004000    20004000    0001f350   0001734c    r-x
  20004000    20004000    0000003c   0000003c    r-- .resetVecs
  20004040    20004040    0001730c   0001730c    r-x .text
  2001b350    2001b350    00008000   00000000    r-- .priheap
20023400    20023400    0000232f   00000000    rw-
  20023400    20023400    0000232f   00000000    rw- .bss
20025730    20025730    00001a58   00001a58    r--
  20025730    20025730    00001a58   00001a58    r-- .rodata
20027188    20027188    00000787   00000000    rw-
  20027188    20027188    00000787   00000000    rw- .data
20027910    20027910    00000228   00000228    r--
  20027910    20027910    00000228   00000228    r-- .cinit


SECTION ALLOCATION MAP

 output                                  attributes/
section   page    origin      length       input sections
--------  ----  ----------  ----------   ----------------
.resetVecs 
*          0    20004000    0000003c     
                  20004000    0000003c     ti_sysbios_config.o (.resetVecs)

.text      0    20004040    0001730c     
                  20004040    00000a36     simplelink.a : driver.obj (.text._SlDrvMsgRead)
                  20004a76    00000002     ti_sysbios_config.o (.text.BIOS_nullFunc)
                  20004a78    000009d8     libc.a : _printfi.c.obj (.text:__TI_printfi)
                  20005450    00000804     json_release.a : parse_common.c.obj (.text.ParseCommon)
                  20005c54    00000648     httpclient_release.a : httpclient.om4 (.text.HTTPClient_sendRequest)
                  2000629c    0000050a     simplelink.a : sl_socket.obj (.text._SlSocketHandleAsync_Select)
                  200067a6    000004b8     driverlib.a : prcm.obj (.text.PRCMCC3200MCUInit)
                  20006c5e    00000414     simplelink.a : driver.obj (.text._SlDrvMsgWrite)
                  20007072    00000002     ti_drivers_config.o (.text.Board_initHook)
                  20007074    00000410     httpclient_release.a : httpclient.om4 (.text.manageResponseHeaders)
                  20007484    000003e4     drivers_cc32xx.a : PowerCC32XX.c.obj (.text.Power_sleep)
                  20007868    000003b2     simplelink.a : driver.obj (.text._SlDrvReleasePoolObj)
                  20007c1a    000003ae                  : driver.obj (.text._SlDrvRxHdrRead)
                  20007fc8    000003a4                  : driver.obj (.text._SlDrvWaitForPoolObj)
                  2000836c    00000368                  : sl_socket.obj (.text.sl_Select)
                  200086d4    0000034c     ti_sysbios_config.o (.text.ti_sysbios_runtime_System_doPrint)
                  20008a20    00000348     json_release.a : utils.c.obj (.text.FindPropertyByPropertyPath)
                  20008d68    000002f6     simplelink.a : driver.obj (.text._SlDrvDataReadOp)
                  2000905e    000002dc                  : wlan.obj (.text.sl_WlanConnect)
                  2000933a    00000006     ti_sysbios_config.o (.text.ClockP_getSystemTickPeriod)
                  20009340    000002dc     libc.a : strcmp_t2.S.obj (.text:strcmp)
                  2000961c    000002be     simplelink.a : driver.obj (.text._SlDrvDataWriteOp)
                  200098da    000002aa                  : driver.obj (.text._SlDrvMsgReadCmdCtx)
                  20009b84    000002a2                  : driver.obj (.text._SlDrvDriverCBInit)
                  20009e26    00000002     display_cc32xx.a : DisplayUart2.c.obj (.text.DisplayUart2Min_clear)
                  20009e28    00000284     httpclient_release.a : httpclient.om4 (.text.HTTPClient_connect2)
                  2000a0ac    00000272     simplelink.a : device.obj (.text.sl_Stop)
                  2000a31e    00000258                  : netapp.obj (.text.sl_NetAppPing)
                  2000a576    00000230     json_release.a : json_engine.c.obj (.text.__JSON_Init)
                  2000a7a6    00000002     display_cc32xx.a : DisplayUart2.c.obj (.text.DisplayUart2Min_clearLines)
                  2000a7a8    00000228     libc.a : _printfi.c.obj (.text._pconv_a)
                  2000a9d0    00000226     simplelink.a : netapp.obj (.text._SlNetAppEventHandler)
                  2000abf6    00000222     drivers_cc32xx.a : UART2CC32XX.c.obj (.text.UART2CC32XX_hwiIntFxn)
                  2000ae18    00000218     simplelink.a : driver.obj (.text._SlDrvReleaseAllActivePendingPoolObj)
                  2000b030    00000202                  : sl_socket.obj (.text.sl_Accept)
                  2000b232    00000002     display_cc32xx.a : DisplayUart2.c.obj (.text.DisplayUart2Min_init)
                  2000b234    000001ec     httpclient_release.a : httpclient.om4 (.text.HTTPClient_readResponseBody)
                  2000b420    000001ea     simplelink.a : sl_socket.obj (.text._SlDrvRegisterForSelectAsync)
                  2000b60a    00000002     platform.o (.text.SimpleLinkFatalErrorEventHandler)
                  2000b60c    000001e8     libc.a : _printfi.c.obj (.text._pconv_g)
                  2000b7f4    000001de     simplelink.a : driver.obj (.text._SlDrvFindAndSetActiveObj)
                  2000b9d2    00000002     platform.o (.text.SimpleLinkGeneralEventHandler)
                  2000b9d4    000001cc     drivers_cc32xx.a : UART2CC32XX.c.obj (.text.UART2_open)
                  2000bba0    000001bc     simplelink.a : sl_socket.obj (.text.sl_Connect)
                  2000bd5c    000001b8     json_release.a : json_engine.c.obj (.text.SetValueInProperty)
                  2000bf14    000001b6     libclang_rt.builtins.a : adddf3.S.obj (.text.adddf3_subdf3)
                  2000c0ca    000001ac     simplelink.a : netapp.obj (.text.sl_NetAppDnsGetHostByName)
                  2000c276    000001a4     drivers_cc32xx.a : SPICC32XXDMA.c.obj (.text.SPICC32XXDMA_transfer)
                  2000c41a    0000019c     simplelink.a : sl_socket.obj (.text.sl_RecvFrom)
                  2000c5b6    0000019a     json_release.a : utils.c.obj (.text.CopyUnexpandedAndInvalidated)
                  2000c750    00000196                    : parse_common.c.obj (.text.FindPropertyInBranch)
                  2000c8e6    00000002     platform.o (.text.SimpleLinkHttpServerEventHandler)
                  2000c8e8    00000194     simplelink.a : driver.obj (.text._SlDrvMsgReadSpawnCtx)
                  2000ca7c    00000188                  : sl_socket.obj (.text.sl_StartTLS)
                  2000cc04    00000182     json_release.a : json_engine.c.obj (.text.EnsureArrayAccomodatesIndex)
                  2000cd86    00000180     simplelink.a : sl_socket.obj (.text._SlDrvGetNextTimeoutValue)
                  2000cf06    0000017a                  : driver.obj (.text._SlDrvDriverCBDeinit)
                  2000d080    0000017a                  : driver.obj (.text._SlSpawnMsgListInsert)
                  2000d1fa    00000176                  : device.obj (.text.sl_Start)
                  2000d370    00000174     drivers_cc32xx.a : UART2.c.obj (.text.UART2_writeTimeoutBlocking)
                  2000d4e4    0000016c     simplelink.a : sl_socket.obj (.text._SlSocketHandleAsync_StartTLS)
                  2000d650    0000016a                  : driver.obj (.text._SlDrvObjGlobalLockWaitForever)
                  2000d7ba    00000166                  : driver.obj (.text._SlDrvAsyncEventGenericHandler)
                  2000d920    00000162                  : driver.obj (.text._SlDrvClassifyRxMsg)
                  2000da82    00000160     httpclient_release.a : httpclient.om4 (.text.SlNetSock_connectURI)
                  2000dbe2    00000002     platform.o (.text.SimpleLinkNetAppRequestEventHandler)
                  2000dbe4    0000015c     slnetsock_release.a : slnetutils.om4 (.text.SlNetUtil_inetPton)
                  2000dd40    00000158     platform.o (.text.mainThread)
                  2000de98    00000154     simplelink.a : driver.obj (.text._SlDrvCmdOp)
                  2000dfec    0000014e                  : fs.obj (.text.sl_FsOpen)
                  2000e13a    00000002     platform.o (.text.SimpleLinkNetAppRequestMemFreeEventHandler)
                  2000e13c    0000014c     drivers_cc32xx.a : SPICC32XXDMA.c.obj (.text.configDMA)
                  2000e288    0000014c     httpclient_release.a : httpclient.om4 (.text.parseURI)
                  2000e3d4    00000140     drivers_cc32xx.a : GPIOCC32XX.c.obj (.text.GPIO_setConfig)
                  2000e514    00000140     simplelink.a : device.obj (.text._SlDeviceEventHandler)
                  2000e654    0000013c     libc.a : _printfi.c.obj (.text.fcvt)
                  2000e790    00000138     drivers_cc32xx.a : SPICC32XXDMA.c.obj (.text.SPICC32XXDMA_open)
                  2000e8c8    00000136     libclang_rt.builtins.a : divdf3.S.obj (.text.__divdf3)
                  2000e9fe    00000134     simplelink.a : fs.obj (.text.sl_FsRead)
                  2000eb32    00000132     httpclient_release.a : httpclient.om4 (.text.HTTPClient_connect)
                  2000ec64    00000132     json_release.a : json_engine.c.obj (.text.__JSON_GetValue)
                  2000ed96    00000130     simplelink.a : fs.obj (.text.sl_FsWrite)
                  2000eec6    0000012e                  : driver.obj (.text._SlDrvWaitForInternalAsyncEvent)
                  2000eff4    0000012c     json_make.o (.text.writeJson)
                  2000f120    0000012a     simplelink.a : sl_socket.obj (.text.sl_SendTo)
                  2000f24a    00000002     platform.o (.text.SimpleLinkSockEventHandler)
                  2000f24c    00000128     httpclient_release.a : httpclient.om4 (.text.HTTPClient_setHeader)
                  2000f374    00000128     simplelink.a : netapp.obj (.text._SlNetAppHandleAsync_DnsGetHostByService)
                  2000f49c    00000126     slnetifwifi.a : slnetifwifi.obj (.text.SlNetIfWifi_loadSecObj)
                  2000f5c2    00000002     drivers_cc32xx.a : UART2CC32XX.c.obj (.text.UART2CC32XX_eventCallback)
                  2000f5c4    00000120     slnetsock_release.a : slnetif.om4 (.text.SlNetIf_add)
                  2000f6e4    0000011c     libc.a : strtoul.c.obj (.text.strtoul)
                  2000f800    0000011a     drivers_cc32xx.a : UART2.c.obj (.text.UART2_writeTimeoutNonblocking)
                  2000f91a    00000002     libclang_rt.builtins.a : aeabi_div0.c.obj (.text.__aeabi_ldiv0)
                  2000f91c    00000118     json_release.a : json_engine.c.obj (.text.__JSON_Templetize)
                  2000fa34    00000118     libc.a : _printfi.c.obj (.text._pconv_e)
                  2000fb4c    00000118     json_make.o (.text.loadJson)
                  2000fc64    00000116     simplelink.a : sl_socket.obj (.text.sl_Close)
                  2000fd7a    00000114                  : fs.obj (.text.sl_FsGetInfo)
                  2000fe8e    00000112     driverlib.a : udma.obj (.text.uDMAChannelTransferSet)
                  2000ffa0    00000108     ti_sysbios_config.o (.text.PowerCC32XX_sleepPolicy)
                  200100a8    00000106     simplelink.a : device.obj (.text._SlDeviceHandleAsync_InitComplete)
                  200101ae    00000002     libc.a : _lock.c.obj (.text._nop)
                  200101b0    00000104     ti_sysbios_config.o (.text.ti_sysbios_family_arm_m3_Timer_Instance_init)
                  200102b4    00000102     json_release.a : parse_common.c.obj (.text.SmIncorporateValue)
                  200103b6    00000002     ti_sysbios_config.o (.text._system_pre_init)
                  200103b8    00000100     json_make.o (.text.jsonThread)
                  200104b8    000000fc     libclang_rt.builtins.a : muldf3.S.obj (.text.__muldf3)
                  200105b4    000000f8     ti_sysbios_config.o (.text.ti_sysbios_runtime_System_printfExtend)
                  200106ac    000000f4     ti_sysbios_config.o (.text.ti_sysbios_knl_Semaphore_pend)
                  200107a0    000000f0     libc.a : fputs.c.obj (.text.fputs)
                  20010890    000000ee     simplelink.a : driver.obj (.text._SlDrvRemoveFromList)
                  2001097e    000000ec                  : driver.obj (.text._SlDrvDriverIsApiAllowed)
                  20010a6a    00000002     ti_sysbios_config.o (.text.ti_sysbios_runtime_System_exitSpin)
                  20010a6c    000000ec     sysbios.a : Hwi_asm_gcc.s.obj (.text.ti_sysbios_family_arm_m3_Hwi_dispatch)
                  20010b58    000000ea     simplelink.a : netcfg.obj (.text.sl_NetCfgGet)
                  20010c42    00000002     --HOLE-- [fill = 0]
                  20010c44    000000e8     drivers_cc32xx.a : UART2CC32XX.c.obj (.text.UART2_close)
                  20010d2c    000000e2     simplelink.a : wlan.obj (.text.sl_WlanGet)
                  20010e0e    000000e0                  : cc_pal.obj (.text.NwpPowerOff)
                  20010eee    00000002     --HOLE-- [fill = 0]
                  20010ef0    000000e0     http_comm.o (.text.httpsTask)
                  20010fd0    000000dc     simplelink.a : netapp.obj (.text._SlNetAppHandleAsync_NetAppReceive)
                  200110ac    000000dc                  : sl_socket.obj (.text.sl_GetSockOpt)
                  20011188    000000da                  : sl_socket.obj (.text.sl_Send)
                  20011262    00000002     --HOLE-- [fill = 0]
                  20011264    000000d8     ti_sysbios_config.o (.text.pthread_create)
                  2001133c    000000d8     libc.a : setvbuf.c.obj (.text.setvbuf)
                  20011414    000000d8     httpclient_release.a : httpclient.om4 (.text.sprsend)
                  200114ec    000000d8     ti_sysbios_config.o (.text.ti_sysbios_family_arm_m3_Hwi_excFillContext)
                  200115c4    000000d6     slnetifwifi.a : slnetifwifi.obj (.text.SlNetIfWifi_getSockOpt)
                  2001169a    00000002     --HOLE-- [fill = 0]
                  2001169c    000000d4     drivers_cc32xx.a : SPICC32XXDMA.c.obj (.text.SPICC32XXDMA_transferCancel)
                  20011770    000000d4     simplelink.a : cc_pal.obj (.text.Semaphore_pend_handle)
                  20011844    000000d4     ti_sysbios_config.o (.text.clock_gettime)
                  20011918    000000d0     slnetifwifi.a : slnetifwifi.obj (.text.matchModeByRole)
                  200119e8    000000ce     simplelink.a : netapp.obj (.text._SlNetAppHandleAsync_DnsGetHostByName)
                  20011ab6    000000ce                  : sl_socket.obj (.text.sl_Bind)
                  20011b84    000000cc     json_release.a : parse_common.c.obj (.text.SmIncreaseNestingIntoArray)
                  20011c50    000000cc     drivers_cc32xx.a : UART2CC32XX.c.obj (.text.UART2Support_dmaStartRx)
                  20011d1c    000000ca     simplelink.a : driver.obj (.text._SlDrvHandleFatalError)
                  20011de6    000000ca                  : netapp.obj (.text._SlNetAppHandleAsync_PingResponse)
                  20011eb0    000000c6     driverlib.a : prcm.obj (.text.PRCMPeripheralClockGet)
                  20011f76    00000002     --HOLE-- [fill = 0]
                  20011f78    000000c4     drivers_cc32xx.a : UART2CC32XX.c.obj (.text.UART2CC32XX_initHw)
                  2001203c    000000c4     simplelink.a : driver.obj (.text._SlDrvIsTimeoutExpired)
                  20012100    000000c4     libc.a : s_scalbn.c.obj (.text.scalbn)
                  200121c4    000000c4     simplelink.a : fs.obj (.text.sl_FsClose)
                  20012288    000000c2     json_release.a : parse_common.c.obj (.text.DetermineHashForNewArrayMember)
                  2001234a    00000002     --HOLE-- [fill = 0]
                  2001234c    000000c0                    : utils.c.obj (.text.GetCanonizedCharacter)
                  2001240c    000000c0     platform.o (.text.SimpleLinkNetAppEventHandler)
                  200124cc    000000c0     simplelink.a : netutil.obj (.text._SlNetUtilHandleAsync_Cmd)
                  2001258c    000000be                  : netapp.obj (.text._SlNetAppSendResponse)
                  2001264a    00000002     --HOLE-- [fill = 0]
                  2001264c    000000b8     drivers_cc32xx.a : UART2CC32XX.c.obj (.text.UART2Support_dmaStartTx)
                  20012704    000000b8     simplelink.a : sl_socket.obj (.text._SlDrvUnRegisterForSelectAsync)
                  200127bc    000000b8                  : driver.obj (.text._SlSpawnMsgListProcess)
                  20012874    000000b8     ti_sysbios_config.o (.text.ti_sysbios_knl_Task_Instance_finalize)
                  2001292c    000000b8     ti_sysbios_config.o (.text.ti_sysbios_knl_Task_setPri)
                  200129e4    000000b4     json_release.a : json.c.obj (.text.Json_parse)
                  20012a98    000000b4     drivers_cc32xx.a : SPICC32XXDMA.c.obj (.text.SPICC32XXDMA_close)
                  20012b4c    000000b4     driverlib.a : spi.obj (.text.SPIConfigSetExpClk)
                  20012c00    000000b4     simplelink.a : cc_pal.obj (.text.spi_Read)
                  20012cb4    000000b4                  : cc_pal.obj (.text.spi_Write)
                  20012d68    000000b2                  : driver.obj (.text._SlDrvProtectAsyncRespSetting)
                  20012e1a    00000002     --HOLE-- [fill = 0]
                  20012e1c    000000b0     libclang_rt.builtins.a : udivmoddi4.S.obj (.text)
                  20012ecc    000000ac     driverlib.a : gpio.obj (.text.GPIOIntTypeSet)
                  20012f78    000000ac     simplelink.a : sl_socket.obj (.text._SlSocketHandleAsync_Close)
                  20013024    000000ac                  : sl_socket.obj (.text._SlSocketHandleAsync_Connect)
                  200130d0    000000ac     add_func.o (.text.schedFuncs)
                  2001317c    000000aa     slnetsock_release.a : slnetsock.om4 (.text.SlNetSock_create)
                  20013226    000000a6     slnetifwifi.a : slnetifwifi.obj (.text.SlNetIfWifi_ping)
                  200132cc    000000a4     simplelink.a : fs.obj (.text.FsGetCreateFsMode)
                  20013370    000000a4     httpclient_release.a : httpclient.om4 (.text.getStatus)
                  20013414    000000a4     simplelink.a : sl_socket.obj (.text.sl_Recv)
                  200134b8    000000a4                  : sl_socket.obj (.text.sl_SetSockOpt)
                  2001355c    000000a4     ti_sysbios_config.o (.text.ti_sysbios_knl_Task_Instance_init)
                  20013600    000000a4     ti_sysbios_config.o (.text.ti_sysbios_knl_Task_sleep)
                  200136a4    000000a2     driverlib.a : pin.obj (.text.PinConfigSet)
                  20013746    0000009e     simplelink.a : sl_socket.obj (.text._SlDrvOpenCtrlSocket)
                  200137e4    0000009c     json_release.a : utils.c.obj (.text.FindIndexIn_OrJustAfter_Array)
                  20013880    0000009c     simplelink.a : sl_socket.obj (.text._SlSocketHandleAsync_Accept)
                  2001391c    00000098     slnetifwifi.a : slnetifwifi.obj (.text.SlNetIfWifi_sockstartSec)
                  200139b4    00000098     simplelink.a : device.obj (.text._SlDeviceHandleAsync_Stop)
                  20013a4c    00000096                  : eventreg.obj (.text.sl_UnregisterLibsEventHandler)
                  20013ae2    0000000e                  : cc_pal.obj (.text.NwpMaskInterrupt)
                  20013af0    00000096     drivers_cc32xx.a : PowerCC32XX_ticlang.asm.obj (.text)
                  20013b86    00000094     simplelink.a : sl_socket.obj (.text.sl_Socket)
                  20013c1a    00000094     drivers_cc32xx.a : SPICC32XXDMA.c.obj (.text.spiHwiFxn)
                  20013cae    00000092     driverlib.a : spi.obj (.text.SPIIntStatus)
                  20013d40    00000092                 : udma.obj (.text.uDMAChannelAttributeDisable)
                  20013dd2    00000002     --HOLE-- [fill = 0]
                  20013dd4    00000090     drivers_cc32xx.a : GPIOCC32XX.c.obj (.text.GPIO_init)
                  20013e64    00000090     main_tirtos.o (.text.main)
                  20013ef4    00000090     httpclient_release.a : httpclient.om4 (.text.sendReqHeaders)
                  20013f84    0000008e     driverlib.a : prcm.obj (.text.PRCMSysResetCauseGet)
                  20014012    0000008e     json_release.a : parse_common.c.obj (.text.SmIncorporatePropertyName)
                  200140a0    0000008c     ti_sysbios_config.o (.text.ti_sysbios_knl_Mailbox_post)
                  2001412c    00000088     drivers_cc32xx.a : PowerCC32XX.c.obj (.text.PowerCC32XX_configureWakeup)
                  200141b4    00000088     json_release.a : utils.c.obj (.text.ReadIntegerAndSkip)
                  2001423c    00000088     slnetsock_release.a : slnetsock.om4 (.text.SlNetSock_getVirtualSdConf)
                  200142c4    00000084                         : slnetutils.om4 (.text.SlNetUtil_getHostByName)
                  20014348    00000084     drivers_cc32xx.a : SPICC32XXDMA.c.obj (.text.initHw)
                  200143cc    00000080     ti_sysbios_config.o (.text._pthread_abstime2ticks)
                  2001444c    0000007e     httpclient_release.a : httpclient.om4 (.text.readLine)
                  200144ca    0000007c     simplelink.a : netapp.obj (.text._SlNetAppSendTokenValue)
                  20014546    00000002     --HOLE-- [fill = 0]
                  20014548    0000007c     ti_sysbios_config.o (.text.ti_sysbios_family_arm_m3_Hwi_postInit)
                  200145c4    0000007a     json_release.a : parse_common.c.obj (.text.SmDecreaseNestingAndPop)
                  2001463e    00000078                    : parse_common.c.obj (.text.IncreaseNesting_Common)
                  200146b6    00000002     --HOLE-- [fill = 0]
                  200146b8    00000078                    : json.c.obj (.text.Json_createObject)
                  20014730    00000078     drivers_cc32xx.a : PowerCC32XX.c.obj (.text.Power_init)
                  200147a8    00000078     simplelink.a : driver.obj (.text._SlDrvRxIrqHandler)
                  20014820    00000078     ti_sysbios_config.o (.text._pthread_removeThreadKeys)
                  20014898    00000078     ti_sysbios_config.o (.text.ti_sysbios_knl_Task_postInit)
                  20014910    00000076     simplelink.a : cc_pal.obj (.text.spi_Open)
                  20014986    00000074     driverlib.a : prcm.obj (.text.PRCMHibernateWakeUpGPIOSelect)
                  200149fa    00000074     slnetifwifi.a : slnetifwifi.obj (.text.SlNetIfWifi_setSockOpt)
                  20014a6e    00000074     driverlib.a : uart.obj (.text.UARTConfigSetExpClk)
                  20014ae2    00000074     simplelink.a : driver.obj (.text._SlSpawnMsgListGetCount)
                  20014b56    00000002     --HOLE-- [fill = 0]
                  20014b58    00000074     libc.a : fclose.c.obj (.text.__TI_closefile)
                  20014bcc    00000074     ti_sysbios_config.o (.text.acquireMutex)
                  20014c40    00000074     ti_sysbios_config.o (.text.ti_sysbios_family_arm_m3_Hwi_initNVIC)
                  20014cb4    00000074     ti_sysbios_config.o (.text.ti_sysbios_knl_Swi_restoreHwi)
                  20014d28    00000072     simplelink.a : device.obj (.text._SlDeviceHandleResetRequestInternally)
                  20014d9a    00000072                  : sl_socket.obj (.text._SlDrvCloseCtrlSocket)
                  20014e0c    00000072                  : spawn.obj (.text._SlInternalSpawn)
                  20014e7e    00000072                  : sl_socket.obj (.text.sl_Listen)
                  20014ef0    00000070     ti_sysbios_config.o (.text.ti_sysbios_family_arm_m3_Hwi_Instance_init)
                  20014f60    00000070     ti_sysbios_config.o (.text.ti_sysbios_heaps_HeapMem_allocUnprotected)
                  20014fd0    00000070     ti_sysbios_config.o (.text.ti_sysbios_knl_Task_startup)
                  20015040    00000070     ti_sysbios_config.o (.text.ti_sysbios_runtime_System_formatNum)
                  200150b0    00000070     libc.a : copy_decompress_lzss.c.obj (.text:decompress:lzss)
                  20015120    0000006e     libclang_rt.builtins.a : comparedf2.c.obj (.text.__gedf2)
                  2001518e    00000002     --HOLE-- [fill = 0]
                  20015190    0000006e                            : comparedf2.c.obj (.text.__ledf2)
                  200151fe    0000006c     driverlib.a : pin.obj (.text.PinLockLevelSet)
                  2001526a    00000002     --HOLE-- [fill = 0]
                  2001526c    0000006c     drivers_cc32xx.a : PowerCC32XX.c.obj (.text.Power_setDependency)
                  200152d8    0000006c     driverlib.a : spi.obj (.text.SPIIntDisable)
                  20015344    0000006c     drivers_cc32xx.a : UDMACC32XX.c.obj (.text.UDMACC32XX_open)
                  200153b0    0000006c     simplelink.a : driver.obj (.text._SlDrvCmdSend_noLock)
                  2001541c    0000006c     libc.a : _printfi.c.obj (.text._mcpy)
                  20015488    0000006c     json_make.o (.text.parseJson)
                  200154f4    0000006c     drivers_cc32xx.a : GPIOCC32XX.c.obj (.text.powerNotifyFxn)
                  20015560    0000006c     ti_sysbios_config.o (.text.ti_sysbios_family_arm_m3_Hwi_dispatchC)
                  200155cc    0000006c     ti_sysbios_config.o (.text.ti_sysbios_hal_Seconds_getTime)
                  20015638    0000006c     ti_sysbios_config.o (.text.ti_sysbios_knl_Clock_workFunc)
                  200156a4    0000006a     driverlib.a : prcm.obj (.text.PRCMPeripheralReset)
                  2001570e    0000006a     slnetifwifi.a : slwificonn.obj (.text.SignalEvent)
                  20015778    00000068     driverlib.a : spi.obj (.text.SPIIntEnable)
                  200157e0    00000068     slnetsock_release.a : slnetsock.om4 (.text.SlNetSock_AllocVirtualSocket)
                  20015848    00000068     libc.a : fseek.c.obj (.text.fseeko)
                  200158b0    00000068            : getdevice.c.obj (.text.getdevice)
                  20015918    00000068     json_make.o (.text.readJson)
                  20015980    00000068     simplelink.a : eventreg.obj (.text.sl_RegisterLibsEventHandler)
                  200159e8    00000068     ti_sysbios_config.o (.text.ti_sysbios_knl_Clock_init)
                  20015a50    00000068     ti_sysbios_config.o (.text.ti_sysbios_knl_Swi_run)
                  20015ab8    00000066     json_release.a : parse_common.c.obj (.text.FindInDictionary_AndSkip)
                  20015b1e    00000066                    : utils.c.obj (.text.FindLastExplicitlySpecifiedMember)
                  20015b84    00000066     simplelink.a : wlan.obj (.text.sl_WlanSetMode)
                  20015bea    00000064     json_release.a : json_engine.c.obj (.text.AdjustOffsetOfStrings)
                  20015c4e    00000002     --HOLE-- [fill = 0]
                  20015c50    00000064     libsysbm.a : hostrename.c.obj (.text.HOSTrename)
                  20015cb4    00000064     httpclient_release.a : httpclient.om4 (.text.HTTPClient_disconnect)
                  20015d18    00000064                          : httpclient.om4 (.text.HTTPClient_getHeader)
                  20015d7c    00000064     json_release.a : json.c.obj (.text.Json_createTemplate)
                  20015de0    00000064     simplelink.a : cc_pal.obj (.text.NwpRegisterInterruptHandler)
                  20015e44    00000064     slnetsock_release.a : slnetsock.om4 (.text.SlNetSock_secAttribSet)
                  20015ea8    00000064     slnetifwifi.a : slwificonn.obj (.text.SlWifiConn_enable)
                  20015f0c    00000064     ti_sysbios_config.o (.text.ti_sysbios_knl_Idle_init)
                  20015f70    00000062     driverlib.a : spi.obj (.text.SPIIntClear)
                  20015fd2    00000062     simplelink.a : eventreg.obj (.text._SlNetAppHttpServerHdlr)
                  20016034    00000062                  : eventreg.obj (.text._SlNetAppRequestHdlr)
                  20016096    00000002     --HOLE-- [fill = 0]
                  20016098    00000062     libclang_rt.builtins.a : aeabi_dcmp.S.obj (.text.__aeabi_dcmp)
                  200160fa    00000002     --HOLE-- [fill = 0]
                  200160fc    00000060     platform.o (.text.Connect)
                  2001615c    00000060     httpclient_release.a : httpclient.om4 (.text.HTTPClient_create)
                  200161bc    00000060     slnetsock_release.a : slnetif.om4 (.text.SlNetIf_queryIf)
                  2001621c    00000060     drivers_cc32xx.a : UART2CC32XX.c.obj (.text.UART2Support_dmaStopTx)
                  2001627c    00000060     simplelink.a : driver.obj (.text._SlDrvSyncObjWaitTimeout)
                  200162dc    00000060     libc.a : _io_perm.c.obj (.text.__TI_wrt_ok)
                  2001633c    00000060     libsysbm.a : close.c.obj (.text.close)
                  2001639c    00000060     ti_sysbios_config.o (.text.ti_sysbios_knl_Semaphore_post)
                  200163fc    00000060     ti_sysbios_config.o (.text.ti_sysbios_knl_Swi_schedule)
                  2001645c    0000005c     driverlib.a : flash.obj (.text.FlashDisable)
                  200164b8    0000005c                 : prcm.obj (.text.PRCMHibernateWakeupSourceDisable)
                  20016514    0000005c     simplelink.a : driver.obj (.text._SlDrvUpdateApiInProgress)
                  20016570    0000005c                  : eventreg.obj (.text._SlIsEventRegistered)
                  200165cc    0000005c     libc.a : _printfi.c.obj (.text._pconv_f)
                  20016628    0000005c     ti_sysbios_config.o (.text.pthread_exit)
                  20016684    0000005a     driverlib.a : prcm.obj (.text.PRCMPeripheralClkEnable)
                  200166de    0000005a     simplelink.a : eventreg.obj (.text._SlDeviceFatalErrorEvtHdlr)
                  20016738    0000005a                  : eventreg.obj (.text._SlDeviceGeneralEvtHdlr)
                  20016792    0000005a                  : driver.obj (.text._SlDrvGlobalObjUnLock)
                  200167ec    0000005a                  : eventreg.obj (.text._SlNetAppEvtHdlr)
                  20016846    0000005a                  : eventreg.obj (.text._SlNetAppRequestMemFree)
                  200168a0    0000005a                  : eventreg.obj (.text._SlSockEvtHdlr)
                  200168fa    0000005a                  : eventreg.obj (.text._SlWlanEvtHdlr)
                  20016954    00000058     libsysbm.a : hostlseek.c.obj (.text.HOSTlseek)
                  200169ac    00000058                : hostopen.c.obj (.text.HOSTopen)
                  20016a04    00000058     slnetsock_release.a : slnetsock.om4 (.text.SlNetSock_recv)
                  20016a5c    00000058                         : slnetsock.om4 (.text.SlNetSock_send)
                  20016ab4    00000058     simplelink.a : sl_socket.obj (.text._SlDrvClearCtrlSocket)
                  20016b0c    00000056     driverlib.a : prcm.obj (.text.PRCMLPDSEnter)
                  20016b62    00000056     slnetifwifi.a : slnetifwifi.obj (.text.SlNetIfWifi_getIPAddr)
                  20016bb8    00000056     libc.a : _ltoa.c.obj (.text.__TI_ltoa)
                  20016c0e    00000002     --HOLE-- [fill = 0]
                  20016c10    00000054     drivers_cc32xx.a : GPIOCC32XX.c.obj (.text.GPIO_toggle)
                  20016c64    00000054     libsysbm.a : hostread.c.obj (.text.HOSTread)
                  20016cb8    00000054                : hostwrite.c.obj (.text.HOSTwrite)
                  20016d0c    00000054     ti_sysbios_config.o (.text.HwiP_create)
                  20016d60    00000054     drivers_cc32xx.a : PowerCC32XX.c.obj (.text.PowerCC32XX_setParkState)
                  20016db4    00000054                      : PowerCC32XX.c.obj (.text.Power_releaseDependency)
                  20016e08    00000054     driverlib.a : spi.obj (.text.SPIDmaMaskGet)
                  20016e5c    00000054     platform.o (.text.SimpleLinkWlanEventHandler)
                  20016eb0    00000054     slnetifwifi.a : slnetifwifi.obj (.text.SlNetIfWifi_getConnectionStatus)
                  20016f04    00000054     simplelink.a : driver.obj (.text._SlFindAndReleasePendingCmd)
                  20016f58    00000054     libc.a : s_frexp.c.obj (.text.frexp)
                  20016fac    00000054     ti_sysbios_config.o (.text.mq_send)
                  20017000    00000054     ti_sysbios_config.o (.text.ti_sysbios_family_arm_m3_Timer_start)
                  20017054    00000052     display_cc32xx.a : DisplayUart2.c.obj (.text.DisplayUart2Min_vprintf)
                  200170a6    00000052     json_release.a : parse_common.c.obj (.text.IncorporateValue_Common_Template)
                  200170f8    00000052     simplelink.a : sl_socket.obj (.text._SlSocketBuildAddress)
                  2001714a    00000002     --HOLE-- [fill = 0]
                  2001714c    00000050     display_cc32xx.a : Display.c.obj (.text.Display_doOpen)
                  2001719c    00000050     drivers_cc32xx.a : GPIOCC32XX.c.obj (.text.GPIO_hwiIntFxn)
                  200171ec    00000050     simplelink.a : cc_pal.obj (.text.NwpWaitForShutDownInd)
                  2001723c    00000050     driverlib.a : prcm.obj (.text.PRCMHibernateWakeupSourceEnable)
                  2001728c    00000050     json_release.a : utils.c.obj (.text.PathParserRewind)
                  200172dc    00000050     simplelink.a : driver.obj (.text._SlDrvCmdSend_noWait)
                  2001732c    00000050     libc.a : fflush.c.obj (.text.__TI_doflush)
                  2001737c    00000050     ti_sysbios_config.o (.text.ti_sysbios_knl_Swi_post)
                  200173cc    00000050     ti_sysbios_config.o (.text.ti_sysbios_knl_Swi_runLoop)
                  2001741c    0000004e     slnetifwifi.a : slnetifwifi.obj (.text.SlNetIfWifi_sendTo)
                  2001746a    0000004e     libc.a : _printfi.c.obj (.text._ecpy)
                  200174b8    0000004e     ti_sysbios_config.o (.text.ti_sysbios_heaps_HeapMem_freeUnprotected)
                  20017506    0000004e     driverlib.a : udma.obj (.text.uDMAChannelAssign)
                  20017554    0000004c     ti_sysbios_config.o (.text.BIOS_startFunc)
                  200175a0    0000004c     drivers_cc32xx.a : GPIOCC32XX.c.obj (.text.GPIO_setInterruptConfig)
                  200175ec    0000004c     json_release.a : utils.c.obj (.text.IncreaseNestingAccordingToEntry)
                  20017638    0000004c     driverlib.a : prcm.obj (.text.PRCMLPDSRestoreInfoSet)
                  20017684    0000004c     slnetsock_release.a : slnetsock.om4 (.text.SlNetSock_freeVirtualSocket)
                  200176d0    0000004c     ti_sysbios_config.o (.text.ti_sysbios_knl_Swi_Instance_init)
                  2001771c    0000004c     simplelink.a : sl_socket.obj (.text.to_mSec)
                  20017768    0000004a     httpclient_release.a : httpclient.om4 (.text.HTTPClient_destroy)
                  200177b2    0000004a     drivers_cc32xx.a : UART2CC32XX.c.obj (.text.UART2Support_dmaStopRx)
                  200177fc    0000004a     simplelink.a : spawn.obj (.text._SlInternalSpawnWaitForEvent)
                  20017846    0000004a     driverlib.a : udma.obj (.text.uDMAChannelSizeGet)
                  20017890    00000048     ti_sysbios_config.o (.text.BIOS_init)
                  200178d8    00000048     driverlib.a : prcm.obj (.text.PRCMIntEnable)
                  20017920    00000048                 : prcm.obj (.text.PRCMPeripheralStatusGet)
                  20017968    00000048                 : pin.obj (.text.PinConfigGet)
                  200179b0    00000048     slnetifwifi.a : slnetifwifi.obj (.text.SlNetIfWifi_recvFrom)
                  200179f8    00000048     libclang_rt.builtins.a : fixdfsi.S.obj (.text.__fixdfsi)
                  20017a40    00000048     httpclient_release.a : httpclient.om4 (.text.clearReqHeaders)
                  20017a88    00000048     ti_sysbios_config.o (.text.ti_sysbios_family_arm_m3_Hwi_create)
                  20017ad0    00000048     sysbios.a : Hwi_asm_switch_gcc.s.obj (.text.ti_sysbios_family_arm_m3_Hwi_initStacks)
                  20017b18    00000048     ti_sysbios_config.o (.text.ti_sysbios_family_arm_m3_Timer_initDevice)
                  20017b60    00000048     ti_sysbios_config.o (.text.ti_sysbios_hal_Seconds_getCount)
                  20017ba8    00000048     ti_sysbios_config.o (.text.ti_sysbios_heaps_HeapMem_Instance_init)
                  20017bf0    00000048     ti_sysbios_config.o (.text.ti_sysbios_heaps_HeapMem_alloc)
                  20017c38    00000048     ti_sysbios_config.o (.text.ti_sysbios_knl_Task_schedule)
                  20017c80    00000048     ti_sysbios_config.o (.text.ti_sysbios_runtime_Startup_exec)
                  20017cc8    00000046     driverlib.a : prcm.obj (.text.PRCMLPDSEnterKeepDebugIf)
                  20017d0e    00000046     drivers_cc32xx.a : RingBuf.c.obj (.text.RingBuf_put)
                  20017d54    00000046     slnetifwifi.a : slnetifwifi.obj (.text.SlNetIfWifi_getHostByName)
                  20017d9a    00000046                   : slwificonn.obj (.text.SlWifiConn_disable)
                  20017de0    00000044     ti_sysbios_config.o (.text.BIOS_atExitFunc)
                  20017e24    00000044     driverlib.a : gpio.obj (.text.GPIODirModeSet)
                  20017e68    00000044     drivers_cc32xx.a : GPIOCC32XX.c.obj (.text.GPIO_disableInt)
                  20017eac    00000044                      : GPIOCC32XX.c.obj (.text.GPIO_enableInt)
                  20017ef0    00000044     libsysbm.a : hostunlink.c.obj (.text.HOSTunlink)
                  20017f34    00000044     drivers_cc32xx.a : PowerCC32XX.c.obj (.text.Power_releaseConstraint)
                  20017f78    00000044                      : SPI.c.obj (.text.SPI_init)
                  20017fbc    00000044     json_release.a : utils.c.obj (.text.SkipPropertyTableEntry)
                  20018000    00000044     slnetsock_release.a : slnetsock.om4 (.text.SlNetSock_init)
                  20018044    00000044                         : slnetsock.om4 (.text.SlNetSock_startSec)
                  20018088    00000044     libclang_rt.builtins.a : fixunsdfsi.S.obj (.text.__fixunsdfsi)
                  200180cc    00000044     json_make.o (.text.makeJson)
                  20018110    00000044     libc.a : snprintf.c.obj (.text.snprintf)
                  20018154    00000044     ti_net_config.o (.text.ti_net_SlNet_initConfig)
                  20018198    00000044     ti_sysbios_config.o (.text.ti_sysbios_family_arm_m3_Hwi_Instance_finalize)
                  200181dc    00000044     ti_sysbios_config.o (.text.ti_sysbios_family_arm_m3_Hwi_construct2)
                  20018220    00000044     ti_sysbios_config.o (.text.ti_sysbios_family_arm_m3_Hwi_disableInterrupt)
                  20018264    00000044     ti_sysbios_config.o (.text.ti_sysbios_family_arm_m3_Hwi_enableInterrupt)
                  200182a8    00000044     ti_sysbios_config.o (.text.ti_sysbios_family_arm_m3_Timer_setPeriodMicroSecs)
                  200182ec    00000044     ti_sysbios_config.o (.text.ti_sysbios_knl_Swi_restore)
                  20018330    00000044     ti_sysbios_config.o (.text.ti_sysbios_knl_Task_create)
                  20018374    00000042     driverlib.a : pin.obj (.text.PinModeSet)
                  200183b6    00000042     slnetifwifi.a : slnetifwifi.obj (.text.SlNetIfWifi_select)
                  200183f8    00000042                   : slnetifwifi.obj (.text.SlNetIfWifi_socket)
                  2001843a    00000042     simplelink.a : spawn.obj (.text._SlInternalSpawnTaskEntry)
                  2001847c    00000042     httpclient_release.a : httpclient.om4 (.text.clearResponseValues)
                  200184be    00000042     ti_sysbios_config.o (.text.getCountsRTC)
                  20018500    00000040     json_release.a : utils.c.obj (.text.DetermineValueSize)
                  20018540    00000040     drivers_cc32xx.a : SPI.c.obj (.text.SPI_open)
                  20018580    00000040     slnetsock_release.a : slnetsock.om4 (.text.SlNetSock_connect)
                  200185c0    00000040     simplelink.a : driver.obj (.text._SlDrvSyncObjWaitForever)
                  20018600    00000040     libc.a : atoi.c.obj (.text.atoi)
                  20018640    00000040     json_make.o (.text.jsonInit)
                  20018680    00000040     ti_sysbios_config.o (.text.ti_sysbios_heaps_HeapMem_getStats)
                  200186c0    00000040     ti_sysbios_config.o (.text.ti_sysbios_knl_ClockSupport_init)
                  20018700    00000040     ti_sysbios_config.o (.text.ti_sysbios_knl_Task_exit)
                  20018740    00000040     driverlib.a : udma.obj (.text.uDMAChannelControlSet)
                  20018780    0000003e                 : pin.obj (.text.PinDirModeSet)
                  200187be    0000003e     json_release.a : json_engine.c.obj (.text.__JSON_Parse)
                  200187fc    0000003e     ti_sysbios_config.o (.text.sem_timedwait)
                  2001883a    0000003c     simplelink.a : sl_socket.obj (.text.CountSetBits)
                  20018876    0000003c     display_cc32xx.a : DisplayUart2.c.obj (.text.DisplayUart2Min_open)
                  200188b2    00000002     --HOLE-- [fill = 0]
                  200188b4    0000003c     libsysbm.a : hostclose.c.obj (.text.HOSTclose)
                  200188f0    0000003c     ti_sysbios_config.o (.text.HwiP_construct)
                  2001892c    0000003c     drivers_cc32xx.a : UDMACC32XX.c.obj (.text.UDMACC32XX_init)
                  20018968    0000003c     simplelink.a : driver.obj (.text._SlDrvIsApiInProgress)
                  200189a4    0000003c                  : driver.obj (.text._SlDrvProtectionObjLockWaitForever)
                  200189e0    0000003c                  : driver.obj (.text._SlDrvProtectionObjUnLock)
                  20018a1c    0000003c     ti_sysbios_config.o (.text.ti_sysbios_heaps_HeapMem_construct)
                  20018a58    0000003c     ti_sysbios_config.o (.text.ti_sysbios_knl_Task_blockI)
                  20018a94    0000003c     ti_sysbios_config.o (.text.ti_sysbios_knl_Task_restore)
                  20018ad0    0000003c     ti_sysbios_config.o (.text.ti_sysbios_runtime_Memory_alloc)
                  20018b0c    0000003c     libc.a : vsnprintf.c.obj (.text.vsnprintf)
                  20018b48    0000003a     simplelink.a : cc_pal.obj (.text.Mutex_create_handle)
                  20018b82    0000003a                  : netapp.obj (.text._SlNetAppCopyPingResultsToReport)
                  20018bbc    00000038     json_release.a : json.c.obj (.text.Json_getValue)
                  20018bf4    00000038     ti_sysbios_config.o (.text.MemAlloc_alloc)
                  20018c2c    00000038     drivers_cc32xx.a : PowerCC32XX.c.obj (.text.Power_setConstraint)
                  20018c64    00000038                      : RingBuf.c.obj (.text.RingBuf_putAdvance)
                  20018c9c    00000038                      : UDMACC32XX.c.obj (.text.UDMACC32XX_close)
                  20018cd4    00000038     libclang_rt.builtins.a : extendsfdf2.S.obj (.text.__extendsfdf2)
                  20018d0c    00000038     ti_sysbios_config.o (.text.pthread_mutex_init)
                  20018d44    00000038     libc.a : sprintf.c.obj (.text.sprintf)
                  20018d7c    00000038     ti_sysbios_config.o (.text.ti_sysbios_family_arm_m3_Timer_Instance_finalize)
                  20018db4    00000038     ti_sysbios_config.o (.text.ti_sysbios_knl_TaskSupport_buildTaskStack)
                  20018dec    00000038     ti_sysbios_config.o (.text.ti_sysbios_knl_Task_processVitalTaskFlag)
                  20018e24    00000038     libc.a : autoinit.c.obj (.text:__TI_auto_init_nobinit_nopinit)
                  20018e5c    00000036     driverlib.a : pin.obj (.text.PinLock)
                  20018e92    00000036                 : spi.obj (.text.SPIFIFOLevelSet)
                  20018ec8    00000036     slnetsock_release.a : slnetsock.om4 (.text.SlNetSock_close)
                  20018efe    00000036     driverlib.a : uart.obj (.text.UARTCharPutNonBlocking)
                  20018f34    00000036     httpclient_release.a : httpclient.om4 (.text.stringcasecmp)
                  20018f6a    00000034     driverlib.a : pin.obj (.text.PinDirModeGet)
                  20018f9e    00000034                 : pin.obj (.text.PinModeGet)
                  20018fd2    00000034     drivers_cc32xx.a : PowerCC32XX.c.obj (.text.PowerCC32XX_parkPin)
                  20019006    00000002     --HOLE-- [fill = 0]
                  20019008    00000034     slnetsock_release.a : slnetutils.om4 (.text.SlNetUtil_strTok)
                  2001903c    00000034     json_release.a : parse_common.c.obj (.text.SmIncreaseNestingIntoObject)
                  20019070    00000034     drivers_cc32xx.a : UART2.c.obj (.text.UART2_rxDisable)
                  200190a4    00000034     simplelink.a : fs.obj (.text._SlFsStrlen)
                  200190d8    00000034     libc.a : fopen.c.obj (.text.__TI_cleanup)
                  2001910c    00000034     libsysbm.a : trgmsg.c.obj (.text.__TI_writemsg)
                  20019140    00000034     libc.a : _printfi.c.obj (.text._fcpy)
                  20019174    00000034     ti_sysbios_config.o (.text._pthread_cleanupFxn)
                  200191a8    00000034     ti_sysbios_config.o (.text.pthread_mutex_unlock)
                  200191dc    00000034     httpclient_release.a : httpclient.om4 (.text.stringncasecmp)
                  20019210    00000034     ti_sysbios_config.o (.text.ti_sysbios_family_arm_m3_Hwi_getStackInfo)
                  20019244    00000034     ti_sysbios_config.o (.text.ti_sysbios_family_arm_m3_Hwi_init)
                  20019278    00000034     ti_sysbios_config.o (.text.ti_sysbios_family_arm_m3_Timer_periodicStub)
                  200192ac    00000034     ti_sysbios_config.o (.text.ti_sysbios_knl_Task_unblockI)
                  200192e0    00000034     ti_sysbios_config.o (.text.ti_sysbios_runtime_Error_raiseX)
                  20019314    00000032     slnetifwifi.a : slnetifwifi.obj (.text.SlNetIfWifi_CreateContext)
                  20019346    00000032     simplelink.a : driver.obj (.text._SlDrvObjLockWaitForever)
                  20019378    00000032                  : driver.obj (.text._SlDrvObjUnLock)
                  200193aa    00000032                  : driver.obj (.text._SlDrvSyncObjSignal)
                  200193dc    00000032     ti_sysbios_config.o (.text.ti_sysbios_knl_Semaphore_pendTimeout)
                  2001940e    00000030     driverlib.a : prcm.obj (.text.PRCMLPDSIntervalSet)
                  2001943e    00000030                 : prcm.obj (.text.PRCMSlowClkCtrFastGet)
                  2001946e    00000030     slnetifwifi.a : slnetifwifi.obj (.text.SlNetIfWifi_recv)
                  2001949e    00000030                   : slnetifwifi.obj (.text.SlNetIfWifi_send)
                  200194ce    00000030     simplelink.a : driver.obj (.text._SlDrvStartMeasureTimeout)
                  200194fe    00000002     --HOLE-- [fill = 0]
                  20019500    00000030     libsysbm.a : trgmsg.c.obj (.text.__TI_readmsg)
                  20019530    00000030     libc.a : snprintf.c.obj (.text._outs)
                  20019560    00000030            : vsnprintf.c.obj (.text._outs)
                  20019590    00000030     ti_sysbios_config.o (.text.getTime)
                  200195c0    00000030     drivers_cc32xx.a : PowerCC32XX.c.obj (.text.notify)
                  200195f0    00000030     libc.a : strncasecmp.c.obj (.text.strncasecmp)
                  20019620    00000030     ti_sysbios_config.o (.text.ti_sysbios_family_arm_m3_Hwi_excHandlerMin)
                  20019650    00000030     ti_sysbios_config.o (.text.ti_sysbios_heaps_HeapMem_free)
                  20019680    00000030     ti_sysbios_config.o (.text.ti_sysbios_knl_Clock_walkQueuePeriodic)
                  200196b0    00000030     ti_sysbios_config.o (.text.ti_sysbios_knl_TaskSupport_start)
                  200196e0    00000030     ti_sysbios_config.o (.text.ti_sysbios_runtime_System_atexit)
                  20019710    00000030     ti_sysbios_config.o (.text.ti_sysbios_runtime_System_processAtExit)
                  20019740    00000030     ti_sysbios_config.o (.text.usleep)
                  20019770    0000002e     driverlib.a : gpio.obj (.text.GPIOIntStatus)
                  2001979e    0000002e     json_release.a : utils.c.obj (.text.NextHash)
                  200197cc    0000002e     simplelink.a : cc_pal.obj (.text.NwpPowerOn)
                  200197fa    0000002e     drivers_cc32xx.a : RingBuf.c.obj (.text.RingBuf_getConsume)
                  20019828    0000002e                      : RingBuf.c.obj (.text.RingBuf_putPointer)
                  20019856    0000002e     driverlib.a : uart.obj (.text.UARTDisable)
                  20019884    0000002e     libclang_rt.builtins.a : floatsidf.S.obj (.text.__floatsidf)
                  200198b2    00000002     --HOLE-- [fill = 0]
                  200198b4    0000002c     json_release.a : json.c.obj (.text.Json_destroyObject)
                  200198e0    0000002c     slnetsock_release.a : slnetif.om4 (.text.SlNetIf_init)
                  2001990c    0000002c     drivers_cc32xx.a : UART2CC32XX.c.obj (.text.UART2CC32XX_getRxData)
                  20019938    0000002c     ti_sysbios_config.o (.text._pthread_delete)
                  20019964    0000002c     libc.a : getdevice.c.obj (.text.finddevice)
                  20019990    0000002c     libsysbm.a : lseek.c.obj (.text.lseek)
                  200199bc    0000002c     libc.a : strstr.c.obj (.text.strstr)
                  200199e8    0000002c     ti_sysbios_config.o (.text.ti_sysbios_family_arm_m3_Timer_construct)
                  20019a14    0000002c     ti_sysbios_config.o (.text.ti_sysbios_gates_GateMutex_enter)
                  20019a40    0000002c     ti_sysbios_config.o (.text.ti_sysbios_knl_Task_restoreHwi)
                  20019a6c    0000002c     libsysbm.a : unlink.c.obj (.text.unlink)
                  20019a98    0000002c                : write.c.obj (.text.write)
                  20019ac4    0000002a     driverlib.a : prcm.obj (.text.PRCMLPDSWakeUpGPIOSelect)
                  20019aee    0000002a                 : prcm.obj (.text.PRCMPeripheralClkDisable)
                  20019b18    0000002a     slnetifwifi.a : slnetifwifi.obj (.text.SlNetIfWifi_connect)
                  20019b42    0000002a     driverlib.a : uart.obj (.text.UARTIntStatus)
                  20019b6c    0000002a     simplelink.a : flowcont.obj (.text._SlFlowContSet)
                  20019b96    0000002a     ti_sysbios_config.o (.text.ti_sysbios_knl_Task_allBlockedFunction)
                  20019bc0    00000028     ti_sysbios_config.o (.text.BIOS_registerRTSLock)
                  20019be8    00000028     drivers_cc32xx.a : List.c.obj (.text.List_remove)
                  20019c10    00000028     driverlib.a : prcm.obj (.text.PRCMSRAMRetentionEnable)
                  20019c38    00000028     drivers_cc32xx.a : PowerCC32XX.c.obj (.text.PowerCC32XX_getParkState)
                  20019c60    00000028     driverlib.a : spi.obj (.text.SPIReset)
                  20019c88    00000028     slnetifwifi.a : slnetifwifi.obj (.text.SlNetIfWifi_accept)
                  20019cb0    00000028     slnetsock_release.a : slnetsock.om4 (.text.SlNetSock_secAttribDelete)
                  20019cd8    00000028     slnetifwifi.a : slwificonn.obj (.text.SlWifiConn_registerNetIFCallback)
                  20019d00    00000028     ti_sysbios_config.o (.text.calloc)
                  20019d28    00000028     libc.a : memmov.c.obj (.text.memmove)
                  20019d50    00000028     httpclient_release.a : httpclient.om4 (.text.searchCustomResponseHeaderNode)
                  20019d78    00000028     ti_sysbios_config.o (.text.sem_init)
                  20019da0    00000028     ti_sysbios_config.o (.text.sleep)
                  20019dc8    00000028     sysbios.a : Hwi_asm_gcc.s.obj (.text.ti_sysbios_family_arm_m3_Hwi_excHandlerAsm)
                  20019df0    00000028     ti_sysbios_config.o (.text.ti_sysbios_family_arm_m3_Timer_oneShotStub)
                  20019e18    00000028     ti_sysbios_config.o (.text.ti_sysbios_family_arm_m3_Timer_setPeriod)
                  20019e40    00000028     ti_sysbios_config.o (.text.ti_sysbios_gates_GateMutex_Instance_init)
                  20019e68    00000028     ti_sysbios_config.o (.text.ti_sysbios_knl_Semaphore_Instance_init)
                  20019e90    00000028     ti_sysbios_config.o (.text.ti_sysbios_knl_Swi_init)
                  20019eb8    00000028     ti_sysbios_config.o (.text.ti_sysbios_knl_Task_construct)
                  20019ee0    00000028     ti_sysbios_config.o (.text.ti_sysbios_knl_Task_init)
                  20019f08    00000026     driverlib.a : spi.obj (.text.SPIDataGet)
                  20019f2e    00000002     --HOLE-- [fill = 0]
                  20019f30    00000024     ti_sysbios_config.o (.text.BIOS_removeRTSLock)
                  20019f54    00000024     display_cc32xx.a : Display.c.obj (.text.Display_doInit)
                  20019f78    00000024     json_release.a : parse_common.c.obj (.text.ExpectCharacter)
                  20019f9c    00000024     drivers_cc32xx.a : List.c.obj (.text.List_put)
                  20019fc0    00000024     driverlib.a : prcm.obj (.text.PRCMLPDSWakeupSourceEnable)
                  20019fe4    00000024     drivers_cc32xx.a : PowerCC32XX.c.obj (.text.PowerCC32XX_restoreParkState)
                  2001a008    00000024                      : PowerCC32XX.c.obj (.text.PowerCC32XX_restoreParkedPin)
                  2001a02c    00000024                      : PowerCC32XX.c.obj (.text.Power_registerNotify)
                  2001a050    00000024     driverlib.a : spi.obj (.text.SPIDataPut)
                  2001a074    00000024     ti_sysbios_config.o (.text.SemaphoreP_createBinary)
                  2001a098    00000024     slnetsock_release.a : slnetif.om4 (.text.SlNetIf_callback)
                  2001a0bc    00000024                         : slnetif.om4 (.text.SlNetIf_getIfByID)
                  2001a0e0    00000024     drivers_cc32xx.a : UART2CC32XX.c.obj (.text.UART2Support_disableRx)
                  2001a104    00000024     libc.a : fputs.c.obj (.text.puts)
                  2001a128    00000024     ti_sysbios_config.o (.text.ti_sysbios_family_arm_m3_Hwi_construct)
                  2001a14c    00000024     ti_sysbios_config.o (.text.ti_sysbios_family_arm_m3_Timer_postInit)
                  2001a170    00000024     ti_sysbios_config.o (.text.ti_sysbios_family_arm_m3_Timer_startup)
                  2001a194    00000024     ti_sysbios_config.o (.text.ti_sysbios_knl_Semaphore_destruct)
                  2001a1b8    00000024     ti_sysbios_config.o (.text.ti_sysbios_knl_Task_enter)
                  2001a1dc    00000024     sysbios.a : boot_cortex_m.c.obj (.text:_c_int00)
                  2001a200    00000022     driverlib.a : gpio.obj (.text.GPIOPinWrite)
                  2001a222    00000022                 : pin.obj (.text.PinUnlock)
                  2001a244    00000022     drivers_cc32xx.a : RingBuf.c.obj (.text.RingBuf_getPointer)
                  2001a266    00000022     driverlib.a : spi.obj (.text.SPIWordCountSet)
                  2001a288    00000022     slnetifwifi.a : slnetifwifi.obj (.text.SlNetIfWifi_bind)
                  2001a2aa    00000022     json_release.a : parse_common.c.obj (.text.SmAddDefaultArrayValue_DecreaseNestingAndPop)
                  2001a2cc    00000022     drivers_cc32xx.a : UART2CC32XX.c.obj (.text.UART2Support_sendData)
                  2001a2ee    00000002     --HOLE-- [fill = 0]
                  2001a2f0    00000020     ti_sysbios_config.o (.text.HwiP_clearInterrupt)
                  2001a310    00000020     drivers_cc32xx.a : PowerCC32XX.c.obj (.text.PowerCC32XX_reset)
                  2001a330    00000020                      : PowerCC32XX.c.obj (.text.Power_unregisterNotify)
                  2001a350    00000020     ti_sysbios_config.o (.text.SemaphoreP_constructBinary)
                  2001a370    00000020     json_make.o (.text.destroyJson)
                  2001a390    00000020     ti_sysbios_config.o (.text.getClockTicks)
                  2001a3b0    00000020     platform.o (.text.printError)
                  2001a3d0    00000020     ti_sysbios_config.o (.text.ti_sysbios_family_arm_m3_Hwi_delete)
                  2001a3f0    00000020     ti_sysbios_config.o (.text.ti_sysbios_family_arm_m3_Hwi_initStack)
                  2001a410    00000020     ti_sysbios_config.o (.text.ti_sysbios_knl_Clock_addI)
                  2001a430    00000020     ti_sysbios_config.o (.text.ti_sysbios_knl_Clock_tick)
                  2001a450    00000020     ti_sysbios_config.o (.text.ti_sysbios_knl_Semaphore_delete)
                  2001a470    00000020     sysbios.a : TaskSupport_asm_gcc.s.obj (.text.ti_sysbios_knl_TaskSupport_swap)
                  2001a490    00000020     ti_sysbios_config.o (.text.ti_sysbios_knl_Task_delete)
                  2001a4b0    00000020     ti_sysbios_config.o (.text.ti_sysbios_knl_Task_destruct)
                  2001a4d0    0000001e     driverlib.a : pin.obj (.text.PinTypeSPI)
                  2001a4ee    0000001e                 : pin.obj (.text.PinTypeUART)
                  2001a50c    0000001e     slnetifwifi.a : slnetifwifi.obj (.text.SlNetIfWifi_listen)
                  2001a52a    0000001e     drivers_cc32xx.a : UART2.c.obj (.text.UART2_writeTimeout)
                  2001a548    0000001e     driverlib.a : uart.obj (.text.UARTEnable)
                  2001a566    0000001e     libc.a : memccpy.c.obj (.text.memccpy)
                  2001a584    0000001e     sysbios.a : Hwi_asm_switch_gcc.s.obj (.text.ti_sysbios_family_arm_m3_Hwi_switchAndRunFunc)
                  2001a5a2    0000001e     ti_sysbios_config.o (.text.ti_sysbios_knl_Semaphore_create)
                  2001a5c0    0000001e     driverlib.a : udma.obj (.text.uDMAChannelDisable)
                  2001a5de    0000001e                 : udma.obj (.text.uDMAChannelEnable)
                  2001a5fc    0000001e                 : udma.obj (.text.uDMAChannelIsEnabled)
                  2001a61a    00000002     --HOLE-- [fill = 0]
                  2001a61c    0000001c     ti_sysbios_config.o (.text.BIOS_rtsLock)
                  2001a638    0000001c     slnetsock_release.a : slnetif.om4 (.text.SlNetIf_getConnectionStatus)
                  2001a654    0000001c     json_release.a : parse_common.c.obj (.text.SmIncorporateArrayDefaultValue)
                  2001a670    0000001c                    : parse_common.c.obj (.text.SmNextArrayValue)
                  2001a68c    0000001c     simplelink.a : spawn.obj (.text._SlInternalIsItSpawnThread)
                  2001a6a8    0000001c     ti_sysbios_config.o (.text.free)
                  2001a6c4    0000001c     httpclient_release.a : httpclient.om4 (.text.searchRequestHeader)
                  2001a6e0    0000001c                          : httpclient.om4 (.text.strncmp)
                  2001a6fc    0000001c     ti_sysbios_config.o (.text.ti_sysbios_knl_Idle_run)
                  2001a718    0000001c     ti_sysbios_config.o (.text.ti_sysbios_knl_Queue_put)
                  2001a734    0000001c     ti_sysbios_config.o (.text.ti_sysbios_knl_Semaphore_construct)
                  2001a750    0000001a     driverlib.a : gpio.obj (.text.GPIOIntDisable)
                  2001a76a    0000001a     json_release.a : json_engine.c.obj (.text.GetStringLength)
                  2001a784    0000001a     driverlib.a : prcm.obj (.text.PRCMHIBRegRead)
                  2001a79e    0000001a                 : prcm.obj (.text.PRCMHIBRegWrite)
                  2001a7b8    0000001a                 : prcm.obj (.text.PRCMLPDSWakeupSourceDisable)
                  2001a7d2    0000001a                 : pin.obj (.text.PinToPadGet)
                  2001a7ec    0000001a                 : spi.obj (.text.SPIDmaDisable)
                  2001a806    0000001a                 : spi.obj (.text.SPIFIFODisable)
                  2001a820    0000001a                 : uart.obj (.text.UARTFlowControlSet)
                  2001a83a    0000001a     simplelink.a : device.obj (.text._SlDeviceGetStartResponseConvert)
                  2001a854    0000001a     ti_sysbios_config.o (.text.ti_sysbios_knl_Task_sleepTimeout)
                  2001a86e    00000002     --HOLE-- [fill = 0]
                  2001a870    00000018     ti_sysbios_config.o (.text.BIOS_exitFunc)
                  2001a888    00000018     ti_sysbios_config.o (.text.BIOS_rtsUnlock)
                  2001a8a0    00000018     display_cc32xx.a : DisplayUart2.c.obj (.text.DisplayUart2Min_close)
                  2001a8b8    00000018     driverlib.a : gpio.obj (.text.GPIOIntEnable)
                  2001a8d0    00000018                 : gpio.obj (.text.GPIOPinRead)
                  2001a8e8    00000018                 : spi.obj (.text.SPIDmaEnable)
                  2001a900    00000018                 : spi.obj (.text.SPIFIFOEnable)
                  2001a918    00000018     json_release.a : utils.c.obj (.text.SkipWhitespace)
                  2001a930    00000018     simplelink.a : driver.obj (.text._SlDrvMemZero)
                  2001a948    00000018     libc.a : snprintf.c.obj (.text._outc)
                  2001a960    00000018            : vsnprintf.c.obj (.text._outc)
                  2001a978    00000018            : sprintf.c.obj (.text._outs)
                  2001a990    00000018     ti_sysbios_config.o (.text.pthread_attr_init)
                  2001a9a8    00000018     ti_sysbios_config.o (.text.ti_sysbios_family_arm_m3_Timer_stop)
                  2001a9c0    00000018     sysbios.a : TaskSupport_asm_gcc.s.obj (.text.ti_sysbios_knl_TaskSupport_glue)
                  2001a9d8    00000018     ti_sysbios_config.o (.text.ti_sysbios_knl_Task_unblock)
                  2001a9f0    00000016     ti_drivers_config.o (.text.Board_init)
                  2001aa06    00000016     display_cc32xx.a : Display.c.obj (.text.Display_doPrintf)
                  2001aa1c    00000016     ti_sysbios_config.o (.text.HwiP_interruptsEnabled)
                  2001aa32    00000016     driverlib.a : spi.obj (.text.SPICSDisable)
                  2001aa48    00000016                 : spi.obj (.text.SPICSEnable)
                  2001aa5e    00000016                 : spi.obj (.text.SPIDisable)
                  2001aa74    00000016                 : spi.obj (.text.SPIEnable)
                  2001aa8a    00000016     slnetifwifi.a : slnetifwifi.obj (.text.SlNetIfWifi_close)
                  2001aaa0    00000016     driverlib.a : uart.obj (.text.UARTCharsAvail)
                  2001aab6    00000016                 : uart.obj (.text.UARTDMADisable)
                  2001aacc    00000016                 : uart.obj (.text.UARTFIFOLevelSet)
                  2001aae2    00000016                 : uart.obj (.text.UARTIntDisable)
                  2001aaf8    00000016     ti_sysbios_config.o (.text.clockFxn)
                  2001ab0e    00000014     driverlib.a : cpu.obj (.text.CPUcpsid)
                  2001ab22    00000014                 : cpu.obj (.text.CPUcpsie)
                  2001ab36    00000002     --HOLE-- [fill = 0]
                  2001ab38    00000014     drivers_cc32xx.a : PowerCC32XX.c.obj (.text.Power_getTransitionLatency)
                  2001ab4c    00000014                      : PowerCC32XX.c.obj (.text.Power_idleFunc)
                  2001ab60    00000014     driverlib.a : uart.obj (.text.UARTDMAEnable)
                  2001ab74    00000014                 : uart.obj (.text.UARTIntEnable)
                  2001ab88    00000014     simplelink.a : driver.obj (.text._SlDrvDispatchHttpServerEvents)
                  2001ab9c    00000014                  : driver.obj (.text._SlDrvDispatchNetAppRequestEvents)
                  2001abb0    00000014                  : driver.obj (.text._SlDrvIsSpawnOwnGlobalLock)
                  2001abc4    00000014     libclang_rt.builtins.a : aeabi_uldivmod.S.obj (.text.__aeabi_uldivmod)
                  2001abd8    00000014     libc.a : args_main.c.obj (.text._args_main)
                  2001abec    00000014     httpclient_release.a : httpclient.om4 (.text.countChar)
                  2001ac00    00000014     ti_sysbios_config.o (.text.pthread_attr_setschedparam)
                  2001ac14    00000014     ti_sysbios_config.o (.text.pthread_mutex_destroy)
                  2001ac28    00000014     ti_sysbios_config.o (.text.pthread_mutexattr_init)
                  2001ac3c    00000014     slnetifwifi.a : slnetifwifi.obj (.text.slNetIfWifi_connDisable)
                  2001ac50    00000014     httpclient_release.a : httpclient.om4 (.text.strcmp)
                  2001ac64    00000014     ti_sysbios_config.o (.text.ti_sysbios_family_arm_m3_Hwi_switchFromBootStack)
                  2001ac78    00000014     ti_sysbios_config.o (.text.ti_sysbios_knl_ClockSupport_setPeriodMicroSecs)
                  2001ac8c    00000014     driverlib.a : udma.obj (.text.uDMAControlBaseSet)
                  2001aca0    00000014                 : udma.obj (.text.uDMAIntClear)
                  2001acb4    00000012                 : gpio.obj (.text.GPIOIntClear)
                  2001acc6    00000012     simplelink.a : driver.obj (.text._SlDrvResetCmdExt)
                  2001acd8    00000012     ti_sysbios_config.o (.text._pthread_runStub)
                  2001acea    00000012     drivers_cc32xx.a : UDMACC32XX.c.obj (.text.postNotifyFxn)
                  2001acfc    00000012     httpclient_release.a : httpclient.om4 (.text.skipWhiteSpace)
                  2001ad0e    00000012     slnetifwifi.a : slnetifwifi.obj (.text.slNetIfWifi_connEnable)
                  2001ad20    00000012     simplelink.a : cc_pal.obj (.text.spi_Close)
                  2001ad32    00000012     httpclient_release.a : httpclient.om4 (.text.strchr)
                  2001ad44    00000012     libc.a : _printfi.c.obj (.text.strchr)
                  2001ad56    00000012            : memcpy_t2.S.obj (.text:TI_memcpy_small)
                  2001ad68    00000010     ti_sysbios_config.o (.text.ClockP_getCpuFreq)
                  2001ad78    00000010     ti_sysbios_config.o (.text.HwiP_Params_init)
                  2001ad88    00000010     json_make.o (.text.OUTLINED_FUNCTION_0)
                  2001ad98    00000010     drivers_cc32xx.a : RingBuf.c.obj (.text.RingBuf_construct)
                  2001ada8    00000010     json_release.a : utils.c.obj (.text.SizeOfTemplateEntry)
                  2001adb8    00000010     drivers_cc32xx.a : UART2CC32XX.c.obj (.text.UART2Support_txDone)
                  2001adc8    00000010     driverlib.a : uart.obj (.text.UARTBusy)
                  2001add8    00000010                 : uart.obj (.text.UARTIntClear)
                  2001ade8    00000010                 : uart.obj (.text.UARTRxErrorGet)
                  2001adf8    00000010     add_func.o (.text.printConsole)
                  2001ae08    00000010     ti_sysbios_config.o (.text.ti_sysbios_family_arm_m3_Hwi_excHandler)
                  2001ae18    00000010     ti_sysbios_config.o (.text.ti_sysbios_runtime_System_vsnprintf)
                  2001ae28    00000010     libc.a : wcslen.c.obj (.text.wcslen)
                  2001ae38    00000010            : copy_zero_init.c.obj (.text:decompress:ZI)
                  2001ae48    0000000e     simplelink.a : cc_pal.obj (.text.NwpUnMaskInterrupt)
                  2001ae56    0000000e     httpclient_release.a : httpclient.om4 (.text.OUTLINED_FUNCTION_3)
                  2001ae64    0000000e                          : httpclient.om4 (.text.OUTLINED_FUNCTION_7)
                  2001ae72    0000000e     slnetifwifi.a : slnetifwifi.obj (.text.SlNetIfWifi_DeleteContext)
                  2001ae80    0000000e     drivers_cc32xx.a : UART2.c.obj (.text.UART2_write)
                  2001ae8e    0000000e     drive_gpio.o (.text.driveGPIO)
                  2001ae9c    0000000e     drivers_cc32xx.a : SPICC32XXDMA.c.obj (.text.postNotifyFxn)
                  2001aeaa    0000000e     ti_sysbios_config.o (.text.sem_wait)
                  2001aeb8    0000000e     simplelink.a : device.obj (.text.sl_Task)
                  2001aec6    0000000e     libsysbm.a : hostrename.c.obj (.text.strcpy)
                  2001aed4    0000000e     httpclient_release.a : httpclient.om4 (.text.strlen)
                  2001aee2    0000000e     json_make.o (.text.strlen)
                  2001aef0    0000000e     json_release.a : json.c.obj (.text.strlen)
                  2001aefe    0000000e     libc.a : _printfi.c.obj (.text.strlen)
                  2001af0c    0000000e            : strlen.c.obj (.text.strlen)
                  2001af1a    0000000e     libsysbm.a : hostrename.c.obj (.text.strlen)
                  2001af28    0000000e     slnetsock_release.a : slnetif.om4 (.text.strlen)
                  2001af36    0000000e     ti_sysbios_config.o (.text.strlen)
                  2001af44    0000000e     ti_sysbios_config.o (.text.ti_sysbios_gates_GateMutex_leave)
                  2001af52    0000000e     ti_sysbios_config.o (.text.ti_sysbios_knl_Clock_tickReconfig)
                  2001af60    0000000e     driverlib.a : udma.obj (.text.uDMAEnable)
                  2001af6e    0000000e                 : udma.obj (.text.uDMAErrorStatusClear)
                  2001af7c    0000000e     libc.a : memset_t2.S.obj (.text:TI_memset_small)
                  2001af8a    0000000e            : copy_decompress_none.c.obj (.text:decompress:none)
                  2001af98    0000000c     ti_sysbios_config.o (.text.BIOS_linkedWithIncorrectBootLibrary)
                  2001afa4    0000000c     ti_sysbios_config.o (.text.BIOS_start)
                  2001afb0    0000000c     driverlib.a : cpu.obj (.text.CPUwfi)
                  2001afbc    0000000c     ti_sysbios_config.o (.text.ClockP_getSystemTicks)
                  2001afc8    0000000c     ti_sysbios_config.o (.text.HwiP_delete)
                  2001afd4    0000000c     ti_sysbios_config.o (.text.HwiP_disable)
                  2001afe0    0000000c     drivers_cc32xx.a : UART2CC32XX.c.obj (.text.OUTLINED_FUNCTION_0)
                  2001afec    0000000c     libc.a : _printfi.c.obj (.text.OUTLINED_FUNCTION_0)
                  2001aff8    0000000c     platform.o (.text.OUTLINED_FUNCTION_0)
                  2001b004    0000000c     httpclient_release.a : httpclient.om4 (.text.OUTLINED_FUNCTION_1)
                  2001b010    0000000c     json_make.o (.text.OUTLINED_FUNCTION_2)
                  2001b01c    0000000c     httpclient_release.a : httpclient.om4 (.text.OUTLINED_FUNCTION_4)
                  2001b028    0000000c     driverlib.a : prcm.obj (.text.PRCMLPDSWakeupCauseGet)
                  2001b034    0000000c     ti_sysbios_config.o (.text.PowerCC32XX_initPolicy)
                  2001b040    0000000c     drivers_cc32xx.a : PowerCC32XX.c.obj (.text.Power_getConstraintMask)
                  2001b04c    0000000c                      : SPI.c.obj (.text.SPI_Params_init)
                  2001b058    0000000c     ti_sysbios_config.o (.text.SemaphoreP_delete)
                  2001b064    0000000c     drivers_cc32xx.a : UART2CC32XX.c.obj (.text.UART2CC32XX_postNotifyFxn)
                  2001b070    0000000c                      : UART2CC32XX.c.obj (.text.UART2Support_disableTx)
                  2001b07c    0000000c                      : UART2CC32XX.c.obj (.text.UART2Support_enableTx)
                  2001b088    0000000c                      : UART2.c.obj (.text.UART2_Params_init)
                  2001b094    0000000c     json_release.a : utils.c.obj (.text.UpdateBestCaseRc)
                  2001b0a0    0000000c     libc.a : _lock.c.obj (.text._register_lock)
                  2001b0ac    0000000c            : _lock.c.obj (.text._register_unlock)
                  2001b0b8    0000000c     ti_sysbios_config.o (.text.pthread_attr_setdetachstate)
                  2001b0c4    0000000c     ti_sysbios_config.o (.text.pthread_mutexattr_settype)
                  2001b0d0    0000000c     ti_sysbios_config.o (.text.pthread_self)
                  2001b0dc    0000000c     ti_sysbios_config.o (.text.ti_sysbios_heaps_HeapMem_init)
                  2001b0e8    0000000c     ti_sysbios_config.o (.text.ti_sysbios_knl_ClockSupport_start)
                  2001b0f4    0000000c     ti_sysbios_config.o (.text.ti_sysbios_knl_ClockSupport_stop)
                  2001b100    0000000c     driverlib.a : udma.obj (.text.uDMAControlBaseGet)
                  2001b10c    0000000c                 : udma.obj (.text.uDMAErrorStatusGet)
                  2001b118    0000000a     httpclient_release.a : httpclient.om4 (.text.OUTLINED_FUNCTION_0)
                  2001b122    0000000a     json_release.a : parse_common.c.obj (.text.OUTLINED_FUNCTION_0)
                  2001b12c    0000000a     main_tirtos.o (.text.OUTLINED_FUNCTION_0)
                  2001b136    0000000a     httpclient_release.a : httpclient.om4 (.text.OUTLINED_FUNCTION_10)
                  2001b140    0000000a     drivers_cc32xx.a : SPICC32XXDMA.c.obj (.text.OUTLINED_FUNCTION_1)
                  2001b14a    0000000a                      : UART2CC32XX.c.obj (.text.OUTLINED_FUNCTION_1)
                  2001b154    0000000a     json_make.o (.text.OUTLINED_FUNCTION_1)
                  2001b15e    0000000a     libc.a : _printfi.c.obj (.text.OUTLINED_FUNCTION_1)
                  2001b168    0000000a     platform.o (.text.OUTLINED_FUNCTION_1)
                  2001b172    0000000a     drivers_cc32xx.a : SPICC32XXDMA.c.obj (.text.OUTLINED_FUNCTION_2)
                  2001b17c    0000000a                      : UART2CC32XX.c.obj (.text.OUTLINED_FUNCTION_2)
                  2001b186    0000000a     platform.o (.text.OUTLINED_FUNCTION_2)
                  2001b190    0000000a     json_make.o (.text.OUTLINED_FUNCTION_3)
                  2001b19a    0000000a     json_release.a : parse_common.c.obj (.text.OUTLINED_FUNCTION_3)
                  2001b1a4    0000000a     json_make.o (.text.OUTLINED_FUNCTION_4)
                  2001b1ae    0000000a     json_release.a : parse_common.c.obj (.text.OUTLINED_FUNCTION_5)
                  2001b1b8    0000000a     httpclient_release.a : httpclient.om4 (.text.OUTLINED_FUNCTION_9)
                  2001b1c2    0000000a     ti_sysbios_config.o (.text.SemaphoreP_pend)
                  2001b1cc    0000000a     simplelink.a : device.obj (.text._SlDeviceResetRequestInitCompletedCB)
                  2001b1d6    00000002     --HOLE-- [fill = 0]
                  2001b1d8    0000000a     libclang_rt.builtins.a : aeabi_memset.S.obj (.text.__aeabi_memset)
                  2001b1e2    0000000a     libc.a : sprintf.c.obj (.text._outc)
                  2001b1ec    0000000a     ti_drivers_config.o (.text.dmaErrorFxn)
                  2001b1f6    0000000a     ti_sysbios_config.o (.text.sem_destroy)
                  2001b200    0000000a     ti_sysbios_config.o (.text.sem_post)
                  2001b20a    00000008     slnetifwifi.a : slwificonn.obj (.text.DummyPrintf)
                  2001b212    00000008     add_func.o (.text.OUTLINED_FUNCTION_0)
                  2001b21a    00000008     drivers_cc32xx.a : SPICC32XXDMA.c.obj (.text.OUTLINED_FUNCTION_0)
                  2001b222    00000008     json_release.a : parse_common.c.obj (.text.OUTLINED_FUNCTION_1)
                  2001b22a    00000008     httpclient_release.a : httpclient.om4 (.text.OUTLINED_FUNCTION_2)
                  2001b232    00000008                          : httpclient.om4 (.text.OUTLINED_FUNCTION_5)
                  2001b23a    00000008                          : httpclient.om4 (.text.OUTLINED_FUNCTION_6)
                  2001b242    00000008     driverlib.a : prcm.obj (.text.PRCMSleepEnter)
                  2001b24a    00000008     slnetsock_release.a : slnetsock.om4 (.text.SlNetSock_secAttribCreate)
                  2001b252    00000008     simplelink.a : cc_pal.obj (.text.TimerGetCurrentTimestamp)
                  2001b25a    00000008     driverlib.a : utils.obj (.text.UtilsDelay)
                  2001b262    00000002     --HOLE-- [fill = 0]
                  2001b264    00000008     libc.a : aeabi_portable.c.obj (.text.__aeabi_errno_addr)
                  2001b26c    00000008     libclang_rt.builtins.a : aeabi_memset.S.obj (.text.__aeabi_memclr)
                  2001b274    00000008     drivers_cc32xx.a : SPICC32XXDMA.c.obj (.text.blockingTransferCallback)
                  2001b27c    00000008     ti_sysbios_config.o (.text.pthread_mutex_lock)
                  2001b284    00000008     ti_sysbios_config.o (.text.sem_getvalue)
                  2001b28c    00000008     ti_sysbios_config.o (.text.ti_sysbios_runtime_System_exit)
                  2001b294    00000006     display_cc32xx.a : DisplayUart2.c.obj (.text.DisplayUart2Min_control)
                  2001b29a    00000006                      : DisplayUart2.c.obj (.text.DisplayUart2Min_getType)
                  2001b2a0    00000006     ti_sysbios_config.o (.text.HwiP_restore)
                  2001b2a6    00000006     json_release.a : parse_common.c.obj (.text.OUTLINED_FUNCTION_2)
                  2001b2ac    00000006     drivers_cc32xx.a : SPICC32XXDMA.c.obj (.text.OUTLINED_FUNCTION_3)
                  2001b2b2    00000006     json_release.a : parse_common.c.obj (.text.OUTLINED_FUNCTION_4)
                  2001b2b8    00000006     httpclient_release.a : httpclient.om4 (.text.OUTLINED_FUNCTION_8)
                  2001b2be    00000006     drivers_cc32xx.a : SPICC32XXDMA.c.obj (.text.SPICC32XXDMA_control)
[...]
2001aa49  SPICSEnable                                                     
2001aa5f  SPIDisable                                                      
2001aa75  SPIEnable                                                       
2001aa8b  SlNetIfWifi_close                                               
2001aaa1  UARTCharsAvail                                                  
2001aab7  UARTDMADisable                                                  
2001aacd  UARTFIFOLevelSet                                                
2001aae3  UARTIntDisable                                                  
2001ab0f  CPUcpsid                                                        
2001ab23  CPUcpsie                                                        
2001ab39  Power_getTransitionLatency                                      
2001ab4d  Power_idleFunc                                                  
2001ab61  UARTDMAEnable                                                   
2001ab75  UARTIntEnable                                                   
2001ab89  _SlDrvDispatchHttpServerEvents                                  
2001ab9d  _SlDrvDispatchNetAppRequestEvents                               
2001abb1  _SlDrvIsSpawnOwnGlobalLock                                      
2001abc5  __aeabi_uldivmod                                                
2001abd9  _args_main                                                      
2001ac01  pthread_attr_setschedparam                                      
2001ac15  pthread_mutex_destroy                                           
2001ac29  pthread_mutexattr_init                                          
2001ac3d  slNetIfWifi_connDisable                                         
2001ac65  ti_sysbios_family_arm_m3_Hwi_switchFromBootStack                
2001ac79  ti_sysbios_knl_ClockSupport_setPeriodMicroSecs                  
2001ac8d  uDMAControlBaseSet                                              
2001aca1  uDMAIntClear                                                    
2001acb5  GPIOIntClear                                                    
2001acc7  _SlDrvResetCmdExt                                               
2001ad0f  slNetIfWifi_connEnable                                          
2001ad21  spi_Close                                                       
2001ad57  TI_memcpy_small                                                 
2001ad69  ClockP_getCpuFreq                                               
2001ad79  HwiP_Params_init                                                
2001ad99  RingBuf_construct                                               
2001ada9  SizeOfTemplateEntry                                             
2001adb9  UART2Support_txDone                                             
2001adc9  UARTBusy                                                        
2001add9  UARTIntClear                                                    
2001ade9  UARTRxErrorGet                                                  
2001adf9  printConsole                                                    
2001ae09  ti_sysbios_family_arm_m3_Hwi_excHandler                         
2001ae19  ti_sysbios_runtime_System_vsnprintf                             
2001ae29  wcslen                                                          
2001ae39  __TI_zero_init                                                  
2001ae49  NwpUnMaskInterrupt                                              
2001ae73  SlNetIfWifi_DeleteContext                                       
2001ae81  UART2_write                                                     
2001ae8f  driveGPIO                                                       
2001aeab  sem_wait                                                        
2001aeb9  sl_Task                                                         
2001af0d  strlen                                                          
2001af45  ti_sysbios_gates_GateMutex_leave                                
2001af53  ti_sysbios_knl_Clock_tickReconfig                               
2001af61  uDMAEnable                                                      
2001af6f  uDMAErrorStatusClear                                            
2001af7d  TI_memset_small                                                 
2001af8b  __TI_decompress_none                                            
2001af99  BIOS_linkedWithIncorrectBootLibrary                             
2001afa5  BIOS_start                                                      
2001afb1  CPUwfi                                                          
2001afbd  ClockP_getSystemTicks                                           
2001afc9  HwiP_delete                                                     
2001afd5  HwiP_disable                                                    
2001b029  PRCMLPDSWakeupCauseGet                                          
2001b035  PowerCC32XX_initPolicy                                          
2001b041  Power_getConstraintMask                                         
2001b04d  SPI_Params_init                                                 
2001b059  SemaphoreP_delete                                               
2001b071  UART2Support_disableTx                                          
2001b07d  UART2Support_enableTx                                           
2001b089  UART2_Params_init                                               
2001b095  UpdateBestCaseRc                                                
2001b0a1  _register_lock                                                  
2001b0ad  _register_unlock                                                
2001b0b9  pthread_attr_setdetachstate                                     
2001b0c5  pthread_mutexattr_settype                                       
2001b0d1  pthread_self                                                    
2001b0dd  ti_sysbios_heaps_HeapMem_init                                   
2001b0e9  ti_sysbios_knl_ClockSupport_start                               
2001b0f5  ti_sysbios_knl_ClockSupport_stop                                
2001b101  uDMAControlBaseGet                                              
2001b10d  uDMAErrorStatusGet                                              
2001b1c3  SemaphoreP_pend                                                 
2001b1cd  _SlDeviceResetRequestInitCompletedCB                            
2001b1d9  __aeabi_memset                                                  
2001b1d9  __aeabi_memset4                                                 
2001b1d9  __aeabi_memset8                                                 
2001b1f7  sem_destroy                                                     
2001b201  sem_post                                                        
2001b243  PRCMSleepEnter                                                  
2001b24b  SlNetSock_secAttribCreate                                       
2001b253  TimerGetCurrentTimestamp                                        
2001b25b  UtilsDelay                                                      
2001b265  __aeabi_errno_addr                                              
2001b26d  __aeabi_memclr                                                  
2001b26d  __aeabi_memclr4                                                 
2001b26d  __aeabi_memclr8                                                 
2001b27d  pthread_mutex_lock                                              
2001b285  sem_getvalue                                                    
2001b28d  ti_sysbios_runtime_System_exit                                  
2001b295  DisplayUart2Min_control                                         
2001b29b  DisplayUart2Min_getType                                         
2001b2a1  HwiP_restore                                                    
2001b2bf  SPICC32XXDMA_control                                            
2001b2c5  SPI_close                                                       
2001b2cb  SPI_transfer                                                    
2001b2d1  UART2Support_powerRelConstraint                                 
2001b2d7  pthread_attr_setstacksize                                       
2001b2dd  ti_sysbios_family_arm_m3_Hwi_destruct                           
2001b2e3  ti_sysbios_family_arm_m3_Hwi_doSwiRestore                       
2001b2e9  ti_sysbios_family_arm_m3_Hwi_doTaskRestore                      
2001b2ef  ti_sysbios_knl_Idle_loop                                        
2001b2f5  ti_sysbios_knl_Swi_startup                                      
2001b2fb  HwiP_destruct                                                   
2001b2ff  HwiP_disableInterrupt                                           
2001b303  HwiP_enableInterrupt                                            
2001b307  RingBuf_getCount                                                
2001b30b  SPICC32XXDMA_init                                               
2001b30f  SemaphoreP_destruct                                             
2001b313  SemaphoreP_post                                                 
2001b317  SlNetUtil_htonl                                                 
2001b31b  SlNetUtil_htons                                                 
2001b31f  SlNetUtil_init                                                  
2001b32b  SystemP_vsnprintf                                               
2001b331  __aeabi_memcpy                                                  
2001b331  __aeabi_memcpy4                                                 
2001b331  __aeabi_memcpy8                                                 
2001b335  __aeabi_memmove                                                 
2001b335  __aeabi_memmove4                                                
2001b335  __aeabi_memmove8                                                
2001b339  _system_post_cinit                                              
2001b33d  fseek                                                           
2001b341  malloc                                                          
2001b345  remove                                                          
2001b349  ti_sysbios_heaps_HeapMem_isBlocking                             
2001b350  __primary_heap_start__                                          
20023350  __primary_heap_end__                                            
20024400  g_CB                                                            
200247fc  ti_sysbios_family_arm_m3_Hwi_dispatchTable                      
20024b08  ti_sysbios_knl_Idle_taskStack                                   
20024d08  uart2CC32XXObjects0                                             
20024e80  PowerCC32XX_contextSave                                         
20024fac  _CIOBUF_                                                        
20024fac  __CIOBUF_                                                       
200250cc  __TI_tmpnams                                                    
2002516c  spiCC32XXDMAObjects                                             
200251f4  gpioCallbackFunctions                                           
20025278  gpioUserArgs                                                    
2002537c  ti_sysbios_knl_Swi_readyQs                                      
200253fc  ti_sysbios_knl_Task_readyQs                                     
2002547c  ti_sysbios_knl_Idle_taskStruct                                  
200254d4  ti_sysbios_knl_ClockSupport_timerStruct                         
20025508  BIOS_heapMemObject                                              
20025534  GlobalLockObj                                                   
20025560  BIOS_rtsGate                                                    
20025588  g_SlInternalSpawnCB                                             
200255b0  ti_sysbios_heaps_HeapMem_gate                                   
2002563c  ti_sysbios_runtime_System_atexitHandlers                        
200256c4  ti_sysbios_hal_Seconds_Module_state                             
200256d8  DeviceCB                                                        
200256e4  Msg                                                             
200256f0  displayUart2Object                                              
200256fc  parmbuf                                                         
20025704  spiCC32XXSDMAscratchBuf                                         
2002570c  udmaCC3220SObject                                               
20025714  display                                                         
20025718  mode                                                            
2002571c  templateHandle                                                  
20025720  ti_sysbios_family_arm_m3_Timer_startupNeeded                    
20025724  ti_sysbios_family_arm_m3_TimestampProvider_Module_state         
20025728  ti_sysbios_knl_Task_defaultStackHeap                            
2002572c  gIfID                                                           
2002572e  RxIrqCnt                                                        
20025f98  UART2_config                                                    
20025fa0  __aeabi_ctype_table_                                            
20025fa0  __aeabi_ctype_table_C                                           
20026694  spiCC32XXDMAHWAttrs                                             
2002670c  OpcodeTranslateTable                                            
2002681f  Display_count                                                   
20026820  _SlActionLookupTable                                            
200268b8  PowerCC32XX_config                                              
200269ff  Display_defaultParams                                           
20026b24  UART2_defaultParams                                             
20026c18  DisplayUart2Min_fxnTable                                        
20026c38  FlagsTranslate                                                  
20026c78  SPI_defaultParams                                               
20026d93  GPIO_pinUpperBound                                              
20026de3  SPI_count                                                       
20026de4  SPICC32XXDMA_fxnTable                                           
20026dfc  SPI_config                                                      
20026eaf  UART2_count                                                     
20026ed8  displayUart2HWAttrs                                             
20026f5c  GPIO_config                                                     
20026ff8  Display_config                                                  
20027058  udmaCC3220SHWAttrs                                              
20027098  UDMACC32XX_config                                               
200270d8  ti_sysbios_knl_Idle_funcList                                    
2002711c  TimestampP_nativeFormat32                                       
20027120  TimestampP_nativeFormat64                                       
20027148  _SlNetAppSendResponseCmdCtrl                                    
2002714c  _SlNetAppSendTokenValueCmdCtrl                                  
20027184  ti_sysbios_family_arm_m3_Hwi_swiTaskKeyAddress                  
20027188  PowerCC32XX_module                                              
200272f4  parkInfo                                                        
200273ec  _ftable                                                         
200274dc  gpioPinConfigs                                                  
20027560  _device                                                         
200275d8  BIOS_Module_state                                               
20027604  ti_sysbios_family_arm_m3_Hwi_Module_state                       
20027640  SlNetIfConfigWifi                                               
200276a8  ti_sysbios_knl_Clock_Module_state                               
20027710  ti_sysbios_runtime_Startup_done                                 
20027713  ti_sysbios_knl_Idle_initDone                                    
20027714  ti_sysbios_runtime_Memory_defaultHeapInstance                   
2002772c  ti_sysbios_runtime_Error_ignore                                 
20027738  ti_sysbios_runtime_System_Module_state                          
20027744  ti_sysbios_knl_Swi_Module_state                                 
2002776c  _stream                                                         
200277bc  ti_sysbios_knl_Task_Module_state                                
200277f8  g_LibsEvents                                                    
2002781c  g_UserEvents                                                    
20027840  HTTP_METHOD_GET                                                 
20027844  HTTP_METHOD_HEAD                                                
20027848  HTTP_METHOD_CONNECT                                             
20027888  ti_sysbios_family_arm_m3_Timer_Module_state                     
200278a4  __TI_cleanup_ptr                                                
200278a8  __TI_dtors_ptr                                                  
200278b4  ti_sysbios_gates_GateMutex_Module_state                         
200278bc  ti_sysbios_heaps_HeapMem_Module_state                           
200278c4  ti_sysbios_knl_Semaphore_Module_state                           
200278d0  __TI_ft_end                                                     
200278d4  __aeabi_errno                                                   
200278d8  _lock                                                           
200278dc  _unlock                                                         
200278e8  g_fNetIfCB                                                      
200278ec  g_intHandle                                                     
200278f0  g_pCB                                                           
200278f4  httpsThread                                                     
200278f8  jsonHandle                                                      
200278fc  pPingCallBackFunc                                               
20027900  spawn_thread                                                    
20027904  g_SlDeviceStatus                                                
20027906  g_ifId                                                          
20027909  gGlobalLockCntReleased                                          
2002790a  gGlobalLockCntRequested                                         
20027910  __TI_static_base__                                              
20027b14  __TI_Handler_Table_Base                                         
20027b20  __TI_Handler_Table_Limit                                        
20027b28  __TI_CINIT_Base                                                 
20027b38  __TI_CINIT_Limit                                                
20027b38  __TI_CINIT_Warm                                                 
20027c00  ti_sysbios_family_arm_m3_Hwi_ramVectors                         
ffffffff  __TI_pprof_out_hndl                                             
ffffffff  __TI_prof_data_size                                             
ffffffff  __TI_prof_data_start                                            
ffffffff  __binit__                                                       
ffffffff  binit                                                           
UNDEFED   ITM_flush                                                       
UNDEFED   ITM_restore                                                     
UNDEFED   __c_args__                                                      
UNDEFED   __mpu_init                                                      

[830 symbols]
