******************************************************************************
            TI ARM Clang Linker PC v3.2.2                      
******************************************************************************
>> Linked Fri Mar  6 12:40:24 2026

OUTPUT FILE NAME:   <CC3220S_LAUNCHXL_REV4.out>
ENTRY POINT SYMBOL: "_c_int00"  address: 20017891


MEMORY CONFIGURATION

         name            origin    length      used     unused   attr    fill
----------------------  --------  ---------  --------  --------  ----  --------
  SRAM0                 20000000   00004000  00000400  00003c00  RW X
  SRAM                  20004000   0003c000  000207d2  0001b82e  RW X
  LOG_DATA              90000000   00040000  00000000  00040000  R   
  LOG_PTR               94000008   00040000  00000000  00040000  R   


SEGMENT ALLOCATION MAP

run origin  load origin   length   init length attrs members
----------  ----------- ---------- ----------- ----- -------
20003c00    20003c00    00000400   00000000    rw-
  20003c00    20003c00    00000400   00000000    rw- .stack
20004000    20004000    0001c9d8   000149d8    r-x
  20004000    20004000    0000003c   0000003c    r-- .resetVecs
  20004040    20004040    00014998   00014998    r-x .text
  200189d8    200189d8    00008000   00000000    r-- .priheap
200209d8    200209d8    000001f4   000001f4    r--
  200209d8    200209d8    000001f4   000001f4    r-- .cinit
20020c00    20020c00    000019e4   00000000    rw-
  20020c00    20020c00    000019e4   00000000    rw- .bss
200225f0    200225f0    00001954   00001954    r--
  200225f0    200225f0    00001954   00001954    r-- .rodata
20023f48    20023f48    000005c6   00000000    rw-
  20023f48    20023f48    000005c6   00000000    rw- .data


SECTION ALLOCATION MAP

 output                                  attributes/
section   page    origin      length       input sections
--------  ----  ----------  ----------   ----------------
.resetVecs 
*          0    20004000    0000003c     
                  20004000    0000003c     ti_sysbios_config.o (.resetVecs)

.text      0    20004040    00014998     
                  20004040    00000a36     simplelink.a : driver.obj (.text._SlDrvMsgRead)
                  20004a76    00000002     ti_sysbios_config.o (.text.BIOS_nullFunc)
                  20004a78    000009d8     libc.a : _printfi.c.obj (.text:__TI_printfi)
                  20005450    00000648     httpclient_release.a : httpclient.om4 (.text.HTTPClient_sendRequest)
                  20005a98    0000050a     simplelink.a : sl_socket.obj (.text._SlSocketHandleAsync_Select)
                  20005fa2    000004b8     driverlib.a : prcm.obj (.text.PRCMCC3200MCUInit)
                  2000645a    00000414     simplelink.a : driver.obj (.text._SlDrvMsgWrite)
                  2000686e    00000002     ti_drivers_config.o (.text.Board_initHook)
                  20006870    00000410     httpclient_release.a : httpclient.om4 (.text.manageResponseHeaders)
                  20006c80    000003e4     drivers_cc32xx.a : PowerCC32XX.c.obj (.text.Power_sleep)
                  20007064    000003b2     simplelink.a : driver.obj (.text._SlDrvReleasePoolObj)
                  20007416    000003ae                  : driver.obj (.text._SlDrvRxHdrRead)
                  200077c4    000003a4                  : driver.obj (.text._SlDrvWaitForPoolObj)
                  20007b68    00000368                  : sl_socket.obj (.text.sl_Select)
                  20007ed0    0000034c     ti_sysbios_config.o (.text.ti_sysbios_runtime_System_doPrint)
                  2000821c    000002f6     simplelink.a : driver.obj (.text._SlDrvDataReadOp)
                  20008512    000002be                  : driver.obj (.text._SlDrvDataWriteOp)
                  200087d0    000002aa                  : driver.obj (.text._SlDrvMsgReadCmdCtx)
                  20008a7a    000002a2                  : driver.obj (.text._SlDrvDriverCBInit)
                  20008d1c    00000284     httpclient_release.a : httpclient.om4 (.text.HTTPClient_connect2)
                  20008fa0    00000272     simplelink.a : device.obj (.text.sl_Stop)
                  20009212    00000258                  : netapp.obj (.text.sl_NetAppPing)
                  2000946a    00000002     display_cc32xx.a : DisplayUart2.c.obj (.text.DisplayUart2Min_clear)
                  2000946c    00000228     libc.a : _printfi.c.obj (.text._pconv_a)
                  20009694    00000226     simplelink.a : netapp.obj (.text._SlNetAppEventHandler)
                  200098ba    00000222     drivers_cc32xx.a : UART2CC32XX.c.obj (.text.UART2CC32XX_hwiIntFxn)
                  20009adc    00000218     simplelink.a : driver.obj (.text._SlDrvReleaseAllActivePendingPoolObj)
                  20009cf4    00000202                  : sl_socket.obj (.text.sl_Accept)
                  20009ef6    00000002     display_cc32xx.a : DisplayUart2.c.obj (.text.DisplayUart2Min_clearLines)
                  20009ef8    000001fc     http_comm.o (.text.httpsPost)
                  2000a0f4    000001ec     httpclient_release.a : httpclient.om4 (.text.HTTPClient_readResponseBody)
                  2000a2e0    000001ea     simplelink.a : sl_socket.obj (.text._SlDrvRegisterForSelectAsync)
                  2000a4ca    00000002     display_cc32xx.a : DisplayUart2.c.obj (.text.DisplayUart2Min_init)
                  2000a4cc    000001e8     libc.a : _printfi.c.obj (.text._pconv_g)
                  2000a6b4    000001de     simplelink.a : driver.obj (.text._SlDrvFindAndSetActiveObj)
                  2000a892    00000002     drivers_cc32xx.a : PWMTimerCC32XX.c.obj (.text.PWMTimerCC32XX_init)
                  2000a894    000001cc                      : UART2CC32XX.c.obj (.text.UART2_open)
                  2000aa60    000001bc     simplelink.a : sl_socket.obj (.text.sl_Connect)
                  2000ac1c    000001b6     libclang_rt.builtins.a : adddf3.S.obj (.text.adddf3_subdf3)
                  2000add2    000001ac     simplelink.a : netapp.obj (.text.sl_NetAppDnsGetHostByName)
                  2000af7e    000001a4     drivers_cc32xx.a : SPICC32XXDMA.c.obj (.text.SPICC32XXDMA_transfer)
                  2000b122    0000019c     simplelink.a : sl_socket.obj (.text.sl_RecvFrom)
                  2000b2be    00000002     platform.o (.text.SimpleLinkFatalErrorEventHandler)
                  2000b2c0    00000194     simplelink.a : driver.obj (.text._SlDrvMsgReadSpawnCtx)
                  2000b454    00000194     platform.o (.text.mainThread)
                  2000b5e8    00000188     simplelink.a : sl_socket.obj (.text.sl_StartTLS)
                  2000b770    00000180                  : sl_socket.obj (.text._SlDrvGetNextTimeoutValue)
                  2000b8f0    0000017a                  : driver.obj (.text._SlDrvDriverCBDeinit)
                  2000ba6a    0000017a                  : driver.obj (.text._SlSpawnMsgListInsert)
                  2000bbe4    00000176                  : device.obj (.text.sl_Start)
                  2000bd5a    00000174     drivers_cc32xx.a : UART2.c.obj (.text.UART2_writeTimeoutBlocking)
                  2000bece    0000016c     simplelink.a : sl_socket.obj (.text._SlSocketHandleAsync_StartTLS)
                  2000c03a    0000016a                  : driver.obj (.text._SlDrvObjGlobalLockWaitForever)
                  2000c1a4    00000166                  : driver.obj (.text._SlDrvAsyncEventGenericHandler)
                  2000c30a    00000162                  : driver.obj (.text._SlDrvClassifyRxMsg)
                  2000c46c    00000160     httpclient_release.a : httpclient.om4 (.text.SlNetSock_connectURI)
                  2000c5cc    0000015c     slnetsock_release.a : slnetutils.om4 (.text.SlNetUtil_inetPton)
                  2000c728    00000154     simplelink.a : driver.obj (.text._SlDrvCmdOp)
                  2000c87c    0000014e                  : fs.obj (.text.sl_FsOpen)
                  2000c9ca    00000002     platform.o (.text.SimpleLinkGeneralEventHandler)
                  2000c9cc    0000014c     drivers_cc32xx.a : SPICC32XXDMA.c.obj (.text.configDMA)
                  2000cb18    0000014c     httpclient_release.a : httpclient.om4 (.text.parseURI)
                  2000cc64    00000140     drivers_cc32xx.a : GPIOCC32XX.c.obj (.text.GPIO_setConfig)
                  2000cda4    00000140     simplelink.a : device.obj (.text._SlDeviceEventHandler)
                  2000cee4    0000013c     libc.a : _printfi.c.obj (.text.fcvt)
                  2000d020    00000138     drivers_cc32xx.a : SPICC32XXDMA.c.obj (.text.SPICC32XXDMA_open)
                  2000d158    00000136     libclang_rt.builtins.a : divdf3.S.obj (.text.__divdf3)
                  2000d28e    00000132     httpclient_release.a : httpclient.om4 (.text.HTTPClient_connect)
                  2000d3c0    00000130     simplelink.a : fs.obj (.text.sl_FsWrite)
                  2000d4f0    0000012e                  : driver.obj (.text._SlDrvWaitForInternalAsyncEvent)
                  2000d61e    0000012a                  : sl_socket.obj (.text.sl_SendTo)
                  2000d748    00000128     httpclient_release.a : httpclient.om4 (.text.HTTPClient_setHeader)
                  2000d870    00000128     simplelink.a : netapp.obj (.text._SlNetAppHandleAsync_DnsGetHostByService)
                  2000d998    00000126     slnetifwifi.a : slnetifwifi.obj (.text.SlNetIfWifi_loadSecObj)
                  2000dabe    00000002     platform.o (.text.SimpleLinkHttpServerEventHandler)
                  2000dac0    00000120     slnetsock_release.a : slnetif.om4 (.text.SlNetIf_add)
                  2000dbe0    0000011c     libc.a : strtoul.c.obj (.text.strtoul)
                  2000dcfc    0000011a     drivers_cc32xx.a : UART2.c.obj (.text.UART2_writeTimeoutNonblocking)
                  2000de16    00000002     platform.o (.text.SimpleLinkNetAppRequestEventHandler)
                  2000de18    00000118     libc.a : _printfi.c.obj (.text._pconv_e)
                  2000df30    00000116     simplelink.a : sl_socket.obj (.text.sl_Close)
                  2000e046    00000112     driverlib.a : udma.obj (.text.uDMAChannelTransferSet)
                  2000e158    00000108     ti_sysbios_config.o (.text.PowerCC32XX_sleepPolicy)
                  2000e260    00000106     simplelink.a : device.obj (.text._SlDeviceHandleAsync_InitComplete)
                  2000e366    00000002     platform.o (.text.SimpleLinkNetAppRequestMemFreeEventHandler)
                  2000e368    00000104     ti_sysbios_config.o (.text.ti_sysbios_family_arm_m3_Timer_Instance_init)
                  2000e46c    000000fc     libclang_rt.builtins.a : muldf3.S.obj (.text.__muldf3)
                  2000e568    000000f8     ti_sysbios_config.o (.text.ti_sysbios_runtime_System_printfExtend)
                  2000e660    000000f4     ti_sysbios_config.o (.text.ti_sysbios_knl_Semaphore_pend)
                  2000e754    000000ee     simplelink.a : driver.obj (.text._SlDrvRemoveFromList)
                  2000e842    000000ec                  : driver.obj (.text._SlDrvDriverIsApiAllowed)
                  2000e92e    00000002     platform.o (.text.SimpleLinkSockEventHandler)
                  2000e930    000000ec     sysbios.a : Hwi_asm_gcc.s.obj (.text.ti_sysbios_family_arm_m3_Hwi_dispatch)
                  2000ea1c    000000ea     simplelink.a : netcfg.obj (.text.sl_NetCfgGet)
                  2000eb06    00000002     drivers_cc32xx.a : UART2CC32XX.c.obj (.text.UART2CC32XX_eventCallback)
                  2000eb08    000000e8                      : UART2CC32XX.c.obj (.text.UART2_close)
                  2000ebf0    000000e4                      : PWMTimerCC32XX.c.obj (.text.PWMTimerCC32XX_open)
                  2000ecd4    000000e2     simplelink.a : wlan.obj (.text.sl_WlanGet)
                  2000edb6    000000e0                  : cc_pal.obj (.text.NwpPowerOff)
                  2000ee96    00000002     libclang_rt.builtins.a : aeabi_div0.c.obj (.text.__aeabi_ldiv0)
                  2000ee98    000000dc     drivers_cc32xx.a : PWMTimerCC32XX.c.obj (.text.PWMTimerCC32XX_setDutyAndPeriod)
                  2000ef74    000000dc     simplelink.a : netapp.obj (.text._SlNetAppHandleAsync_NetAppReceive)
                  2000f050    000000dc                  : sl_socket.obj (.text.sl_GetSockOpt)
                  2000f12c    000000da                  : sl_socket.obj (.text.sl_Send)
                  2000f206    00000002     libc.a : _lock.c.obj (.text._nop)
                  2000f208    000000d8     ti_sysbios_config.o (.text.pthread_create)
                  2000f2e0    000000d8     httpclient_release.a : httpclient.om4 (.text.sprsend)
                  2000f3b8    000000d8     ti_sysbios_config.o (.text.ti_sysbios_family_arm_m3_Hwi_excFillContext)
                  2000f490    000000d6     slnetifwifi.a : slnetifwifi.obj (.text.SlNetIfWifi_getSockOpt)
                  2000f566    00000002     ti_sysbios_config.o (.text._system_pre_init)
                  2000f568    000000d4     drivers_cc32xx.a : SPICC32XXDMA.c.obj (.text.SPICC32XXDMA_transferCancel)
                  2000f63c    000000d4     simplelink.a : cc_pal.obj (.text.Semaphore_pend_handle)
                  2000f710    000000d4     platform.o (.text.SimpleLinkNetAppEventHandler)
                  2000f7e4    000000d4     ti_sysbios_config.o (.text.clock_gettime)
                  2000f8b8    000000d0     slnetifwifi.a : slnetifwifi.obj (.text.matchModeByRole)
                  2000f988    000000ce     simplelink.a : netapp.obj (.text._SlNetAppHandleAsync_DnsGetHostByName)
                  2000fa56    000000ce                  : sl_socket.obj (.text.sl_Bind)
                  2000fb24    000000cc     drivers_cc32xx.a : UART2CC32XX.c.obj (.text.UART2Support_dmaStartRx)
                  2000fbf0    000000ca     simplelink.a : driver.obj (.text._SlDrvHandleFatalError)
                  2000fcba    000000ca                  : netapp.obj (.text._SlNetAppHandleAsync_PingResponse)
                  2000fd84    000000c6     driverlib.a : prcm.obj (.text.PRCMPeripheralClockGet)
                  2000fe4a    00000002     ti_sysbios_config.o (.text.ti_sysbios_runtime_System_exitSpin)
                  2000fe4c    000000c4     drivers_cc32xx.a : UART2CC32XX.c.obj (.text.UART2CC32XX_initHw)
                  2000ff10    000000c4     simplelink.a : driver.obj (.text._SlDrvIsTimeoutExpired)
                  2000ffd4    000000c4     libc.a : s_scalbn.c.obj (.text.scalbn)
                  20010098    000000c4     simplelink.a : fs.obj (.text.sl_FsClose)
                  2001015c    000000c0                  : netutil.obj (.text._SlNetUtilHandleAsync_Cmd)
                  2001021c    000000be                  : netapp.obj (.text._SlNetAppSendResponse)
                  200102da    00000002     --HOLE-- [fill = 0]
                  200102dc    000000b8     drivers_cc32xx.a : UART2CC32XX.c.obj (.text.UART2Support_dmaStartTx)
                  20010394    000000b8     simplelink.a : sl_socket.obj (.text._SlDrvUnRegisterForSelectAsync)
                  2001044c    000000b8                  : driver.obj (.text._SlSpawnMsgListProcess)
                  20010504    000000b8     ti_sysbios_config.o (.text.ti_sysbios_knl_Task_Instance_finalize)
                  200105bc    000000b8     ti_sysbios_config.o (.text.ti_sysbios_knl_Task_setPri)
                  20010674    000000b4     drivers_cc32xx.a : SPICC32XXDMA.c.obj (.text.SPICC32XXDMA_close)
                  20010728    000000b4     driverlib.a : spi.obj (.text.SPIConfigSetExpClk)
                  200107dc    000000b4     simplelink.a : cc_pal.obj (.text.spi_Read)
                  20010890    000000b4                  : cc_pal.obj (.text.spi_Write)
                  20010944    000000b2                  : driver.obj (.text._SlDrvProtectAsyncRespSetting)
                  200109f6    00000002     --HOLE-- [fill = 0]
                  200109f8    000000b0     libclang_rt.builtins.a : udivmoddi4.S.obj (.text)
                  20010aa8    000000ac     driverlib.a : gpio.obj (.text.GPIOIntTypeSet)
                  20010b54    000000ac     simplelink.a : sl_socket.obj (.text._SlSocketHandleAsync_Close)
                  20010c00    000000ac                  : sl_socket.obj (.text._SlSocketHandleAsync_Connect)
                  20010cac    000000aa     slnetsock_release.a : slnetsock.om4 (.text.SlNetSock_create)
                  20010d56    00000002     --HOLE-- [fill = 0]
                  20010d58    000000a8     drivers_cc32xx.a : PWMTimerCC32XX.c.obj (.text.PWMTimerCC32XX_stop)
                  20010e00    000000a6     slnetifwifi.a : slnetifwifi.obj (.text.SlNetIfWifi_ping)
                  20010ea6    000000a4     simplelink.a : fs.obj (.text.FsGetCreateFsMode)
                  20010f4a    00000002     --HOLE-- [fill = 0]
                  20010f4c    000000a4     httpclient_release.a : httpclient.om4 (.text.getStatus)
                  20010ff0    000000a4     simplelink.a : sl_socket.obj (.text.sl_Recv)
                  20011094    000000a4                  : sl_socket.obj (.text.sl_SetSockOpt)
                  20011138    000000a4     ti_sysbios_config.o (.text.ti_sysbios_knl_Task_Instance_init)
                  200111dc    000000a4     ti_sysbios_config.o (.text.ti_sysbios_knl_Task_sleep)
                  20011280    000000a2     driverlib.a : pin.obj (.text.PinConfigSet)
                  20011322    00000002     --HOLE-- [fill = 0]
                  20011324    000000a0     drivers_cc32xx.a : PWMTimerCC32XX.c.obj (.text.PWMTimerCC32XX_setDuty)
                  200113c4    0000009e     simplelink.a : sl_socket.obj (.text._SlDrvOpenCtrlSocket)
                  20011462    0000009c                  : sl_socket.obj (.text._SlSocketHandleAsync_Accept)
                  200114fe    00000002     --HOLE-- [fill = 0]
                  20011500    0000009c     main_tirtos.o (.text.main)
                  2001159c    00000098     slnetifwifi.a : slnetifwifi.obj (.text.SlNetIfWifi_sockstartSec)
                  20011634    00000098     simplelink.a : device.obj (.text._SlDeviceHandleAsync_Stop)
                  200116cc    00000096                  : eventreg.obj (.text.sl_UnregisterLibsEventHandler)
                  20011762    0000000e                  : cc_pal.obj (.text.NwpMaskInterrupt)
                  20011770    00000096     drivers_cc32xx.a : PowerCC32XX_ticlang.asm.obj (.text)
                  20011806    00000094     simplelink.a : sl_socket.obj (.text.sl_Socket)
                  2001189a    00000094     drivers_cc32xx.a : SPICC32XXDMA.c.obj (.text.spiHwiFxn)
                  2001192e    00000092     driverlib.a : spi.obj (.text.SPIIntStatus)
                  200119c0    00000092                 : udma.obj (.text.uDMAChannelAttributeDisable)
                  20011a52    00000002     --HOLE-- [fill = 0]
                  20011a54    00000090     drivers_cc32xx.a : GPIOCC32XX.c.obj (.text.GPIO_init)
                  20011ae4    00000090     httpclient_release.a : httpclient.om4 (.text.sendReqHeaders)
                  20011b74    0000008e     driverlib.a : prcm.obj (.text.PRCMSysResetCauseGet)
                  20011c02    00000002     --HOLE-- [fill = 0]
                  20011c04    0000008c     ti_sysbios_config.o (.text.ti_sysbios_knl_Mailbox_post)
                  20011c90    00000088     drivers_cc32xx.a : PowerCC32XX.c.obj (.text.PowerCC32XX_configureWakeup)
                  20011d18    00000088     slnetsock_release.a : slnetsock.om4 (.text.SlNetSock_getVirtualSdConf)
                  20011da0    00000084     drivers_cc32xx.a : PWMTimerCC32XX.c.obj (.text.PWMTimerCC32XX_close)
                  20011e24    00000084                      : PWMTimerCC32XX.c.obj (.text.PWMTimerCC32XX_setPeriod)
                  20011ea8    00000084     drive_gpio.o (.text.RC522_senseRFID)
                  20011f2c    00000084     slnetsock_release.a : slnetutils.om4 (.text.SlNetUtil_getHostByName)
                  20011fb0    00000084     drivers_cc32xx.a : PWMTimerCC32XX.c.obj (.text.initHw)
                  20012034    00000084                      : SPICC32XXDMA.c.obj (.text.initHw)
                  200120b8    00000080     ti_sysbios_config.o (.text._pthread_abstime2ticks)
                  20012138    0000007e     httpclient_release.a : httpclient.om4 (.text.readLine)
                  200121b6    0000007c     simplelink.a : netapp.obj (.text._SlNetAppSendTokenValue)
                  20012232    00000002     --HOLE-- [fill = 0]
                  20012234    0000007c     ti_sysbios_config.o (.text.ti_sysbios_family_arm_m3_Hwi_postInit)
                  200122b0    00000078     drivers_cc32xx.a : PowerCC32XX.c.obj (.text.Power_init)
                  20012328    00000078     simplelink.a : driver.obj (.text._SlDrvRxIrqHandler)
                  200123a0    00000078     ti_sysbios_config.o (.text._pthread_removeThreadKeys)
                  20012418    00000078     add_func.o (.text.schedFuncs)
                  20012490    00000078     ti_sysbios_config.o (.text.ti_sysbios_knl_Task_postInit)
                  20012508    00000076     simplelink.a : cc_pal.obj (.text.spi_Open)
                  2001257e    00000074     driverlib.a : prcm.obj (.text.PRCMHibernateWakeUpGPIOSelect)
                  200125f2    00000074     slnetifwifi.a : slnetifwifi.obj (.text.SlNetIfWifi_setSockOpt)
                  20012666    00000074     driverlib.a : uart.obj (.text.UARTConfigSetExpClk)
                  200126da    00000074     simplelink.a : driver.obj (.text._SlSpawnMsgListGetCount)
                  2001274e    00000002     --HOLE-- [fill = 0]
                  20012750    00000074     ti_sysbios_config.o (.text.acquireMutex)
                  200127c4    00000074     ti_sysbios_config.o (.text.ti_sysbios_family_arm_m3_Hwi_initNVIC)
                  20012838    00000074     ti_sysbios_config.o (.text.ti_sysbios_knl_Swi_restoreHwi)
                  200128ac    00000072     simplelink.a : device.obj (.text._SlDeviceHandleResetRequestInternally)
                  2001291e    00000072                  : sl_socket.obj (.text._SlDrvCloseCtrlSocket)
                  20012990    00000072                  : spawn.obj (.text._SlInternalSpawn)
                  20012a02    00000072                  : sl_socket.obj (.text.sl_Listen)
                  20012a74    00000070     ti_sysbios_config.o (.text.ti_sysbios_family_arm_m3_Hwi_Instance_init)
                  20012ae4    00000070     ti_sysbios_config.o (.text.ti_sysbios_heaps_HeapMem_allocUnprotected)
                  20012b54    00000070     ti_sysbios_config.o (.text.ti_sysbios_knl_Task_startup)
                  20012bc4    00000070     ti_sysbios_config.o (.text.ti_sysbios_runtime_System_formatNum)
                  20012c34    00000070     libc.a : copy_decompress_lzss.c.obj (.text:decompress:lzss)
                  20012ca4    0000006e     libclang_rt.builtins.a : comparedf2.c.obj (.text.__gedf2)
                  20012d12    00000002     --HOLE-- [fill = 0]
                  20012d14    0000006e                            : comparedf2.c.obj (.text.__ledf2)
                  20012d82    00000002     --HOLE-- [fill = 0]
                  20012d84    0000006c     drivers_cc32xx.a : ADCCC32XX.c.obj (.text.ADCCC32XX_open)
                  20012df0    0000006c     driverlib.a : pin.obj (.text.PinLockLevelSet)
                  20012e5c    0000006c     drivers_cc32xx.a : PowerCC32XX.c.obj (.text.Power_setDependency)
                  20012ec8    0000006c     driverlib.a : spi.obj (.text.SPIIntDisable)
                  20012f34    0000006c     drivers_cc32xx.a : UDMACC32XX.c.obj (.text.UDMACC32XX_open)
                  20012fa0    0000006c     simplelink.a : driver.obj (.text._SlDrvCmdSend_noLock)
                  2001300c    0000006c     libc.a : _printfi.c.obj (.text._mcpy)
                  20013078    0000006c     drivers_cc32xx.a : GPIOCC32XX.c.obj (.text.powerNotifyFxn)
                  200130e4    0000006c     ti_sysbios_config.o (.text.ti_sysbios_family_arm_m3_Hwi_dispatchC)
                  20013150    0000006c     ti_sysbios_config.o (.text.ti_sysbios_hal_Seconds_getTime)
                  200131bc    0000006c     ti_sysbios_config.o (.text.ti_sysbios_knl_Clock_workFunc)
                  20013228    0000006a     driverlib.a : prcm.obj (.text.PRCMPeripheralReset)
                  20013292    0000006a     slnetifwifi.a : slwificonn.obj (.text.SignalEvent)
                  200132fc    00000068     drivers_cc32xx.a : ADCCC32XX.c.obj (.text.ADCCC32XX_close)
                  20013364    00000068     driverlib.a : spi.obj (.text.SPIIntEnable)
                  200133cc    00000068     slnetsock_release.a : slnetsock.om4 (.text.SlNetSock_AllocVirtualSocket)
                  20013434    00000068     simplelink.a : eventreg.obj (.text.sl_RegisterLibsEventHandler)
                  2001349c    00000068     ti_sysbios_config.o (.text.ti_sysbios_knl_Clock_init)
                  20013504    00000068     ti_sysbios_config.o (.text.ti_sysbios_knl_Swi_run)
                  2001356c    00000066     simplelink.a : wlan.obj (.text.sl_WlanSetMode)
                  200135d2    00000064     httpclient_release.a : httpclient.om4 (.text.HTTPClient_disconnect)
                  20013636    00000002     --HOLE-- [fill = 0]
                  20013638    00000064                          : httpclient.om4 (.text.HTTPClient_getHeader)
                  2001369c    00000064     simplelink.a : cc_pal.obj (.text.NwpRegisterInterruptHandler)
                  20013700    00000064     drive_gpio.o (.text.RC522_Init)
                  20013764    00000064     slnetsock_release.a : slnetsock.om4 (.text.SlNetSock_secAttribSet)
                  200137c8    00000064     slnetifwifi.a : slwificonn.obj (.text.SlWifiConn_enable)
                  2001382c    00000064     ti_sysbios_config.o (.text.ti_sysbios_knl_Idle_init)
                  20013890    00000062     driverlib.a : spi.obj (.text.SPIIntClear)
                  200138f2    00000062     simplelink.a : eventreg.obj (.text._SlNetAppHttpServerHdlr)
                  20013954    00000062                  : eventreg.obj (.text._SlNetAppRequestHdlr)
                  200139b6    00000002     --HOLE-- [fill = 0]
                  200139b8    00000062     libclang_rt.builtins.a : aeabi_dcmp.S.obj (.text.__aeabi_dcmp)
                  20013a1a    00000002     --HOLE-- [fill = 0]
                  20013a1c    00000060     drivers_cc32xx.a : GPIOCC32XX.c.obj (.text.GPIO_write)
                  20013a7c    00000060     httpclient_release.a : httpclient.om4 (.text.HTTPClient_create)
                  20013adc    00000060     drive_gpio.o (.text.RC522_REQA)
                  20013b3c    00000060     drive_gpio.o (.text.RC522_UID)
                  20013b9c    00000060     slnetsock_release.a : slnetif.om4 (.text.SlNetIf_queryIf)
                  20013bfc    00000060     drivers_cc32xx.a : UART2CC32XX.c.obj (.text.UART2Support_dmaStopTx)
                  20013c5c    00000060     simplelink.a : driver.obj (.text._SlDrvSyncObjWaitTimeout)
                  20013cbc    00000060     ti_sysbios_config.o (.text.ti_sysbios_knl_Semaphore_post)
                  20013d1c    00000060     ti_sysbios_config.o (.text.ti_sysbios_knl_Swi_schedule)
                  20013d7c    0000005c     driverlib.a : flash.obj (.text.FlashDisable)
                  20013dd8    0000005c                 : prcm.obj (.text.PRCMHibernateWakeupSourceDisable)
                  20013e34    0000005c     drivers_cc32xx.a : TimerCC32XX.c.obj (.text.TimerCC32XX_allocateTimerResource)
                  20013e90    0000005c     simplelink.a : driver.obj (.text._SlDrvUpdateApiInProgress)
                  20013eec    0000005c                  : eventreg.obj (.text._SlIsEventRegistered)
                  20013f48    0000005c     libc.a : _printfi.c.obj (.text._pconv_f)
                  20013fa4    0000005c     ti_sysbios_config.o (.text.pthread_exit)
                  20014000    0000005a     driverlib.a : prcm.obj (.text.PRCMPeripheralClkEnable)
                  2001405a    0000005a     simplelink.a : eventreg.obj (.text._SlDeviceFatalErrorEvtHdlr)
                  200140b4    0000005a                  : eventreg.obj (.text._SlDeviceGeneralEvtHdlr)
                  2001410e    0000005a                  : driver.obj (.text._SlDrvGlobalObjUnLock)
                  20014168    0000005a                  : eventreg.obj (.text._SlNetAppEvtHdlr)
                  200141c2    0000005a                  : eventreg.obj (.text._SlNetAppRequestMemFree)
                  2001421c    0000005a                  : eventreg.obj (.text._SlSockEvtHdlr)
                  20014276    0000005a                  : eventreg.obj (.text._SlWlanEvtHdlr)
                  200142d0    00000058     drivers_cc32xx.a : PWMTimerCC32XX.c.obj (.text.PWMTimerCC32XX_start)
                  20014328    00000058     slnetsock_release.a : slnetsock.om4 (.text.SlNetSock_recv)
                  20014380    00000058                         : slnetsock.om4 (.text.SlNetSock_send)
                  200143d8    00000058     simplelink.a : sl_socket.obj (.text._SlDrvClearCtrlSocket)
                  20014430    00000056     driverlib.a : prcm.obj (.text.PRCMLPDSEnter)
                  20014486    00000056     slnetifwifi.a : slnetifwifi.obj (.text.SlNetIfWifi_getIPAddr)
                  200144dc    00000056     libc.a : _ltoa.c.obj (.text.__TI_ltoa)
                  20014532    00000002     --HOLE-- [fill = 0]
                  20014534    00000054     ti_sysbios_config.o (.text.HwiP_create)
                  20014588    00000054     drivers_cc32xx.a : PowerCC32XX.c.obj (.text.PowerCC32XX_setParkState)
                  200145dc    00000054                      : PowerCC32XX.c.obj (.text.Power_releaseDependency)
                  20014630    00000054     driverlib.a : spi.obj (.text.SPIDmaMaskGet)
                  20014684    00000054     platform.o (.text.SimpleLinkWlanEventHandler)
                  200146d8    00000054     slnetifwifi.a : slnetifwifi.obj (.text.SlNetIfWifi_getConnectionStatus)
                  2001472c    00000054     simplelink.a : driver.obj (.text._SlFindAndReleasePendingCmd)
                  20014780    00000054     libc.a : s_frexp.c.obj (.text.frexp)
                  200147d4    00000054     ti_sysbios_config.o (.text.mq_send)
                  20014828    00000054     ti_sysbios_config.o (.text.ti_sysbios_family_arm_m3_Timer_start)
                  2001487c    00000052     display_cc32xx.a : DisplayUart2.c.obj (.text.DisplayUart2Min_vprintf)
                  200148ce    00000052     simplelink.a : sl_socket.obj (.text._SlSocketBuildAddress)
                  20014920    00000050     display_cc32xx.a : Display.c.obj (.text.Display_doOpen)
                  20014970    00000050     drivers_cc32xx.a : GPIOCC32XX.c.obj (.text.GPIO_hwiIntFxn)
                  200149c0    00000050     simplelink.a : cc_pal.obj (.text.NwpWaitForShutDownInd)
                  20014a10    00000050     driverlib.a : prcm.obj (.text.PRCMHibernateWakeupSourceEnable)
                  20014a60    00000050     drive_gpio.o (.text.RC522_Read)
                  20014ab0    00000050     simplelink.a : driver.obj (.text._SlDrvCmdSend_noWait)
                  20014b00    00000050     ti_sysbios_config.o (.text.ti_sysbios_knl_Swi_post)
                  20014b50    00000050     ti_sysbios_config.o (.text.ti_sysbios_knl_Swi_runLoop)
                  20014ba0    0000004e     driverlib.a : adc.obj (.text.ADCChannelDisable)
                  20014bee    0000004e     slnetifwifi.a : slnetifwifi.obj (.text.SlNetIfWifi_sendTo)
                  20014c3c    0000004e     libc.a : _printfi.c.obj (.text._ecpy)
                  20014c8a    0000004e     ti_sysbios_config.o (.text.ti_sysbios_heaps_HeapMem_freeUnprotected)
                  20014cd8    0000004e     driverlib.a : udma.obj (.text.uDMAChannelAssign)
                  20014d26    0000004c                 : adc.obj (.text.ADCChannelEnable)
                  20014d72    00000002     --HOLE-- [fill = 0]
                  20014d74    0000004c     ti_sysbios_config.o (.text.BIOS_startFunc)
                  20014dc0    0000004c     drivers_cc32xx.a : GPIOCC32XX.c.obj (.text.GPIO_setInterruptConfig)
                  20014e0c    0000004c     driverlib.a : prcm.obj (.text.PRCMLPDSRestoreInfoSet)
                  20014e58    0000004c     drive_gpio.o (.text.RC522_Write)
                  20014ea4    0000004c     slnetsock_release.a : slnetsock.om4 (.text.SlNetSock_freeVirtualSocket)
                  20014ef0    0000004c     ti_sysbios_config.o (.text.ti_sysbios_knl_Swi_Instance_init)
                  20014f3c    0000004c     simplelink.a : sl_socket.obj (.text.to_mSec)
                  20014f88    0000004a     httpclient_release.a : httpclient.om4 (.text.HTTPClient_destroy)
                  20014fd2    0000004a     drivers_cc32xx.a : UART2CC32XX.c.obj (.text.UART2Support_dmaStopRx)
                  2001501c    0000004a     simplelink.a : spawn.obj (.text._SlInternalSpawnWaitForEvent)
                  20015066    0000004a     driverlib.a : udma.obj (.text.uDMAChannelSizeGet)
                  200150b0    00000048     ti_sysbios_config.o (.text.BIOS_init)
                  200150f8    00000048     driverlib.a : prcm.obj (.text.PRCMIntEnable)
                  20015140    00000048                 : prcm.obj (.text.PRCMPeripheralStatusGet)
                  20015188    00000048                 : pin.obj (.text.PinConfigGet)
                  200151d0    00000048     slnetifwifi.a : slnetifwifi.obj (.text.SlNetIfWifi_recvFrom)
                  20015218    00000048     libclang_rt.builtins.a : fixdfsi.S.obj (.text.__fixdfsi)
                  20015260    00000048     httpclient_release.a : httpclient.om4 (.text.clearReqHeaders)
                  200152a8    00000048     drivers_cc32xx.a : PWMTimerCC32XX.c.obj (.text.getDutyCounts)
                  200152f0    00000048                      : PWMTimerCC32XX.c.obj (.text.getPowerMgrId)
                  20015338    00000048     ti_sysbios_config.o (.text.ti_sysbios_family_arm_m3_Hwi_create)
                  20015380    00000048     sysbios.a : Hwi_asm_switch_gcc.s.obj (.text.ti_sysbios_family_arm_m3_Hwi_initStacks)
                  200153c8    00000048     ti_sysbios_config.o (.text.ti_sysbios_family_arm_m3_Timer_initDevice)
                  20015410    00000048     ti_sysbios_config.o (.text.ti_sysbios_hal_Seconds_getCount)
                  20015458    00000048     ti_sysbios_config.o (.text.ti_sysbios_heaps_HeapMem_Instance_init)
                  200154a0    00000048     ti_sysbios_config.o (.text.ti_sysbios_heaps_HeapMem_alloc)
                  200154e8    00000048     ti_sysbios_config.o (.text.ti_sysbios_knl_Task_schedule)
                  20015530    00000048     ti_sysbios_config.o (.text.ti_sysbios_runtime_Startup_exec)
                  20015578    00000046     driverlib.a : prcm.obj (.text.PRCMLPDSEnterKeepDebugIf)
                  200155be    00000046     drivers_cc32xx.a : RingBuf.c.obj (.text.RingBuf_put)
                  20015604    00000046     slnetifwifi.a : slnetifwifi.obj (.text.SlNetIfWifi_getHostByName)
                  2001564a    00000046                   : slwificonn.obj (.text.SlWifiConn_disable)
                  20015690    00000044     drivers_cc32xx.a : ADC.c.obj (.text.ADC_init)
                  200156d4    00000044     ti_sysbios_config.o (.text.BIOS_atExitFunc)
                  20015718    00000044     driverlib.a : gpio.obj (.text.GPIODirModeSet)
                  2001575c    00000044     drivers_cc32xx.a : GPIOCC32XX.c.obj (.text.GPIO_disableInt)
                  200157a0    00000044                      : GPIOCC32XX.c.obj (.text.GPIO_enableInt)
                  200157e4    00000044                      : PWM.c.obj (.text.PWM_init)
                  20015828    00000044                      : PowerCC32XX.c.obj (.text.Power_releaseConstraint)
                  2001586c    00000044                      : SPI.c.obj (.text.SPI_init)
                  200158b0    00000044     slnetsock_release.a : slnetsock.om4 (.text.SlNetSock_init)
                  200158f4    00000044                         : slnetsock.om4 (.text.SlNetSock_startSec)
                  20015938    00000044     libclang_rt.builtins.a : fixunsdfsi.S.obj (.text.__fixunsdfsi)
                  2001597c    00000044     drivers_cc32xx.a : PWMTimerCC32XX.c.obj (.text.getPeriodCounts)
                  200159c0    00000044     ti_net_config.o (.text.ti_net_SlNet_initConfig)
                  20015a04    00000044     ti_sysbios_config.o (.text.ti_sysbios_family_arm_m3_Hwi_Instance_finalize)
                  20015a48    00000044     ti_sysbios_config.o (.text.ti_sysbios_family_arm_m3_Hwi_construct2)
                  20015a8c    00000044     ti_sysbios_config.o (.text.ti_sysbios_family_arm_m3_Hwi_disableInterrupt)
                  20015ad0    00000044     ti_sysbios_config.o (.text.ti_sysbios_family_arm_m3_Hwi_enableInterrupt)
                  20015b14    00000044     ti_sysbios_config.o (.text.ti_sysbios_family_arm_m3_Timer_setPeriodMicroSecs)
                  20015b58    00000044     ti_sysbios_config.o (.text.ti_sysbios_knl_Swi_restore)
                  20015b9c    00000044     ti_sysbios_config.o (.text.ti_sysbios_knl_Task_create)
                  20015be0    00000042     driverlib.a : pin.obj (.text.PinModeSet)
                  20015c22    00000042     slnetifwifi.a : slnetifwifi.obj (.text.SlNetIfWifi_select)
                  20015c64    00000042                   : slnetifwifi.obj (.text.SlNetIfWifi_socket)
                  20015ca6    00000042     driverlib.a : timer.obj (.text.TimerControlLevel)
                  20015ce8    00000042     simplelink.a : spawn.obj (.text._SlInternalSpawnTaskEntry)
                  20015d2a    00000042     httpclient_release.a : httpclient.om4 (.text.clearResponseValues)
                  20015d6c    00000042     ti_sysbios_config.o (.text.getCountsRTC)
                  20015dae    00000002     --HOLE-- [fill = 0]
                  20015db0    00000040     drivers_cc32xx.a : ADCCC32XX.c.obj (.text.ADCCC32XX_convert)
                  20015df0    00000040                      : SPI.c.obj (.text.SPI_open)
                  20015e30    00000040     slnetsock_release.a : slnetsock.om4 (.text.SlNetSock_connect)
                  20015e70    00000040     simplelink.a : driver.obj (.text._SlDrvSyncObjWaitForever)
                  20015eb0    00000040     libc.a : atoi.c.obj (.text.atoi)
                  20015ef0    00000040     ti_sysbios_config.o (.text.ti_sysbios_heaps_HeapMem_getStats)
                  20015f30    00000040     ti_sysbios_config.o (.text.ti_sysbios_knl_ClockSupport_init)
                  20015f70    00000040     ti_sysbios_config.o (.text.ti_sysbios_knl_Task_exit)
                  20015fb0    00000040     driverlib.a : udma.obj (.text.uDMAChannelControlSet)
                  20015ff0    0000003e                 : pin.obj (.text.PinDirModeSet)
                  2001602e    0000003e     ti_sysbios_config.o (.text.sem_timedwait)
                  2001606c    0000003c     simplelink.a : sl_socket.obj (.text.CountSetBits)
                  200160a8    0000003c     display_cc32xx.a : DisplayUart2.c.obj (.text.DisplayUart2Min_open)
                  200160e4    0000003c     ti_sysbios_config.o (.text.HwiP_construct)
                  20016120    0000003c     driverlib.a : pin.obj (.text.PinTypeGPIO)
                  2001615c    0000003c     drivers_cc32xx.a : UDMACC32XX.c.obj (.text.UDMACC32XX_init)
                  20016198    0000003c     simplelink.a : driver.obj (.text._SlDrvIsApiInProgress)
                  200161d4    0000003c                  : driver.obj (.text._SlDrvProtectionObjLockWaitForever)
                  20016210    0000003c                  : driver.obj (.text._SlDrvProtectionObjUnLock)
                  2001624c    0000003c     ti_sysbios_config.o (.text.ti_sysbios_heaps_HeapMem_construct)
                  20016288    0000003c     ti_sysbios_config.o (.text.ti_sysbios_knl_Task_blockI)
                  200162c4    0000003c     ti_sysbios_config.o (.text.ti_sysbios_knl_Task_restore)
                  20016300    0000003c     ti_sysbios_config.o (.text.ti_sysbios_runtime_Memory_alloc)
                  2001633c    0000003c     libc.a : vsnprintf.c.obj (.text.vsnprintf)
                  20016378    0000003a     simplelink.a : cc_pal.obj (.text.Mutex_create_handle)
                  200163b2    0000003a                  : netapp.obj (.text._SlNetAppCopyPingResultsToReport)
                  200163ec    00000038     ti_sysbios_config.o (.text.MemAlloc_alloc)
                  20016424    00000038     drivers_cc32xx.a : PowerCC32XX.c.obj (.text.Power_setConstraint)
                  2001645c    00000038                      : RingBuf.c.obj (.text.RingBuf_putAdvance)
                  20016494    00000038                      : UDMACC32XX.c.obj (.text.UDMACC32XX_close)
                  200164cc    00000038     libclang_rt.builtins.a : extendsfdf2.S.obj (.text.__extendsfdf2)
                  20016504    00000038     drive_gpio.o (.text.configSPI)
                  2001653c    00000038     ti_sysbios_config.o (.text.pthread_mutex_init)
                  20016574    00000038     libc.a : sprintf.c.obj (.text.sprintf)
                  200165ac    00000038     ti_sysbios_config.o (.text.ti_sysbios_family_arm_m3_Timer_Instance_finalize)
                  200165e4    00000038     ti_sysbios_config.o (.text.ti_sysbios_knl_TaskSupport_buildTaskStack)
                  2001661c    00000038     ti_sysbios_config.o (.text.ti_sysbios_knl_Task_processVitalTaskFlag)
                  20016654    00000038     libc.a : autoinit.c.obj (.text:__TI_auto_init_nobinit_nopinit)
                  2001668c    00000036     driverlib.a : pin.obj (.text.PinLock)
                  200166c2    00000036                 : spi.obj (.text.SPIFIFOLevelSet)
                  200166f8    00000036     slnetsock_release.a : slnetsock.om4 (.text.SlNetSock_close)
                  2001672e    00000036     driverlib.a : uart.obj (.text.UARTCharPutNonBlocking)
                  20016764    00000036     httpclient_release.a : httpclient.om4 (.text.stringcasecmp)
                  2001679a    00000034     driverlib.a : pin.obj (.text.PinDirModeGet)
                  200167ce    00000034                 : pin.obj (.text.PinModeGet)
                  20016802    00000034     drivers_cc32xx.a : PowerCC32XX.c.obj (.text.PowerCC32XX_parkPin)
                  20016836    00000002     --HOLE-- [fill = 0]
                  20016838    00000034     drive_gpio.o (.text.RC522_ReadFIFO)
                  2001686c    00000034     slnetsock_release.a : slnetutils.om4 (.text.SlNetUtil_strTok)
                  200168a0    00000034     drivers_cc32xx.a : TimerCC32XX.c.obj (.text.TimerCC32XX_freeTimerResource)
                  200168d4    00000034                      : UART2.c.obj (.text.UART2_rxDisable)
                  20016908    00000034     simplelink.a : fs.obj (.text._SlFsStrlen)
                  2001693c    00000034     libc.a : _printfi.c.obj (.text._fcpy)
                  20016970    00000034     ti_sysbios_config.o (.text._pthread_cleanupFxn)
                  200169a4    00000034     ti_sysbios_config.o (.text.pthread_mutex_unlock)
                  200169d8    00000034     httpclient_release.a : httpclient.om4 (.text.stringncasecmp)
                  20016a0c    00000034     ti_sysbios_config.o (.text.ti_sysbios_family_arm_m3_Hwi_getStackInfo)
                  20016a40    00000034     ti_sysbios_config.o (.text.ti_sysbios_family_arm_m3_Hwi_init)
                  20016a74    00000034     ti_sysbios_config.o (.text.ti_sysbios_family_arm_m3_Timer_periodicStub)
                  20016aa8    00000034     ti_sysbios_config.o (.text.ti_sysbios_knl_Task_unblockI)
                  20016adc    00000034     ti_sysbios_config.o (.text.ti_sysbios_runtime_Error_raiseX)
                  20016b10    00000032     slnetifwifi.a : slnetifwifi.obj (.text.SlNetIfWifi_CreateContext)
                  20016b42    00000032     simplelink.a : driver.obj (.text._SlDrvObjLockWaitForever)
                  20016b74    00000032                  : driver.obj (.text._SlDrvObjUnLock)
                  20016ba6    00000032                  : driver.obj (.text._SlDrvSyncObjSignal)
                  20016bd8    00000032     ti_sysbios_config.o (.text.ti_sysbios_knl_Semaphore_pendTimeout)
                  20016c0a    00000030     driverlib.a : prcm.obj (.text.PRCMLPDSIntervalSet)
                  20016c3a    00000030                 : prcm.obj (.text.PRCMSlowClkCtrFastGet)
                  20016c6a    00000030     slnetifwifi.a : slnetifwifi.obj (.text.SlNetIfWifi_recv)
                  20016c9a    00000030                   : slnetifwifi.obj (.text.SlNetIfWifi_send)
                  20016cca    00000030     driverlib.a : timer.obj (.text.TimerLoadSet)
                  20016cfa    00000030                 : timer.obj (.text.TimerMatchSet)
                  20016d2a    00000030                 : timer.obj (.text.TimerPrescaleMatchSet)
                  20016d5a    00000030                 : timer.obj (.text.TimerPrescaleSet)
                  20016d8a    00000030     simplelink.a : driver.obj (.text._SlDrvStartMeasureTimeout)
                  20016dba    00000030     libc.a : vsnprintf.c.obj (.text._outs)
                  20016dea    00000030     ti_sysbios_config.o (.text.getTime)
                  20016e1a    00000002     --HOLE-- [fill = 0]
                  20016e1c    00000030     drivers_cc32xx.a : PowerCC32XX.c.obj (.text.notify)
                  20016e4c    00000030     ti_sysbios_config.o (.text.ti_sysbios_family_arm_m3_Hwi_excHandlerMin)
                  20016e7c    00000030     ti_sysbios_config.o (.text.ti_sysbios_heaps_HeapMem_free)
                  20016eac    00000030     ti_sysbios_config.o (.text.ti_sysbios_knl_Clock_walkQueuePeriodic)
                  20016edc    00000030     ti_sysbios_config.o (.text.ti_sysbios_knl_TaskSupport_start)
                  20016f0c    00000030     ti_sysbios_config.o (.text.ti_sysbios_runtime_System_atexit)
                  20016f3c    00000030     ti_sysbios_config.o (.text.ti_sysbios_runtime_System_processAtExit)
                  20016f6c    00000030     ti_sysbios_config.o (.text.usleep)
                  20016f9c    0000002e     driverlib.a : gpio.obj (.text.GPIOIntStatus)
                  20016fca    0000002e     simplelink.a : cc_pal.obj (.text.NwpPowerOn)
                  20016ff8    0000002e     drivers_cc32xx.a : RingBuf.c.obj (.text.RingBuf_getConsume)
                  20017026    0000002e                      : RingBuf.c.obj (.text.RingBuf_putPointer)
                  20017054    0000002e     driverlib.a : uart.obj (.text.UARTDisable)
                  20017082    00000002     --HOLE-- [fill = 0]
                  20017084    0000002e     libclang_rt.builtins.a : floatsidf.S.obj (.text.__floatsidf)
                  200170b2    00000002     --HOLE-- [fill = 0]
                  200170b4    0000002c     slnetsock_release.a : slnetif.om4 (.text.SlNetIf_init)
                  200170e0    0000002c     drivers_cc32xx.a : UART2CC32XX.c.obj (.text.UART2CC32XX_getRxData)
                  2001710c    0000002c     ti_sysbios_config.o (.text._pthread_delete)
                  20017138    0000002c     libc.a : strstr.c.obj (.text.strstr)
                  20017164    0000002c     ti_sysbios_config.o (.text.ti_sysbios_family_arm_m3_Timer_construct)
                  20017190    0000002c     ti_sysbios_config.o (.text.ti_sysbios_gates_GateMutex_enter)
                  200171bc    0000002c     ti_sysbios_config.o (.text.ti_sysbios_knl_Task_restoreHwi)
                  200171e8    0000002a     driverlib.a : prcm.obj (.text.PRCMLPDSWakeUpGPIOSelect)
                  20017212    0000002a                 : prcm.obj (.text.PRCMPeripheralClkDisable)
                  2001723c    0000002a     slnetifwifi.a : slnetifwifi.obj (.text.SlNetIfWifi_connect)
                  20017266    0000002a     driverlib.a : uart.obj (.text.UARTIntStatus)
                  20017290    0000002a     simplelink.a : flowcont.obj (.text._SlFlowContSet)
                  200172ba    0000002a     ti_sysbios_config.o (.text.ti_sysbios_knl_Task_allBlockedFunction)
                  200172e4    00000028     ti_sysbios_config.o (.text.BIOS_registerRTSLock)
                  2001730c    00000028     drivers_cc32xx.a : List.c.obj (.text.List_remove)
                  20017334    00000028     driverlib.a : prcm.obj (.text.PRCMSRAMRetentionEnable)
                  2001735c    00000028     drivers_cc32xx.a : PowerCC32XX.c.obj (.text.PowerCC32XX_getParkState)
                  20017384    00000028     driverlib.a : spi.obj (.text.SPIReset)
                  200173ac    00000028     slnetifwifi.a : slnetifwifi.obj (.text.SlNetIfWifi_accept)
                  200173d4    00000028     slnetsock_release.a : slnetsock.om4 (.text.SlNetSock_secAttribDelete)
                  200173fc    00000028     slnetifwifi.a : slwificonn.obj (.text.SlWifiConn_registerNetIFCallback)
                  20017424    00000028     ti_sysbios_config.o (.text.calloc)
                  2001744c    00000028     httpclient_release.a : httpclient.om4 (.text.searchCustomResponseHeaderNode)
                  20017474    00000028     ti_sysbios_config.o (.text.sem_init)
                  2001749c    00000028     ti_sysbios_config.o (.text.sleep)
                  200174c4    00000028     sysbios.a : Hwi_asm_gcc.s.obj (.text.ti_sysbios_family_arm_m3_Hwi_excHandlerAsm)
                  200174ec    00000028     ti_sysbios_config.o (.text.ti_sysbios_family_arm_m3_Timer_oneShotStub)
                  20017514    00000028     ti_sysbios_config.o (.text.ti_sysbios_family_arm_m3_Timer_setPeriod)
                  2001753c    00000028     ti_sysbios_config.o (.text.ti_sysbios_gates_GateMutex_Instance_init)
                  20017564    00000028     ti_sysbios_config.o (.text.ti_sysbios_knl_Semaphore_Instance_init)
                  2001758c    00000028     ti_sysbios_config.o (.text.ti_sysbios_knl_Swi_init)
                  200175b4    00000028     ti_sysbios_config.o (.text.ti_sysbios_knl_Task_construct)
                  200175dc    00000028     ti_sysbios_config.o (.text.ti_sysbios_knl_Task_init)
                  20017604    00000026     driverlib.a : spi.obj (.text.SPIDataGet)
                  2001762a    00000002     --HOLE-- [fill = 0]
                  2001762c    00000024     ti_sysbios_config.o (.text.BIOS_removeRTSLock)
                  20017650    00000024     display_cc32xx.a : Display.c.obj (.text.Display_doInit)
                  20017674    00000024     drivers_cc32xx.a : List.c.obj (.text.List_put)
                  20017698    00000024     driverlib.a : prcm.obj (.text.PRCMLPDSWakeupSourceEnable)
                  200176bc    00000024     drivers_cc32xx.a : PowerCC32XX.c.obj (.text.PowerCC32XX_restoreParkState)
                  200176e0    00000024                      : PowerCC32XX.c.obj (.text.PowerCC32XX_restoreParkedPin)
                  20017704    00000024                      : PowerCC32XX.c.obj (.text.Power_registerNotify)
                  20017728    00000024     driverlib.a : spi.obj (.text.SPIDataPut)
                  2001774c    00000024     ti_sysbios_config.o (.text.SemaphoreP_createBinary)
                  20017770    00000024     slnetsock_release.a : slnetif.om4 (.text.SlNetIf_callback)
                  20017794    00000024                         : slnetif.om4 (.text.SlNetIf_getIfByID)
                  200177b8    00000024     drivers_cc32xx.a : UART2CC32XX.c.obj (.text.UART2Support_disableRx)
                  200177dc    00000024     ti_sysbios_config.o (.text.ti_sysbios_family_arm_m3_Hwi_construct)
                  20017800    00000024     ti_sysbios_config.o (.text.ti_sysbios_family_arm_m3_Timer_postInit)
                  20017824    00000024     ti_sysbios_config.o (.text.ti_sysbios_family_arm_m3_Timer_startup)
                  20017848    00000024     ti_sysbios_config.o (.text.ti_sysbios_knl_Semaphore_destruct)
                  2001786c    00000024     ti_sysbios_config.o (.text.ti_sysbios_knl_Task_enter)
                  20017890    00000024     sysbios.a : boot_cortex_m.c.obj (.text:_c_int00)
                  200178b4    00000022     driverlib.a : gpio.obj (.text.GPIOPinWrite)
                  200178d6    00000022                 : pin.obj (.text.PinUnlock)
                  200178f8    00000022     drivers_cc32xx.a : RingBuf.c.obj (.text.RingBuf_getPointer)
                  2001791a    00000022     driverlib.a : spi.obj (.text.SPIWordCountSet)
                  2001793c    00000022     slnetifwifi.a : slnetifwifi.obj (.text.SlNetIfWifi_bind)
                  2001795e    00000022     drivers_cc32xx.a : UART2CC32XX.c.obj (.text.UART2Support_sendData)
                  20017980    00000020                      : ADCCC32XX.c.obj (.text.ADCCC32XX_convertToMicroVolts)
                  200179a0    00000020     ti_sysbios_config.o (.text.HwiP_clearInterrupt)
                  200179c0    00000020     drivers_cc32xx.a : PowerCC32XX.c.obj (.text.PowerCC32XX_reset)
                  200179e0    00000020                      : PowerCC32XX.c.obj (.text.Power_unregisterNotify)
                  20017a00    00000020     ti_sysbios_config.o (.text.SemaphoreP_constructBinary)
                  20017a20    00000020     driverlib.a : timer.obj (.text.TimerDisable)
                  20017a40    00000020     libclang_rt.builtins.a : floatunsidf.S.obj (.text.__floatunsidf)
                  20017a60    00000020     ti_sysbios_config.o (.text.getClockTicks)
                  20017a80    00000020     platform.o (.text.printError)
                  20017aa0    00000020     ti_sysbios_config.o (.text.ti_sysbios_family_arm_m3_Hwi_delete)
                  20017ac0    00000020     ti_sysbios_config.o (.text.ti_sysbios_family_arm_m3_Hwi_initStack)
                  20017ae0    00000020     ti_sysbios_config.o (.text.ti_sysbios_knl_Clock_addI)
                  20017b00    00000020     ti_sysbios_config.o (.text.ti_sysbios_knl_Clock_tick)
                  20017b20    00000020     ti_sysbios_config.o (.text.ti_sysbios_knl_Semaphore_delete)
                  20017b40    00000020     sysbios.a : TaskSupport_asm_gcc.s.obj (.text.ti_sysbios_knl_TaskSupport_swap)
                  20017b60    00000020     ti_sysbios_config.o (.text.ti_sysbios_knl_Task_delete)
                  20017b80    00000020     ti_sysbios_config.o (.text.ti_sysbios_knl_Task_destruct)
                  20017ba0    0000001e     driverlib.a : pin.obj (.text.PinTypeSPI)
                  20017bbe    0000001e                 : pin.obj (.text.PinTypeTimer)
                  20017bdc    0000001e                 : pin.obj (.text.PinTypeUART)
                  20017bfa    0000001e     slnetifwifi.a : slnetifwifi.obj (.text.SlNetIfWifi_listen)
                  20017c18    0000001e     drivers_cc32xx.a : UART2.c.obj (.text.UART2_writeTimeout)
                  20017c36    0000001e     driverlib.a : uart.obj (.text.UARTEnable)
                  20017c54    0000001e     libc.a : memccpy.c.obj (.text.memccpy)
                  20017c72    0000001e     sysbios.a : Hwi_asm_switch_gcc.s.obj (.text.ti_sysbios_family_arm_m3_Hwi_switchAndRunFunc)
                  20017c90    0000001e     ti_sysbios_config.o (.text.ti_sysbios_knl_Semaphore_create)
                  20017cae    0000001e     driverlib.a : udma.obj (.text.uDMAChannelDisable)
                  20017ccc    0000001e                 : udma.obj (.text.uDMAChannelEnable)
                  20017cea    0000001e                 : udma.obj (.text.uDMAChannelIsEnabled)
                  20017d08    0000001c     drivers_cc32xx.a : ADCCC32XX.c.obj (.text.ADCCC32XX_convertChain)
                  20017d24    0000001c     ti_sysbios_config.o (.text.BIOS_rtsLock)
                  20017d40    0000001c     slnetsock_release.a : slnetif.om4 (.text.SlNetIf_getConnectionStatus)
                  20017d5c    0000001c     simplelink.a : spawn.obj (.text._SlInternalIsItSpawnThread)
                  20017d78    0000001c     ti_sysbios_config.o (.text.free)
                  20017d94    0000001c     drivers_cc32xx.a : TimerCC32XX.c.obj (.text.getPowerMgrId)
                  20017db0    0000001c     httpclient_release.a : httpclient.om4 (.text.searchRequestHeader)
                  20017dcc    0000001c                          : httpclient.om4 (.text.strncmp)
                  20017de8    0000001c     ti_sysbios_config.o (.text.ti_sysbios_knl_Idle_run)
                  20017e04    0000001c     ti_sysbios_config.o (.text.ti_sysbios_knl_Queue_put)
                  20017e20    0000001c     ti_sysbios_config.o (.text.ti_sysbios_knl_Semaphore_construct)
                  20017e3c    0000001a     driverlib.a : adc.obj (.text.ADCFIFOLvlGet)
                  20017e56    0000001a                 : gpio.obj (.text.GPIOIntDisable)
                  20017e70    0000001a                 : prcm.obj (.text.PRCMHIBRegRead)
                  20017e8a    0000001a                 : prcm.obj (.text.PRCMHIBRegWrite)
                  20017ea4    0000001a                 : prcm.obj (.text.PRCMLPDSWakeupSourceDisable)
                  20017ebe    0000001a                 : pin.obj (.text.PinToPadGet)
                  20017ed8    0000001a                 : spi.obj (.text.SPIDmaDisable)
                  20017ef2    0000001a                 : spi.obj (.text.SPIFIFODisable)
                  20017f0c    0000001a                 : timer.obj (.text.TimerEnable)
                  20017f26    0000001a                 : uart.obj (.text.UARTFlowControlSet)
                  20017f40    0000001a     simplelink.a : device.obj (.text._SlDeviceGetStartResponseConvert)
                  20017f5a    0000001a     ti_sysbios_config.o (.text.ti_sysbios_knl_Task_sleepTimeout)
                  20017f74    00000018     ti_sysbios_config.o (.text.BIOS_exitFunc)
                  20017f8c    00000018     ti_sysbios_config.o (.text.BIOS_rtsUnlock)
                  20017fa4    00000018     display_cc32xx.a : DisplayUart2.c.obj (.text.DisplayUart2Min_close)
                  20017fbc    00000018     driverlib.a : gpio.obj (.text.GPIOIntEnable)
                  20017fd4    00000018                 : pin.obj (.text.PinTypeADC)
                  20017fec    00000018                 : spi.obj (.text.SPIDmaEnable)
                  20018004    00000018                 : spi.obj (.text.SPIFIFOEnable)
                  2001801c    00000018     simplelink.a : driver.obj (.text._SlDrvMemZero)
                  20018034    00000018     libc.a : vsnprintf.c.obj (.text._outc)
                  2001804c    00000018            : sprintf.c.obj (.text._outs)
                  20018064    00000018     ti_sysbios_config.o (.text.pthread_attr_init)
                  2001807c    00000018     ti_sysbios_config.o (.text.ti_sysbios_family_arm_m3_Timer_stop)
                  20018094    00000018     sysbios.a : TaskSupport_asm_gcc.s.obj (.text.ti_sysbios_knl_TaskSupport_glue)
                  200180ac    00000018     ti_sysbios_config.o (.text.ti_sysbios_knl_Task_unblock)
                  200180c4    00000016     driverlib.a : adc.obj (.text.ADCFIFORead)
                  200180da    00000016     ti_drivers_config.o (.text.Board_init)
                  200180f0    00000016     display_cc32xx.a : Display.c.obj (.text.Display_doPrintf)
                  20018106    00000016     ti_sysbios_config.o (.text.HwiP_interruptsEnabled)
                  2001811c    00000016     driverlib.a : spi.obj (.text.SPICSDisable)
                  20018132    00000016                 : spi.obj (.text.SPICSEnable)
                  20018148    00000016                 : spi.obj (.text.SPIDisable)
                  2001815e    00000016                 : spi.obj (.text.SPIEnable)
                  20018174    00000016     slnetifwifi.a : slnetifwifi.obj (.text.SlNetIfWifi_close)
                  2001818a    00000016     driverlib.a : uart.obj (.text.UARTCharsAvail)
                  200181a0    00000016                 : uart.obj (.text.UARTDMADisable)
                  200181b6    00000016                 : uart.obj (.text.UARTFIFOLevelSet)
                  200181cc    00000016                 : uart.obj (.text.UARTIntDisable)
                  200181e2    00000016     ti_sysbios_config.o (.text.clockFxn)
                  200181f8    00000014     driverlib.a : cpu.obj (.text.CPUcpsid)
                  2001820c    00000014                 : cpu.obj (.text.CPUcpsie)
                  20018220    00000014     drivers_cc32xx.a : PowerCC32XX.c.obj (.text.Power_getTransitionLatency)
                  20018234    00000014                      : PowerCC32XX.c.obj (.text.Power_idleFunc)
                  20018248    00000014     driverlib.a : uart.obj (.text.UARTDMAEnable)
                  2001825c    00000014                 : uart.obj (.text.UARTIntEnable)
                  20018270    00000014     simplelink.a : driver.obj (.text._SlDrvDispatchHttpServerEvents)
                  20018284    00000014                  : driver.obj (.text._SlDrvDispatchNetAppRequestEvents)
                  20018298    00000014                  : driver.obj (.text._SlDrvIsSpawnOwnGlobalLock)
                  200182ac    00000014     libclang_rt.builtins.a : aeabi_uldivmod.S.obj (.text.__aeabi_uldivmod)
                  200182c0    00000014     libc.a : args_main.c.obj (.text._args_main)
                  200182d4    00000014     httpclient_release.a : httpclient.om4 (.text.countChar)
                  200182e8    00000014     ti_sysbios_config.o (.text.pthread_attr_setschedparam)
                  200182fc    00000014     ti_sysbios_config.o (.text.pthread_mutex_destroy)
                  20018310    00000014     ti_sysbios_config.o (.text.pthread_mutexattr_init)
                  20018324    00000014     slnetifwifi.a : slnetifwifi.obj (.text.slNetIfWifi_connDisable)
                  20018338    00000014     httpclient_release.a : httpclient.om4 (.text.strcmp)
                  2001834c    00000014     ti_sysbios_config.o (.text.ti_sysbios_family_arm_m3_Hwi_switchFromBootStack)
                  20018360    00000014     ti_sysbios_config.o (.text.ti_sysbios_knl_ClockSupport_setPeriodMicroSecs)
                  20018374    00000014     driverlib.a : udma.obj (.text.uDMAControlBaseSet)
                  20018388    00000014                 : udma.obj (.text.uDMAIntClear)
                  2001839c    00000012                 : adc.obj (.text.ADCDisable)
                  200183ae    00000012                 : adc.obj (.text.ADCEnable)
                  200183c0    00000012                 : gpio.obj (.text.GPIOIntClear)
                  200183d2    00000012     drivers_cc32xx.a : PWMTimerCC32XX.c.obj (.text.OUTLINED_FUNCTION_0)
                  200183e4    00000012     simplelink.a : driver.obj (.text._SlDrvResetCmdExt)
                  200183f6    00000012     ti_sysbios_config.o (.text._pthread_runStub)
                  20018408    00000012     drivers_cc32xx.a : PWMTimerCC32XX.c.obj (.text.postNotifyFxn)
                  2001841a    00000012                      : UDMACC32XX.c.obj (.text.postNotifyFxn)
                  2001842c    00000012     httpclient_release.a : httpclient.om4 (.text.skipWhiteSpace)
                  2001843e    00000012     slnetifwifi.a : slnetifwifi.obj (.text.slNetIfWifi_connEnable)
                  20018450    00000012     simplelink.a : cc_pal.obj (.text.spi_Close)
                  20018462    00000012     httpclient_release.a : httpclient.om4 (.text.strchr)
                  20018474    00000012     libc.a : _printfi.c.obj (.text.strchr)
                  20018486    00000012            : memcpy_t2.S.obj (.text:TI_memcpy_small)
                  20018498    00000010     ti_sysbios_config.o (.text.ClockP_getCpuFreq)
                  200184a8    00000010     ti_sysbios_config.o (.text.HwiP_Params_init)
                  200184b8    00000010     drivers_cc32xx.a : PWM.c.obj (.text.PWM_Params_init)
                  200184c8    00000010                      : RingBuf.c.obj (.text.RingBuf_construct)
                  200184d8    00000010                      : UART2CC32XX.c.obj (.text.UART2Support_txDone)
                  200184e8    00000010     driverlib.a : uart.obj (.text.UARTBusy)
                  200184f8    00000010                 : uart.obj (.text.UARTIntClear)
                  20018508    00000010                 : uart.obj (.text.UARTRxErrorGet)
                  20018518    00000010     ti_sysbios_config.o (.text.ti_sysbios_family_arm_m3_Hwi_excHandler)
                  20018528    00000010     ti_sysbios_config.o (.text.ti_sysbios_runtime_System_vsnprintf)
                  20018538    00000010     libc.a : wcslen.c.obj (.text.wcslen)
                  20018548    00000010            : copy_zero_init.c.obj (.text:decompress:ZI)
                  20018558    0000000e     simplelink.a : cc_pal.obj (.text.NwpUnMaskInterrupt)
                  20018566    0000000e     drivers_cc32xx.a : PWMTimerCC32XX.c.obj (.text.OUTLINED_FUNCTION_1)
                  20018574    0000000e                      : PWMTimerCC32XX.c.obj (.text.OUTLINED_FUNCTION_2)
                  20018582    0000000e                      : PWMTimerCC32XX.c.obj (.text.OUTLINED_FUNCTION_3)
                  20018590    0000000e     httpclient_release.a : httpclient.om4 (.text.OUTLINED_FUNCTION_3)
                  2001859e    0000000e                          : httpclient.om4 (.text.OUTLINED_FUNCTION_7)
                  200185ac    0000000e     slnetifwifi.a : slnetifwifi.obj (.text.SlNetIfWifi_DeleteContext)
                  200185ba    0000000e     drivers_cc32xx.a : UART2.c.obj (.text.UART2_write)
                  200185c8    0000000e                      : SPICC32XXDMA.c.obj (.text.postNotifyFxn)
                  200185d6    0000000e     ti_sysbios_config.o (.text.sem_wait)
                  200185e4    0000000e     simplelink.a : device.obj (.text.sl_Task)
                  200185f2    0000000e     httpclient_release.a : httpclient.om4 (.text.strlen)
                  20018600    0000000e     libc.a : _printfi.c.obj (.text.strlen)
                  2001860e    0000000e            : strlen.c.obj (.text.strlen)
                  2001861c    0000000e     slnetsock_release.a : slnetif.om4 (.text.strlen)
                  2001862a    0000000e     ti_sysbios_config.o (.text.strlen)
                  20018638    0000000e     ti_sysbios_config.o (.text.ti_sysbios_gates_GateMutex_leave)
                  20018646    0000000e     ti_sysbios_config.o (.text.ti_sysbios_knl_Clock_tickReconfig)
                  20018654    0000000e     driverlib.a : udma.obj (.text.uDMAEnable)
                  20018662    0000000e                 : udma.obj (.text.uDMAErrorStatusClear)
                  20018670    0000000e     libc.a : memset_t2.S.obj (.text:TI_memset_small)
                  2001867e    0000000e            : copy_decompress_none.c.obj (.text:decompress:none)
                  2001868c    0000000c     ti_sysbios_config.o (.text.BIOS_linkedWithIncorrectBootLibrary)
                  20018698    0000000c     ti_sysbios_config.o (.text.BIOS_start)
                  200186a4    0000000c     driverlib.a : cpu.obj (.text.CPUwfi)
                  200186b0    0000000c     ti_sysbios_config.o (.text.ClockP_getSystemTicks)
                  200186bc    0000000c     ti_sysbios_config.o (.text.HwiP_delete)
                  200186c8    0000000c     ti_sysbios_config.o (.text.HwiP_disable)
                  200186d4    0000000c     drivers_cc32xx.a : UART2CC32XX.c.obj (.text.OUTLINED_FUNCTION_0)
                  200186e0    0000000c     libc.a : _printfi.c.obj (.text.OUTLINED_FUNCTION_0)
                  200186ec    0000000c     httpclient_release.a : httpclient.om4 (.text.OUTLINED_FUNCTION_1)
                  200186f8    0000000c                          : httpclient.om4 (.text.OUTLINED_FUNCTION_4)
                  20018704    0000000c     driverlib.a : prcm.obj (.text.PRCMLPDSWakeupCauseGet)
                  20018710    0000000c     ti_sysbios_config.o (.text.PowerCC32XX_initPolicy)
                  2001871c    0000000c     drivers_cc32xx.a : PowerCC32XX.c.obj (.text.Power_getConstraintMask)
                  20018728    0000000c                      : SPI.c.obj (.text.SPI_Params_init)
                  20018734    0000000c     ti_sysbios_config.o (.text.SemaphoreP_delete)
                  20018740    0000000c     drivers_cc32xx.a : UART2CC32XX.c.obj (.text.UART2CC32XX_postNotifyFxn)
                  2001874c    0000000c                      : UART2CC32XX.c.obj (.text.UART2Support_disableTx)
                  20018758    0000000c                      : UART2CC32XX.c.obj (.text.UART2Support_enableTx)
                  20018764    0000000c                      : UART2.c.obj (.text.UART2_Params_init)
                  20018770    0000000c     libc.a : _lock.c.obj (.text._register_lock)
                  2001877c    0000000c            : _lock.c.obj (.text._register_unlock)
                  20018788    0000000c     ti_sysbios_config.o (.text.pthread_attr_setdetachstate)
                  20018794    0000000c     ti_sysbios_config.o (.text.pthread_mutexattr_settype)
                  200187a0    0000000c     ti_sysbios_config.o (.text.pthread_self)
                  200187ac    0000000c     ti_sysbios_config.o (.text.ti_sysbios_heaps_HeapMem_init)
                  200187b8    0000000c     ti_sysbios_config.o (.text.ti_sysbios_knl_ClockSupport_start)
                  200187c4    0000000c     ti_sysbios_config.o (.text.ti_sysbios_knl_ClockSupport_stop)
                  200187d0    0000000c     driverlib.a : udma.obj (.text.uDMAControlBaseGet)
                  200187dc    0000000c                 : udma.obj (.text.uDMAErrorStatusGet)
                  200187e8    0000000a     httpclient_release.a : httpclient.om4 (.text.OUTLINED_FUNCTION_0)
                  200187f2    0000000a     main_tirtos.o (.text.OUTLINED_FUNCTION_0)
                  200187fc    0000000a     httpclient_release.a : httpclient.om4 (.text.OUTLINED_FUNCTION_10)
                  20018806    0000000a     drivers_cc32xx.a : SPICC32XXDMA.c.obj (.text.OUTLINED_FUNCTION_1)
                  20018810    0000000a                      : UART2CC32XX.c.obj (.text.OUTLINED_FUNCTION_1)
                  2001881a    0000000a     libc.a : _printfi.c.obj (.text.OUTLINED_FUNCTION_1)
                  20018824    0000000a     platform.o (.text.OUTLINED_FUNCTION_1)
                  2001882e    0000000a     drivers_cc32xx.a : SPICC32XXDMA.c.obj (.text.OUTLINED_FUNCTION_2)
                  20018838    0000000a                      : UART2CC32XX.c.obj (.text.OUTLINED_FUNCTION_2)
                  20018842    0000000a     platform.o (.text.OUTLINED_FUNCTION_2)
                  2001884c    0000000a     httpclient_release.a : httpclient.om4 (.text.OUTLINED_FUNCTION_9)
                  20018856    0000000a     ti_sysbios_config.o (.text.SemaphoreP_pend)
                  20018860    0000000a     simplelink.a : device.obj (.text._SlDeviceResetRequestInitCompletedCB)
                  2001886a    00000002     --HOLE-- [fill = 0]
                  2001886c    0000000a     libclang_rt.builtins.a : aeabi_memset.S.obj (.text.__aeabi_memset)
                  20018876    0000000a     libc.a : sprintf.c.obj (.text._outc)
                  20018880    0000000a     ti_drivers_config.o (.text.dmaErrorFxn)
                  2001888a    0000000a     ti_sysbios_config.o (.text.sem_destroy)
                  20018894    0000000a     ti_sysbios_config.o (.text.sem_post)
                  2001889e    00000008     drivers_cc32xx.a : ADCCC32XX.c.obj (.text.ADCCC32XX_init)
                  200188a6    00000008     slnetifwifi.a : slwificonn.obj (.text.DummyPrintf)
                  200188ae    00000008     drivers_cc32xx.a : SPICC32XXDMA.c.obj (.text.OUTLINED_FUNCTION_0)
                  200188b6    00000008     http_comm.o (.text.OUTLINED_FUNCTION_0)
                  200188be    00000008     platform.o (.text.OUTLINED_FUNCTION_0)
                  200188c6    00000008     httpclient_release.a : httpclient.om4 (.text.OUTLINED_FUNCTION_2)
                  200188ce    00000008                          : httpclient.om4 (.text.OUTLINED_FUNCTION_5)
                  200188d6    00000008                          : httpclient.om4 (.text.OUTLINED_FUNCTION_6)
                  200188de    00000008     driverlib.a : prcm.obj (.text.PRCMSleepEnter)
                  200188e6    00000008     slnetsock_release.a : slnetsock.om4 (.text.SlNetSock_secAttribCreate)
                  200188ee    00000008     simplelink.a : cc_pal.obj (.text.TimerGetCurrentTimestamp)
                  200188f6    00000008     driverlib.a : utils.obj (.text.UtilsDelay)
                  200188fe    00000002     --HOLE-- [fill = 0]
                  20018900    00000008     libc.a : aeabi_portable.c.obj (.text.__aeabi_errno_addr)
                  20018908    00000008     libclang_rt.builtins.a : aeabi_memset.S.obj (.text.__aeabi_memclr)
                  20018910    00000008     drivers_cc32xx.a : SPICC32XXDMA.c.obj (.text.blockingTransferCallback)
                  20018918    00000008     ti_sysbios_config.o (.text.pthread_mutex_lock)
                  20018920    00000008     ti_sysbios_config.o (.text.sem_getvalue)
                  20018928    00000008     ti_sysbios_config.o (.text.ti_sysbios_runtime_System_exit)
                  20018930    00000006     drivers_cc32xx.a : ADCCC32XX.c.obj (.text.ADCCC32XX_control)
                  20018936    00000006     ti_sysbios_config.o (.text.ClockP_getSystemTickPeriod)
                  2001893c    00000006     display_cc32xx.a : DisplayUart2.c.obj (.text.DisplayUart2Min_control)
                  20018942    00000006                      : DisplayUart2.c.obj (.text.DisplayUart2Min_getType)
                  20018948    00000006     ti_sysbios_config.o (.text.HwiP_restore)
                  2001894e    00000006     drivers_cc32xx.a : SPICC32XXDMA.c.obj (.text.OUTLINED_FUNCTION_3)
                  20018954    00000006     httpclient_release.a : httpclient.om4 (.text.OUTLINED_FUNCTION_8)
                  2001895a    00000006     drivers_cc32xx.a : PWMTimerCC32XX.c.obj (.text.PWMTimerCC32XX_control)
                  20018960    00000006                      : SPICC32XXDMA.c.obj (.text.SPICC32XXDMA_control)
                  20018966    00000006                      : SPI.c.obj (.text.SPI_close)
                  2001896c    00000006                      : SPI.c.obj (.text.SPI_transfer)
                  20018972    00000006                      : UART2CC32XX.c.obj (.text.UART2Support_powerRelConstraint)
                  20018978    00000006     ti_sysbios_config.o (.text.pthread_attr_setstacksize)
                  2001897e    00000006     ti_sysbios_config.o (.text.ti_sysbios_family_arm_m3_Hwi_destruct)
                  20018984    00000006     ti_sysbios_config.o (.text.ti_sysbios_family_arm_m3_Hwi_doSwiRestore)
                  2001898a    00000006     ti_sysbios_config.o (.text.ti_sysbios_family_arm_m3_Hwi_doTaskRestore)
                  20018990    00000006     ti_sysbios_config.o (.text.ti_sysbios_knl_Idle_loop)
                  20018996    00000006     ti_sysbios_config.o (.text.ti_sysbios_knl_Swi_startup)
                  2001899c    00000004     ti_sysbios_config.o (.text.HwiP_destruct)
                  200189a0    00000004     ti_sysbios_config.o (.text.HwiP_disableInterrupt)
                  200189a4    00000004     ti_sysbios_config.o (.text.HwiP_enableInterrupt)
                  200189a8    00000004     drivers_cc32xx.a : RingBuf.c.obj (.text.RingBuf_getCount)
                  200189ac    00000004                      : SPICC32XXDMA.c.obj (.text.SPICC32XXDMA_init)
                  200189b0    00000004     ti_sysbios_config.o (.text.SemaphoreP_destruct)
                  200189b4    00000004     ti_sysbios_config.o (.text.SemaphoreP_post)
                  200189b8    00000004     slnetsock_release.a : slnetutils.om4 (.text.SlNetUtil_htonl)
                  200189bc    00000004                         : slnetutils.om4 (.text.SlNetUtil_htons)
                  200189c0    00000004                         : slnetutils.om4 (.text.SlNetUtil_init)
                  200189c4    00000004     ti_sysbios_config.o (.text.SystemP_vsnprintf)
                  200189c8    00000004     libclang_rt.builtins.a : aeabi_memcpy.S.obj (.text.__aeabi_memcpy)
                  200189cc    00000004     ti_sysbios_config.o (.text._system_post_cinit)
                  200189d0    00000004     ti_sysbios_config.o (.text.malloc)
                  200189d4    00000004     ti_sysbios_config.o (.text.ti_sysbios_heaps_HeapMem_isBlocking)

.bss       0    20020c00    000019e4     UNINITIALIZED
                  20020c00    00000400     ti_drivers_config.o (.bss.displayUART2Buffer)
                  20021000    00000400     ti_drivers_config.o (.bss.dmaControlTable)
                  20021400    000003fc     (.common:g_CB)
                  200217fc    0000030c     (.common:ti_sysbios_family_arm_m3_Hwi_dispatchTable)
                  20021b08    00000200     (.common:ti_sysbios_knl_Idle_taskStack)
                  20021d08    00000178     (.common:uart2CC32XXObjects0)
                  20021e80    0000012c     (.common:PowerCC32XX_contextSave)
                  20021fac    00000088     (.common:spiCC32XXDMAObjects)
                  20022034    00000084     (.common:gpioCallbackFunctions)
                  200220b8    00000084     (.common:gpioUserArgs)
                  2002213c    00000080     slnetsock_release.a : slnetsock.om4 (.bss.VirtualSockets)
                  200221bc    00000080     (.common:ti_sysbios_knl_Swi_readyQs)
                  2002223c    00000080     (.common:ti_sysbios_knl_Task_readyQs)
                  200222bc    00000058     (.common:ti_sysbios_knl_Idle_taskStruct)
                  20022314    00000034     (.common:ti_sysbios_knl_ClockSupport_timerStruct)
                  20022348    0000002c     (.common:BIOS_heapMemObject)
                  20022374    0000002c     (.common:GlobalLockObj)
                  200223a0    00000028     (.common:BIOS_rtsGate)
                  200223c8    00000028     (.common:g_SlInternalSpawnCB)
                  200223f0    00000028     (.common:ti_sysbios_heaps_HeapMem_gate)
                  20022418    00000024     ti_sysbios_config.o (.bss.clockStruct)
                  2002243c    00000024     (.common:pwmTimerCC32XXObjects)
                  20022460    00000020     ti_drivers_config.o (.bss.uart2RxRingBuffer0)
[...]
20018149  SPIDisable                                                      
2001815f  SPIEnable                                                       
20018175  SlNetIfWifi_close                                               
2001818b  UARTCharsAvail                                                  
200181a1  UARTDMADisable                                                  
200181b7  UARTFIFOLevelSet                                                
200181cd  UARTIntDisable                                                  
200181f9  CPUcpsid                                                        
2001820d  CPUcpsie                                                        
20018221  Power_getTransitionLatency                                      
20018235  Power_idleFunc                                                  
20018249  UARTDMAEnable                                                   
2001825d  UARTIntEnable                                                   
20018271  _SlDrvDispatchHttpServerEvents                                  
20018285  _SlDrvDispatchNetAppRequestEvents                               
20018299  _SlDrvIsSpawnOwnGlobalLock                                      
200182ad  __aeabi_uldivmod                                                
200182c1  _args_main                                                      
200182e9  pthread_attr_setschedparam                                      
200182fd  pthread_mutex_destroy                                           
20018311  pthread_mutexattr_init                                          
20018325  slNetIfWifi_connDisable                                         
2001834d  ti_sysbios_family_arm_m3_Hwi_switchFromBootStack                
20018361  ti_sysbios_knl_ClockSupport_setPeriodMicroSecs                  
20018375  uDMAControlBaseSet                                              
20018389  uDMAIntClear                                                    
2001839d  ADCDisable                                                      
200183af  ADCEnable                                                       
200183c1  GPIOIntClear                                                    
200183e5  _SlDrvResetCmdExt                                               
2001843f  slNetIfWifi_connEnable                                          
20018451  spi_Close                                                       
20018487  TI_memcpy_small                                                 
20018499  ClockP_getCpuFreq                                               
200184a9  HwiP_Params_init                                                
200184b9  PWM_Params_init                                                 
200184c9  RingBuf_construct                                               
200184d9  UART2Support_txDone                                             
200184e9  UARTBusy                                                        
200184f9  UARTIntClear                                                    
20018509  UARTRxErrorGet                                                  
20018519  ti_sysbios_family_arm_m3_Hwi_excHandler                         
20018529  ti_sysbios_runtime_System_vsnprintf                             
20018539  wcslen                                                          
20018549  __TI_zero_init                                                  
20018559  NwpUnMaskInterrupt                                              
200185ad  SlNetIfWifi_DeleteContext                                       
200185bb  UART2_write                                                     
200185d7  sem_wait                                                        
200185e5  sl_Task                                                         
2001860f  strlen                                                          
20018639  ti_sysbios_gates_GateMutex_leave                                
20018647  ti_sysbios_knl_Clock_tickReconfig                               
20018655  uDMAEnable                                                      
20018663  uDMAErrorStatusClear                                            
20018671  TI_memset_small                                                 
2001867f  __TI_decompress_none                                            
2001868d  BIOS_linkedWithIncorrectBootLibrary                             
20018699  BIOS_start                                                      
200186a5  CPUwfi                                                          
200186b1  ClockP_getSystemTicks                                           
200186bd  HwiP_delete                                                     
200186c9  HwiP_disable                                                    
20018705  PRCMLPDSWakeupCauseGet                                          
20018711  PowerCC32XX_initPolicy                                          
2001871d  Power_getConstraintMask                                         
20018729  SPI_Params_init                                                 
20018735  SemaphoreP_delete                                               
2001874d  UART2Support_disableTx                                          
20018759  UART2Support_enableTx                                           
20018765  UART2_Params_init                                               
20018771  _register_lock                                                  
2001877d  _register_unlock                                                
20018789  pthread_attr_setdetachstate                                     
20018795  pthread_mutexattr_settype                                       
200187a1  pthread_self                                                    
200187ad  ti_sysbios_heaps_HeapMem_init                                   
200187b9  ti_sysbios_knl_ClockSupport_start                               
200187c5  ti_sysbios_knl_ClockSupport_stop                                
200187d1  uDMAControlBaseGet                                              
200187dd  uDMAErrorStatusGet                                              
20018857  SemaphoreP_pend                                                 
20018861  _SlDeviceResetRequestInitCompletedCB                            
2001886d  __aeabi_memset                                                  
2001886d  __aeabi_memset4                                                 
2001886d  __aeabi_memset8                                                 
2001888b  sem_destroy                                                     
20018895  sem_post                                                        
2001889f  ADCCC32XX_init                                                  
200188df  PRCMSleepEnter                                                  
200188e7  SlNetSock_secAttribCreate                                       
200188ef  TimerGetCurrentTimestamp                                        
200188f7  UtilsDelay                                                      
20018901  __aeabi_errno_addr                                              
20018909  __aeabi_memclr                                                  
20018909  __aeabi_memclr4                                                 
20018909  __aeabi_memclr8                                                 
20018919  pthread_mutex_lock                                              
20018921  sem_getvalue                                                    
20018929  ti_sysbios_runtime_System_exit                                  
20018931  ADCCC32XX_control                                               
20018937  ClockP_getSystemTickPeriod                                      
2001893d  DisplayUart2Min_control                                         
20018943  DisplayUart2Min_getType                                         
20018949  HwiP_restore                                                    
2001895b  PWMTimerCC32XX_control                                          
20018961  SPICC32XXDMA_control                                            
20018967  SPI_close                                                       
2001896d  SPI_transfer                                                    
20018973  UART2Support_powerRelConstraint                                 
20018979  pthread_attr_setstacksize                                       
2001897f  ti_sysbios_family_arm_m3_Hwi_destruct                           
20018985  ti_sysbios_family_arm_m3_Hwi_doSwiRestore                       
2001898b  ti_sysbios_family_arm_m3_Hwi_doTaskRestore                      
20018991  ti_sysbios_knl_Idle_loop                                        
20018997  ti_sysbios_knl_Swi_startup                                      
2001899d  HwiP_destruct                                                   
200189a1  HwiP_disableInterrupt                                           
200189a5  HwiP_enableInterrupt                                            
200189a9  RingBuf_getCount                                                
200189ad  SPICC32XXDMA_init                                               
200189b1  SemaphoreP_destruct                                             
200189b5  SemaphoreP_post                                                 
200189b9  SlNetUtil_htonl                                                 
200189bd  SlNetUtil_htons                                                 
200189c1  SlNetUtil_init                                                  
200189c5  SystemP_vsnprintf                                               
200189c9  __aeabi_memcpy                                                  
200189c9  __aeabi_memcpy4                                                 
200189c9  __aeabi_memcpy8                                                 
200189cd  _system_post_cinit                                              
200189d1  malloc                                                          
200189d5  ti_sysbios_heaps_HeapMem_isBlocking                             
200189d8  __primary_heap_start__                                          
200209d8  __TI_static_base__                                              
200209d8  __primary_heap_end__                                            
20020ba8  __TI_Handler_Table_Base                                         
20020bb4  __TI_Handler_Table_Limit                                        
20020bbc  __TI_CINIT_Base                                                 
20020bcc  __TI_CINIT_Limit                                                
20020bcc  __TI_CINIT_Warm                                                 
20021400  g_CB                                                            
200217fc  ti_sysbios_family_arm_m3_Hwi_dispatchTable                      
20021b08  ti_sysbios_knl_Idle_taskStack                                   
20021d08  uart2CC32XXObjects0                                             
20021e80  PowerCC32XX_contextSave                                         
20021fac  spiCC32XXDMAObjects                                             
20022034  gpioCallbackFunctions                                           
200220b8  gpioUserArgs                                                    
200221bc  ti_sysbios_knl_Swi_readyQs                                      
2002223c  ti_sysbios_knl_Task_readyQs                                     
200222bc  ti_sysbios_knl_Idle_taskStruct                                  
20022314  ti_sysbios_knl_ClockSupport_timerStruct                         
20022348  BIOS_heapMemObject                                              
20022374  GlobalLockObj                                                   
200223a0  BIOS_rtsGate                                                    
200223c8  g_SlInternalSpawnCB                                             
200223f0  ti_sysbios_heaps_HeapMem_gate                                   
2002243c  pwmTimerCC32XXObjects                                           
200224a0  spiParams                                                       
200224c0  ti_sysbios_runtime_System_atexitHandlers                        
20022534  sem                                                             
20022550  params                                                          
2002257c  ti_sysbios_hal_Seconds_Module_state                             
20022590  DeviceCB                                                        
2002259c  Msg                                                             
200225a8  displayUart2Object                                              
200225b4  spiCC32XXSDMAscratchBuf                                         
200225bc  udmaCC3220SObject                                               
200225c8  display                                                         
200225cc  mode                                                            
200225d0  spi                                                             
200225d4  ti_sysbios_family_arm_m3_Timer_startupNeeded                    
200225d8  ti_sysbios_family_arm_m3_TimestampProvider_Module_state         
200225dc  ti_sysbios_knl_Task_defaultStackHeap                            
200225e0  gIfID                                                           
200225e2  RxIrqCnt                                                        
200225e3  adcCC32XXObjects                                                
20022c80  __aeabi_ctype_table_                                            
20022c80  __aeabi_ctype_table_C                                           
20022d81  ADC_count                                                       
20022d82  Display_count                                                   
20022d83  Display_defaultParams                                           
200232e4  spiCC32XXDMAHWAttrs                                             
2002335c  OpcodeTranslateTable                                            
2002341c  _SlActionLookupTable                                            
200234b1  GPIO_pinUpperBound                                              
200234b2  PWM_count                                                       
200234b3  SPI_count                                                       
200234b4  PowerCC32XX_config                                              
200236af  UART2_count                                                     
200237bc  PWMTimerCC32XX_fxnTable                                         
200237e0  UART2_defaultParams                                             
20023918  DisplayUart2Min_fxnTable                                        
20023958  SPI_defaultParams                                               
20023b48  ADCCC32XX_fxnTable                                              
20023bec  PWM_defaultParams                                               
20023c04  SPICC32XXDMA_fxnTable                                           
20023c1c  SPI_config                                                      
20023ce8  displayUart2HWAttrs                                             
20023d8c  GPIO_config                                                     
20023ddc  ADC_config                                                      
20023de8  Display_config                                                  
20023df4  PWM_config                                                      
20023e48  udmaCC3220SHWAttrs                                              
20023e6c  UART2_config                                                    
20023e74  UDMACC32XX_config                                               
20023eac  ti_sysbios_knl_Idle_funcList                                    
20023ed8  TimestampP_nativeFormat32                                       
20023edc  TimestampP_nativeFormat64                                       
20023efc  _SlNetAppSendResponseCmdCtrl                                    
20023f00  _SlNetAppSendTokenValueCmdCtrl                                  
20023f30  adcCC32XXHWAttrs                                                
20023f3c  pwmTimerCC32XXHWAttrs                                           
20023f40  ti_sysbios_family_arm_m3_Hwi_swiTaskKeyAddress                  
20023f48  PowerCC32XX_module                                              
200240b4  parkInfo                                                        
200241ac  gpioPinConfigs                                                  
20024230  BIOS_Module_state                                               
2002425c  ti_sysbios_family_arm_m3_Hwi_Module_state                       
20024298  SlNetIfConfigWifi                                               
20024300  ti_sysbios_knl_Clock_Module_state                               
20024368  ti_sysbios_runtime_Startup_done                                 
2002436b  ti_sysbios_knl_Idle_initDone                                    
2002436c  ti_sysbios_runtime_Memory_defaultHeapInstance                   
20024384  ti_sysbios_runtime_Error_ignore                                 
20024390  ti_sysbios_runtime_System_Module_state                          
2002439c  ti_sysbios_knl_Swi_Module_state                                 
200243c4  ti_sysbios_knl_Task_Module_state                                
20024400  g_LibsEvents                                                    
20024424  g_UserEvents                                                    
20024448  HTTP_METHOD_GET                                                 
2002444c  HTTP_METHOD_HEAD                                                
20024450  HTTP_METHOD_CONNECT                                             
20024490  ti_sysbios_family_arm_m3_Timer_Module_state                     
200244b4  ti_sysbios_gates_GateMutex_Module_state                         
200244bc  ti_sysbios_heaps_HeapMem_Module_state                           
200244c4  ti_sysbios_knl_Semaphore_Module_state                           
200244cc  HTTP_METHOD_POST                                                
200244d4  __aeabi_errno                                                   
200244d8  _lock                                                           
200244dc  _unlock                                                         
200244e8  g_fNetIfCB                                                      
200244ec  g_intHandle                                                     
200244f0  g_pCB                                                           
200244f4  httpsThread                                                     
200244f8  pPingCallBackFunc                                               
200244fc  spawn_thread                                                    
20024500  g_SlDeviceStatus                                                
20024502  g_ifId                                                          
20024505  gGlobalLockCntReleased                                          
20024506  gGlobalLockCntRequested                                         
20024800  ti_sysbios_family_arm_m3_Hwi_ramVectors                         
ffffffff  __TI_pprof_out_hndl                                             
ffffffff  __TI_prof_data_size                                             
ffffffff  __TI_prof_data_start                                            
ffffffff  __binit__                                                       
ffffffff  binit                                                           
UNDEFED   ITM_flush                                                       
UNDEFED   ITM_restore                                                     
UNDEFED   __c_args__                                                      
UNDEFED   __mpu_init                                                      

[807 symbols]
