<?xml version="1.0" encoding="ISO-8859-1" ?>
<link_info>
   <banner>TI ARM Clang Linker PC v3.2.2.LTS</banner>
   <copyright>Copyright (c) 1996-2018 Texas Instruments Incorporated</copyright>
   <link_time>0x69ab1f98</link_time>
   <link_errors>0x0</link_errors>
   <output_file>C:\Users\gwyli\workspace_v12\CC3220S_LAUNCHXL_REV4\MCU+Image\CC3220S_LAUNCHXL_REV4.out</output_file>
   <entry_point>
      <name>_c_int00</name>
      <address>0x20017891</address>
   </entry_point>
   <input_file_list>
      <input_file id="fl-1">
         <path>C:\Users\gwyli\workspace_v12\CC3220S_LAUNCHXL_REV4\MCU+Image\.\</path>
         <kind>object</kind>
         <file>add_func.o</file>
         <name>add_func.o</name>
      </input_file>
      <input_file id="fl-2">
         <path>C:\Users\gwyli\workspace_v12\CC3220S_LAUNCHXL_REV4\MCU+Image\.\syscfg\</path>
         <kind>object</kind>
         <file>ti_drivers_config.o</file>
         <name>ti_drivers_config.o</name>
      </input_file>
      <input_file id="fl-3">
         <path>C:\Users\gwyli\workspace_v12\CC3220S_LAUNCHXL_REV4\MCU+Image\.\syscfg\</path>
         <kind>object</kind>
         <file>ti_net_config.o</file>
         <name>ti_net_config.o</name>
      </input_file>
      <input_file id="fl-4">
         <path>C:\Users\gwyli\workspace_v12\CC3220S_LAUNCHXL_REV4\MCU+Image\.\syscfg\</path>
         <kind>object</kind>
         <file>ti_sysbios_config.o</file>
         <name>ti_sysbios_config.o</name>
      </input_file>
      <input_file id="fl-5">
         <path>C:\Users\gwyli\workspace_v12\CC3220S_LAUNCHXL_REV4\MCU+Image\.\syscfg\</path>
         <kind>object</kind>
         <file>ti_drivers_net_wifi_config.o</file>
         <name>ti_drivers_net_wifi_config.o</name>
      </input_file>
      <input_file id="fl-6">
         <path>C:\Users\gwyli\workspace_v12\CC3220S_LAUNCHXL_REV4\MCU+Image\.\</path>
         <kind>object</kind>
         <file>drive_gpio.o</file>
         <name>drive_gpio.o</name>
      </input_file>
      <input_file id="fl-7">
         <path>C:\Users\gwyli\workspace_v12\CC3220S_LAUNCHXL_REV4\MCU+Image\.\</path>
         <kind>object</kind>
         <file>http_comm.o</file>
         <name>http_comm.o</name>
      </input_file>
      <input_file id="fl-8">
         <path>C:\Users\gwyli\workspace_v12\CC3220S_LAUNCHXL_REV4\MCU+Image\.\</path>
         <kind>object</kind>
         <file>json_make.o</file>
         <name>json_make.o</name>
      </input_file>
      <input_file id="fl-9">
         <path>C:\Users\gwyli\workspace_v12\CC3220S_LAUNCHXL_REV4\MCU+Image\.\</path>
         <kind>object</kind>
         <file>main_tirtos.o</file>
         <name>main_tirtos.o</name>
      </input_file>
      <input_file id="fl-a">
         <path>C:\Users\gwyli\workspace_v12\CC3220S_LAUNCHXL_REV4\MCU+Image\.\</path>
         <kind>object</kind>
         <file>platform.o</file>
         <name>platform.o</name>
      </input_file>
      <input_file id="fl-24">
         <path>C:\Users\gwyli\workspace_v12\CC3220S_LAUNCHXL_REV4\MCU+Image\</path>
         <kind>object</kind>
         <file>&lt;internal&gt;</file>
         <name>&lt;internal&gt;</name>
      </input_file>
      <input_file id="fl-25">
         <path>C:\ti\simplelink_cc32xx_sdk_7_10_00_13\source\ti\display\lib\ticlang\m4\</path>
         <kind>archive</kind>
         <file>display_cc32xx.a</file>
         <name>Display.c.obj</name>
      </input_file>
      <input_file id="fl-26">
         <path>C:\ti\simplelink_cc32xx_sdk_7_10_00_13\source\ti\display\lib\ticlang\m4\</path>
         <kind>archive</kind>
         <file>display_cc32xx.a</file>
         <name>DisplayUart2.c.obj</name>
      </input_file>
      <input_file id="fl-27">
         <path>C:\ti\simplelink_cc32xx_sdk_7_10_00_13\source\ti\drivers\net\wifi\slnetif\ticlang\Release\</path>
         <kind>archive</kind>
         <file>slnetifwifi.a</file>
         <name>slnetifwifi.obj</name>
      </input_file>
      <input_file id="fl-28">
         <path>C:\ti\simplelink_cc32xx_sdk_7_10_00_13\source\ti\drivers\net\wifi\slnetif\ticlang\Release\</path>
         <kind>archive</kind>
         <file>slnetifwifi.a</file>
         <name>slwificonn.obj</name>
      </input_file>
      <input_file id="fl-29">
         <path>C:\ti\simplelink_cc32xx_sdk_7_10_00_13\source\ti\drivers\net\wifi\ticlang\rtos\</path>
         <kind>archive</kind>
         <file>simplelink.a</file>
         <name>device.obj</name>
      </input_file>
      <input_file id="fl-2a">
         <path>C:\ti\simplelink_cc32xx_sdk_7_10_00_13\source\ti\drivers\net\wifi\ticlang\rtos\</path>
         <kind>archive</kind>
         <file>simplelink.a</file>
         <name>driver.obj</name>
      </input_file>
      <input_file id="fl-2b">
         <path>C:\ti\simplelink_cc32xx_sdk_7_10_00_13\source\ti\drivers\net\wifi\ticlang\rtos\</path>
         <kind>archive</kind>
         <file>simplelink.a</file>
         <name>flowcont.obj</name>
      </input_file>
      <input_file id="fl-2c">
         <path>C:\ti\simplelink_cc32xx_sdk_7_10_00_13\source\ti\drivers\net\wifi\ticlang\rtos\</path>
         <kind>archive</kind>
         <file>simplelink.a</file>
         <name>fs.obj</name>
      </input_file>
      <input_file id="fl-2d">
         <path>C:\ti\simplelink_cc32xx_sdk_7_10_00_13\source\ti\drivers\net\wifi\ticlang\rtos\</path>
         <kind>archive</kind>
         <file>simplelink.a</file>
         <name>netapp.obj</name>
      </input_file>
      <input_file id="fl-2e">
         <path>C:\ti\simplelink_cc32xx_sdk_7_10_00_13\source\ti\drivers\net\wifi\ticlang\rtos\</path>
         <kind>archive</kind>
         <file>simplelink.a</file>
         <name>netcfg.obj</name>
      </input_file>
      <input_file id="fl-2f">
         <path>C:\ti\simplelink_cc32xx_sdk_7_10_00_13\source\ti\drivers\net\wifi\ticlang\rtos\</path>
         <kind>archive</kind>
         <file>simplelink.a</file>
         <name>netutil.obj</name>
      </input_file>
      <input_file id="fl-30">
         <path>C:\ti\simplelink_cc32xx_sdk_7_10_00_13\source\ti\drivers\net\wifi\ticlang\rtos\</path>
         <kind>archive</kind>
         <file>simplelink.a</file>
         <name>sl_socket.obj</name>
      </input_file>
      <input_file id="fl-31">
         <path>C:\ti\simplelink_cc32xx_sdk_7_10_00_13\source\ti\drivers\net\wifi\ticlang\rtos\</path>
         <kind>archive</kind>
         <file>simplelink.a</file>
         <name>spawn.obj</name>
      </input_file>
      <input_file id="fl-32">
         <path>C:\ti\simplelink_cc32xx_sdk_7_10_00_13\source\ti\drivers\net\wifi\ticlang\rtos\</path>
         <kind>archive</kind>
         <file>simplelink.a</file>
         <name>wlan.obj</name>
      </input_file>
      <input_file id="fl-33">
         <path>C:\ti\simplelink_cc32xx_sdk_7_10_00_13\source\ti\drivers\net\wifi\ticlang\rtos\</path>
         <kind>archive</kind>
         <file>simplelink.a</file>
         <name>cc_pal.obj</name>
      </input_file>
      <input_file id="fl-34">
         <path>C:\ti\simplelink_cc32xx_sdk_7_10_00_13\source\ti\drivers\net\wifi\ticlang\rtos\</path>
         <kind>archive</kind>
         <file>simplelink.a</file>
         <name>eventreg.obj</name>
      </input_file>
      <input_file id="fl-35">
         <path>C:\ti\simplelink_cc32xx_sdk_7_10_00_13\source\ti\drivers\lib\ticlang\m4\</path>
         <kind>archive</kind>
         <file>drivers_cc32xx.a</file>
         <name>ADC.c.obj</name>
      </input_file>
      <input_file id="fl-36">
         <path>C:\ti\simplelink_cc32xx_sdk_7_10_00_13\source\ti\drivers\lib\ticlang\m4\</path>
         <kind>archive</kind>
         <file>drivers_cc32xx.a</file>
         <name>ADCCC32XX.c.obj</name>
      </input_file>
      <input_file id="fl-37">
         <path>C:\ti\simplelink_cc32xx_sdk_7_10_00_13\source\ti\drivers\lib\ticlang\m4\</path>
         <kind>archive</kind>
         <file>drivers_cc32xx.a</file>
         <name>GPIOCC32XX.c.obj</name>
      </input_file>
      <input_file id="fl-38">
         <path>C:\ti\simplelink_cc32xx_sdk_7_10_00_13\source\ti\drivers\lib\ticlang\m4\</path>
         <kind>archive</kind>
         <file>drivers_cc32xx.a</file>
         <name>PowerCC32XX.c.obj</name>
      </input_file>
      <input_file id="fl-39">
         <path>C:\ti\simplelink_cc32xx_sdk_7_10_00_13\source\ti\drivers\lib\ticlang\m4\</path>
         <kind>archive</kind>
         <file>drivers_cc32xx.a</file>
         <name>PowerCC32XX_ticlang.asm.obj</name>
      </input_file>
      <input_file id="fl-3a">
         <path>C:\ti\simplelink_cc32xx_sdk_7_10_00_13\source\ti\drivers\lib\ticlang\m4\</path>
         <kind>archive</kind>
         <file>drivers_cc32xx.a</file>
         <name>PWM.c.obj</name>
      </input_file>
      <input_file id="fl-3b">
         <path>C:\ti\simplelink_cc32xx_sdk_7_10_00_13\source\ti\drivers\lib\ticlang\m4\</path>
         <kind>archive</kind>
         <file>drivers_cc32xx.a</file>
         <name>PWMTimerCC32XX.c.obj</name>
      </input_file>
      <input_file id="fl-3c">
         <path>C:\ti\simplelink_cc32xx_sdk_7_10_00_13\source\ti\drivers\lib\ticlang\m4\</path>
         <kind>archive</kind>
         <file>drivers_cc32xx.a</file>
         <name>SPI.c.obj</name>
      </input_file>
      <input_file id="fl-3d">
         <path>C:\ti\simplelink_cc32xx_sdk_7_10_00_13\source\ti\drivers\lib\ticlang\m4\</path>
         <kind>archive</kind>
         <file>drivers_cc32xx.a</file>
         <name>SPICC32XXDMA.c.obj</name>
      </input_file>
      <input_file id="fl-3e">
         <path>C:\ti\simplelink_cc32xx_sdk_7_10_00_13\source\ti\drivers\lib\ticlang\m4\</path>
         <kind>archive</kind>
         <file>drivers_cc32xx.a</file>
         <name>TimerCC32XX.c.obj</name>
      </input_file>
      <input_file id="fl-3f">
         <path>C:\ti\simplelink_cc32xx_sdk_7_10_00_13\source\ti\drivers\lib\ticlang\m4\</path>
         <kind>archive</kind>
         <file>drivers_cc32xx.a</file>
         <name>UART2.c.obj</name>
      </input_file>
      <input_file id="fl-40">
         <path>C:\ti\simplelink_cc32xx_sdk_7_10_00_13\source\ti\drivers\lib\ticlang\m4\</path>
         <kind>archive</kind>
         <file>drivers_cc32xx.a</file>
         <name>UART2CC32XX.c.obj</name>
      </input_file>
      <input_file id="fl-41">
         <path>C:\ti\simplelink_cc32xx_sdk_7_10_00_13\source\ti\drivers\lib\ticlang\m4\</path>
         <kind>archive</kind>
         <file>drivers_cc32xx.a</file>
         <name>WatchdogCC32XX.c.obj</name>
      </input_file>
      <input_file id="fl-42">
         <path>C:\ti\simplelink_cc32xx_sdk_7_10_00_13\source\ti\drivers\lib\ticlang\m4\</path>
         <kind>archive</kind>
         <file>drivers_cc32xx.a</file>
         <name>List.c.obj</name>
      </input_file>
      <input_file id="fl-43">
         <path>C:\ti\simplelink_cc32xx_sdk_7_10_00_13\source\ti\drivers\lib\ticlang\m4\</path>
         <kind>archive</kind>
         <file>drivers_cc32xx.a</file>
         <name>RingBuf.c.obj</name>
      </input_file>
      <input_file id="fl-44">
         <path>C:\ti\simplelink_cc32xx_sdk_7_10_00_13\source\ti\drivers\lib\ticlang\m4\</path>
         <kind>archive</kind>
         <file>drivers_cc32xx.a</file>
         <name>UDMACC32XX.c.obj</name>
      </input_file>
      <input_file id="fl-45">
         <path>C:\ti\simplelink_cc32xx_sdk_7_10_00_13\source\ti\drivers\lib\ticlang\m4\</path>
         <kind>archive</kind>
         <file>drivers_cc32xx.a</file>
         <name>Timer.c.obj</name>
      </input_file>
      <input_file id="fl-46">
         <path>C:\ti\simplelink_cc32xx_sdk_7_10_00_13\source\ti\net\http\lib\ticlang\m4\</path>
         <kind>archive</kind>
         <file>httpclient_release.a</file>
         <name>httpclient.om4</name>
      </input_file>
      <input_file id="fl-47">
         <path>C:\ti\simplelink_cc32xx_sdk_7_10_00_13\source\ti\net\lib\ticlang\m4\</path>
         <kind>archive</kind>
         <file>slnetsock_release.a</file>
         <name>slnetsock.om4</name>
      </input_file>
      <input_file id="fl-48">
         <path>C:\ti\simplelink_cc32xx_sdk_7_10_00_13\source\ti\net\lib\ticlang\m4\</path>
         <kind>archive</kind>
         <file>slnetsock_release.a</file>
         <name>slnetutils.om4</name>
      </input_file>
      <input_file id="fl-49">
         <path>C:\ti\simplelink_cc32xx_sdk_7_10_00_13\source\ti\net\lib\ticlang\m4\</path>
         <kind>archive</kind>
         <file>slnetsock_release.a</file>
         <name>slnetif.om4</name>
      </input_file>
      <input_file id="fl-4a">
         <path>C:\ti\simplelink_cc32xx_sdk_7_10_00_13\kernel\tirtos7\packages\ti\sysbios\lib\ticlang\m4\</path>
         <kind>archive</kind>
         <file>sysbios.a</file>
         <name>TaskSupport_asm_gcc.s.obj</name>
      </input_file>
      <input_file id="fl-4b">
         <path>C:\ti\simplelink_cc32xx_sdk_7_10_00_13\kernel\tirtos7\packages\ti\sysbios\lib\ticlang\m4\</path>
         <kind>archive</kind>
         <file>sysbios.a</file>
         <name>Hwi_asm_gcc.s.obj</name>
      </input_file>
      <input_file id="fl-4c">
         <path>C:\ti\simplelink_cc32xx_sdk_7_10_00_13\kernel\tirtos7\packages\ti\sysbios\lib\ticlang\m4\</path>
         <kind>archive</kind>
         <file>sysbios.a</file>
         <name>Hwi_asm_switch_gcc.s.obj</name>
      </input_file>
      <input_file id="fl-4d">
         <path>C:\ti\simplelink_cc32xx_sdk_7_10_00_13\kernel\tirtos7\packages\ti\sysbios\lib\ticlang\m4\</path>
         <kind>archive</kind>
         <file>sysbios.a</file>
         <name>boot_cortex_m.c.obj</name>
      </input_file>
      <input_file id="fl-4e">
         <path>C:\ti\simplelink_cc32xx_sdk_7_10_00_13\source\ti\utils\json\lib\ticlang\m4\</path>
         <kind>archive</kind>
         <file>json_release.a</file>
         <name>json.c.obj</name>
      </input_file>
      <input_file id="fl-4f">
         <path>C:\ti\simplelink_cc32xx_sdk_7_10_00_13\source\ti\utils\json\lib\ticlang\m4\</path>
         <kind>archive</kind>
         <file>json_release.a</file>
         <name>json_engine.c.obj</name>
      </input_file>
      <input_file id="fl-50">
         <path>C:\ti\simplelink_cc32xx_sdk_7_10_00_13\source\ti\utils\json\lib\ticlang\m4\</path>
         <kind>archive</kind>
         <file>json_release.a</file>
         <name>parse_common.c.obj</name>
      </input_file>
      <input_file id="fl-51">
         <path>C:\ti\simplelink_cc32xx_sdk_7_10_00_13\source\ti\utils\json\lib\ticlang\m4\</path>
         <kind>archive</kind>
         <file>json_release.a</file>
         <name>utils.c.obj</name>
      </input_file>
      <input_file id="fl-52">
         <path>C:\ti\simplelink_cc32xx_sdk_7_10_00_13\source\ti\devices\cc32xx\driverlib\ticlang\Release\</path>
         <kind>archive</kind>
         <file>driverlib.a</file>
         <name>adc.obj</name>
      </input_file>
      <input_file id="fl-53">
         <path>C:\ti\simplelink_cc32xx_sdk_7_10_00_13\source\ti\devices\cc32xx\driverlib\ticlang\Release\</path>
         <kind>archive</kind>
         <file>driverlib.a</file>
         <name>cpu.obj</name>
      </input_file>
      <input_file id="fl-54">
         <path>C:\ti\simplelink_cc32xx_sdk_7_10_00_13\source\ti\devices\cc32xx\driverlib\ticlang\Release\</path>
         <kind>archive</kind>
         <file>driverlib.a</file>
         <name>gpio.obj</name>
      </input_file>
      <input_file id="fl-55">
         <path>C:\ti\simplelink_cc32xx_sdk_7_10_00_13\source\ti\devices\cc32xx\driverlib\ticlang\Release\</path>
         <kind>archive</kind>
         <file>driverlib.a</file>
         <name>hwspinlock.obj</name>
      </input_file>
      <input_file id="fl-56">
         <path>C:\ti\simplelink_cc32xx_sdk_7_10_00_13\source\ti\devices\cc32xx\driverlib\ticlang\Release\</path>
         <kind>archive</kind>
         <file>driverlib.a</file>
         <name>interrupt.obj</name>
      </input_file>
      <input_file id="fl-57">
         <path>C:\ti\simplelink_cc32xx_sdk_7_10_00_13\source\ti\devices\cc32xx\driverlib\ticlang\Release\</path>
         <kind>archive</kind>
         <file>driverlib.a</file>
         <name>pin.obj</name>
      </input_file>
      <input_file id="fl-58">
         <path>C:\ti\simplelink_cc32xx_sdk_7_10_00_13\source\ti\devices\cc32xx\driverlib\ticlang\Release\</path>
         <kind>archive</kind>
         <file>driverlib.a</file>
         <name>prcm.obj</name>
      </input_file>
      <input_file id="fl-59">
         <path>C:\ti\simplelink_cc32xx_sdk_7_10_00_13\source\ti\devices\cc32xx\driverlib\ticlang\Release\</path>
         <kind>archive</kind>
         <file>driverlib.a</file>
         <name>spi.obj</name>
      </input_file>
      <input_file id="fl-5a">
         <path>C:\ti\simplelink_cc32xx_sdk_7_10_00_13\source\ti\devices\cc32xx\driverlib\ticlang\Release\</path>
         <kind>archive</kind>
         <file>driverlib.a</file>
         <name>timer.obj</name>
      </input_file>
      <input_file id="fl-5b">
         <path>C:\ti\simplelink_cc32xx_sdk_7_10_00_13\source\ti\devices\cc32xx\driverlib\ticlang\Release\</path>
         <kind>archive</kind>
         <file>driverlib.a</file>
         <name>uart.obj</name>
      </input_file>
      <input_file id="fl-5c">
         <path>C:\ti\simplelink_cc32xx_sdk_7_10_00_13\source\ti\devices\cc32xx\driverlib\ticlang\Release\</path>
         <kind>archive</kind>
         <file>driverlib.a</file>
         <name>udma.obj</name>
      </input_file>
      <input_file id="fl-5d">
         <path>C:\ti\simplelink_cc32xx_sdk_7_10_00_13\source\ti\devices\cc32xx\driverlib\ticlang\Release\</path>
         <kind>archive</kind>
         <file>driverlib.a</file>
         <name>utils.obj</name>
      </input_file>
      <input_file id="fl-5e">
         <path>C:\ti\simplelink_cc32xx_sdk_7_10_00_13\source\ti\devices\cc32xx\driverlib\ticlang\Release\</path>
         <kind>archive</kind>
         <file>driverlib.a</file>
         <name>wdt.obj</name>
      </input_file>
      <input_file id="fl-5f">
         <path>C:\ti\simplelink_cc32xx_sdk_7_10_00_13\source\ti\devices\cc32xx\driverlib\ticlang\Release\</path>
         <kind>archive</kind>
         <file>driverlib.a</file>
         <name>flash.obj</name>
      </input_file>
      <input_file id="fl-6e">
         <path>C:\ti\ccs1281\ccs\tools\compiler\ti-cgt-armllvm_3.2.2.LTS\lib\armv7em-ti-none-eabi\c\</path>
         <kind>archive</kind>
         <file>libc.a</file>
         <name>snprintf.c.obj</name>
      </input_file>
      <input_file id="fl-6f">
         <path>C:\ti\ccs1281\ccs\tools\compiler\ti-cgt-armllvm_3.2.2.LTS\lib\armv7em-ti-none-eabi\c\</path>
         <kind>archive</kind>
         <file>libc.a</file>
         <name>sprintf.c.obj</name>
      </input_file>
      <input_file id="fl-70">
         <path>C:\ti\ccs1281\ccs\tools\compiler\ti-cgt-armllvm_3.2.2.LTS\lib\armv7em-ti-none-eabi\c\</path>
         <kind>archive</kind>
         <file>libc.a</file>
         <name>vsnprintf.c.obj</name>
      </input_file>
      <input_file id="fl-71">
         <path>C:\ti\ccs1281\ccs\tools\compiler\ti-cgt-armllvm_3.2.2.LTS\lib\armv7em-ti-none-eabi\c\</path>
         <kind>archive</kind>
         <file>libc.a</file>
         <name>fputs.c.obj</name>
      </input_file>
      <input_file id="fl-72">
         <path>C:\ti\ccs1281\ccs\tools\compiler\ti-cgt-armllvm_3.2.2.LTS\lib\armv7em-ti-none-eabi\c\</path>
         <kind>archive</kind>
         <file>libc.a</file>
         <name>_io_perm.c.obj</name>
      </input_file>
      <input_file id="fl-73">
         <path>C:\ti\ccs1281\ccs\tools\compiler\ti-cgt-armllvm_3.2.2.LTS\lib\armv7em-ti-none-eabi\c\</path>
         <kind>archive</kind>
         <file>libc.a</file>
         <name>setvbuf.c.obj</name>
      </input_file>
      <input_file id="fl-74">
         <path>C:\ti\ccs1281\ccs\tools\compiler\ti-cgt-armllvm_3.2.2.LTS\lib\armv7em-ti-none-eabi\c\</path>
         <kind>archive</kind>
         <file>libc.a</file>
         <name>strcmp_t2.S.obj</name>
      </input_file>
      <input_file id="fl-75">
         <path>C:\ti\ccs1281\ccs\tools\compiler\ti-cgt-armllvm_3.2.2.LTS\lib\armv7em-ti-none-eabi\c\</path>
         <kind>archive</kind>
         <file>libc.a</file>
         <name>aeabi_portable.c.obj</name>
      </input_file>
      <input_file id="fl-76">
         <path>C:\ti\ccs1281\ccs\tools\compiler\ti-cgt-armllvm_3.2.2.LTS\lib\armv7em-ti-none-eabi\c\</path>
         <kind>archive</kind>
         <file>libc.a</file>
         <name>exit.c.obj</name>
      </input_file>
      <input_file id="fl-77">
         <path>C:\ti\ccs1281\ccs\tools\compiler\ti-cgt-armllvm_3.2.2.LTS\lib\armv7em-ti-none-eabi\c\</path>
         <kind>archive</kind>
         <file>libc.a</file>
         <name>_lock.c.obj</name>
      </input_file>
      <input_file id="fl-78">
         <path>C:\ti\ccs1281\ccs\tools\compiler\ti-cgt-armllvm_3.2.2.LTS\lib\armv7em-ti-none-eabi\c\</path>
         <kind>archive</kind>
         <file>libc.a</file>
         <name>args_main.c.obj</name>
      </input_file>
      <input_file id="fl-79">
         <path>C:\ti\ccs1281\ccs\tools\compiler\ti-cgt-armllvm_3.2.2.LTS\lib\armv7em-ti-none-eabi\c\</path>
         <kind>archive</kind>
         <file>libc.a</file>
         <name>assert.c.obj</name>
      </input_file>
      <input_file id="fl-7a">
         <path>C:\ti\ccs1281\ccs\tools\compiler\ti-cgt-armllvm_3.2.2.LTS\lib\armv7em-ti-none-eabi\c\</path>
         <kind>archive</kind>
         <file>libc.a</file>
         <name>atoi.c.obj</name>
      </input_file>
      <input_file id="fl-7b">
         <path>C:\ti\ccs1281\ccs\tools\compiler\ti-cgt-armllvm_3.2.2.LTS\lib\armv7em-ti-none-eabi\c\</path>
         <kind>archive</kind>
         <file>libc.a</file>
         <name>defs.c.obj</name>
      </input_file>
      <input_file id="fl-7c">
         <path>C:\ti\ccs1281\ccs\tools\compiler\ti-cgt-armllvm_3.2.2.LTS\lib\armv7em-ti-none-eabi\c\</path>
         <kind>archive</kind>
         <file>libc.a</file>
         <name>strlen.c.obj</name>
      </input_file>
      <input_file id="fl-7d">
         <path>C:\ti\ccs1281\ccs\tools\compiler\ti-cgt-armllvm_3.2.2.LTS\lib\armv7em-ti-none-eabi\c\</path>
         <kind>archive</kind>
         <file>libc.a</file>
         <name>strncasecmp.c.obj</name>
      </input_file>
      <input_file id="fl-7e">
         <path>C:\ti\ccs1281\ccs\tools\compiler\ti-cgt-armllvm_3.2.2.LTS\lib\armv7em-ti-none-eabi\c\</path>
         <kind>archive</kind>
         <file>libc.a</file>
         <name>strstr.c.obj</name>
      </input_file>
      <input_file id="fl-7f">
         <path>C:\ti\ccs1281\ccs\tools\compiler\ti-cgt-armllvm_3.2.2.LTS\lib\armv7em-ti-none-eabi\c\</path>
         <kind>archive</kind>
         <file>libc.a</file>
         <name>strtoul.c.obj</name>
      </input_file>
      <input_file id="fl-80">
         <path>C:\ti\ccs1281\ccs\tools\compiler\ti-cgt-armllvm_3.2.2.LTS\lib\armv7em-ti-none-eabi\c\</path>
         <kind>archive</kind>
         <file>libc.a</file>
         <name>autoinit.c.obj</name>
      </input_file>
      <input_file id="fl-81">
         <path>C:\ti\ccs1281\ccs\tools\compiler\ti-cgt-armllvm_3.2.2.LTS\lib\armv7em-ti-none-eabi\c\</path>
         <kind>archive</kind>
         <file>libc.a</file>
         <name>cpy_tbl.c.obj</name>
      </input_file>
      <input_file id="fl-82">
         <path>C:\ti\ccs1281\ccs\tools\compiler\ti-cgt-armllvm_3.2.2.LTS\lib\armv7em-ti-none-eabi\c\</path>
         <kind>archive</kind>
         <file>libc.a</file>
         <name>copy_zero_init.c.obj</name>
      </input_file>
      <input_file id="fl-83">
         <path>C:\ti\ccs1281\ccs\tools\compiler\ti-cgt-armllvm_3.2.2.LTS\lib\armv7em-ti-none-eabi\c\</path>
         <kind>archive</kind>
         <file>libc.a</file>
         <name>copy_decompress_none.c.obj</name>
      </input_file>
      <input_file id="fl-84">
         <path>C:\ti\ccs1281\ccs\tools\compiler\ti-cgt-armllvm_3.2.2.LTS\lib\armv7em-ti-none-eabi\c\</path>
         <kind>archive</kind>
         <file>libc.a</file>
         <name>copy_decompress_lzss.c.obj</name>
      </input_file>
      <input_file id="fl-85">
         <path>C:\ti\ccs1281\ccs\tools\compiler\ti-cgt-armllvm_3.2.2.LTS\lib\armv7em-ti-none-eabi\c\</path>
         <kind>archive</kind>
         <file>libc.a</file>
         <name>_printfi.c.obj</name>
      </input_file>
      <input_file id="fl-86">
         <path>C:\ti\ccs1281\ccs\tools\compiler\ti-cgt-armllvm_3.2.2.LTS\lib\armv7em-ti-none-eabi\c\</path>
         <kind>archive</kind>
         <file>libc.a</file>
         <name>fflush.c.obj</name>
      </input_file>
      <input_file id="fl-87">
         <path>C:\ti\ccs1281\ccs\tools\compiler\ti-cgt-armllvm_3.2.2.LTS\lib\armv7em-ti-none-eabi\c\</path>
         <kind>archive</kind>
         <file>libc.a</file>
         <name>fopen.c.obj</name>
      </input_file>
      <input_file id="fl-88">
         <path>C:\ti\ccs1281\ccs\tools\compiler\ti-cgt-armllvm_3.2.2.LTS\lib\armv7em-ti-none-eabi\c\</path>
         <kind>archive</kind>
         <file>libc.a</file>
         <name>fseek.c.obj</name>
      </input_file>
      <input_file id="fl-89">
         <path>C:\ti\ccs1281\ccs\tools\compiler\ti-cgt-armllvm_3.2.2.LTS\lib\armv7em-ti-none-eabi\c\</path>
         <kind>archive</kind>
         <file>libc.a</file>
         <name>s_frexp.c.obj</name>
      </input_file>
      <input_file id="fl-8a">
         <path>C:\ti\ccs1281\ccs\tools\compiler\ti-cgt-armllvm_3.2.2.LTS\lib\armv7em-ti-none-eabi\c\</path>
         <kind>archive</kind>
         <file>libc.a</file>
         <name>s_scalbn.c.obj</name>
      </input_file>
      <input_file id="fl-8b">
         <path>C:\ti\ccs1281\ccs\tools\compiler\ti-cgt-armllvm_3.2.2.LTS\lib\armv7em-ti-none-eabi\c\</path>
         <kind>archive</kind>
         <file>libc.a</file>
         <name>aeabi_ctype.S.obj</name>
      </input_file>
      <input_file id="fl-8c">
         <path>C:\ti\ccs1281\ccs\tools\compiler\ti-cgt-armllvm_3.2.2.LTS\lib\armv7em-ti-none-eabi\c\</path>
         <kind>archive</kind>
         <file>libc.a</file>
         <name>_ltoa.c.obj</name>
      </input_file>
      <input_file id="fl-8d">
         <path>C:\ti\ccs1281\ccs\tools\compiler\ti-cgt-armllvm_3.2.2.LTS\lib\armv7em-ti-none-eabi\c\</path>
         <kind>archive</kind>
         <file>libc.a</file>
         <name>memccpy.c.obj</name>
      </input_file>
      <input_file id="fl-8e">
         <path>C:\ti\ccs1281\ccs\tools\compiler\ti-cgt-armllvm_3.2.2.LTS\lib\armv7em-ti-none-eabi\c\</path>
         <kind>archive</kind>
         <file>libc.a</file>
         <name>wcslen.c.obj</name>
      </input_file>
      <input_file id="fl-8f">
         <path>C:\ti\ccs1281\ccs\tools\compiler\ti-cgt-armllvm_3.2.2.LTS\lib\armv7em-ti-none-eabi\c\</path>
         <kind>archive</kind>
         <file>libc.a</file>
         <name>fclose.c.obj</name>
      </input_file>
      <input_file id="fl-f5">
         <path>C:\ti\ccs1281\ccs\tools\compiler\ti-cgt-armllvm_3.2.2.LTS\lib\armv7em-ti-none-eabi\c\</path>
         <kind>archive</kind>
         <file>libsysbm.a</file>
         <name>write.c.obj</name>
      </input_file>
      <input_file id="fl-f6">
         <path>C:\ti\ccs1281\ccs\tools\compiler\ti-cgt-armllvm_3.2.2.LTS\lib\armv7em-ti-none-eabi\c\</path>
         <kind>archive</kind>
         <file>libsysbm.a</file>
         <name>host_device.c.obj</name>
      </input_file>
      <input_file id="fl-f7">
         <path>C:\ti\ccs1281\ccs\tools\compiler\ti-cgt-armllvm_3.2.2.LTS\lib\armv7em-ti-none-eabi\c\</path>
         <kind>archive</kind>
         <file>libsysbm.a</file>
         <name>remove.c.obj</name>
      </input_file>
      <input_file id="fl-f8">
         <path>C:\ti\ccs1281\ccs\tools\compiler\ti-cgt-armllvm_3.2.2.LTS\lib\armv7em-ti-none-eabi\c\</path>
         <kind>archive</kind>
         <file>libsysbm.a</file>
         <name>open.c.obj</name>
      </input_file>
      <input_file id="fl-f9">
         <path>C:\ti\ccs1281\ccs\tools\compiler\ti-cgt-armllvm_3.2.2.LTS\lib\armv7em-ti-none-eabi\c\</path>
         <kind>archive</kind>
         <file>libsysbm.a</file>
         <name>lseek.c.obj</name>
      </input_file>
      <input_file id="fl-fa">
         <path>C:\ti\ccs1281\ccs\tools\compiler\ti-cgt-armllvm_3.2.2.LTS\lib\armv7em-ti-none-eabi\c\</path>
         <kind>archive</kind>
         <file>libsysbm.a</file>
         <name>close.c.obj</name>
      </input_file>
      <input_file id="fl-fb">
         <path>C:\ti\ccs1281\ccs\tools\compiler\ti-cgt-armllvm_3.2.2.LTS\lib\armv7em-ti-none-eabi\c\</path>
         <kind>archive</kind>
         <file>libsysbm.a</file>
         <name>unlink.c.obj</name>
      </input_file>
      <input_file id="fl-fc">
         <path>C:\ti\ccs1281\ccs\tools\compiler\ti-cgt-armllvm_3.2.2.LTS\lib\armv7em-ti-none-eabi\c\</path>
         <kind>archive</kind>
         <file>libsysbm.a</file>
         <name>hostclose.c.obj</name>
      </input_file>
      <input_file id="fl-fd">
         <path>C:\ti\ccs1281\ccs\tools\compiler\ti-cgt-armllvm_3.2.2.LTS\lib\armv7em-ti-none-eabi\c\</path>
         <kind>archive</kind>
         <file>libsysbm.a</file>
         <name>hostlseek.c.obj</name>
      </input_file>
      <input_file id="fl-fe">
         <path>C:\ti\ccs1281\ccs\tools\compiler\ti-cgt-armllvm_3.2.2.LTS\lib\armv7em-ti-none-eabi\c\</path>
         <kind>archive</kind>
         <file>libsysbm.a</file>
         <name>hostopen.c.obj</name>
      </input_file>
      <input_file id="fl-ff">
         <path>C:\ti\ccs1281\ccs\tools\compiler\ti-cgt-armllvm_3.2.2.LTS\lib\armv7em-ti-none-eabi\c\</path>
         <kind>archive</kind>
         <file>libsysbm.a</file>
         <name>hostread.c.obj</name>
      </input_file>
      <input_file id="fl-100">
         <path>C:\ti\ccs1281\ccs\tools\compiler\ti-cgt-armllvm_3.2.2.LTS\lib\armv7em-ti-none-eabi\c\</path>
         <kind>archive</kind>
         <file>libsysbm.a</file>
         <name>hostrename.c.obj</name>
      </input_file>
      <input_file id="fl-101">
         <path>C:\ti\ccs1281\ccs\tools\compiler\ti-cgt-armllvm_3.2.2.LTS\lib\armv7em-ti-none-eabi\c\</path>
         <kind>archive</kind>
         <file>libsysbm.a</file>
         <name>hostunlink.c.obj</name>
      </input_file>
      <input_file id="fl-102">
         <path>C:\ti\ccs1281\ccs\tools\compiler\ti-cgt-armllvm_3.2.2.LTS\lib\armv7em-ti-none-eabi\c\</path>
         <kind>archive</kind>
         <file>libsysbm.a</file>
         <name>hostwrite.c.obj</name>
      </input_file>
      <input_file id="fl-103">
         <path>C:\ti\ccs1281\ccs\tools\compiler\ti-cgt-armllvm_3.2.2.LTS\lib\armv7em-ti-none-eabi\c\</path>
         <kind>archive</kind>
         <file>libsysbm.a</file>
         <name>trgmsg.c.obj</name>
      </input_file>
      <input_file id="fl-104">
         <path>C:\ti\ccs1281\ccs\tools\compiler\ti-cgt-armllvm_3.2.2.LTS\lib\clang\15.0.7\lib\armv7em-ti-none-eabi\</path>
         <kind>archive</kind>
         <file>libclang_rt.builtins.a</file>
         <name>adddf3.S.obj</name>
      </input_file>
      <input_file id="fl-105">
         <path>C:\ti\ccs1281\ccs\tools\compiler\ti-cgt-armllvm_3.2.2.LTS\lib\clang\15.0.7\lib\armv7em-ti-none-eabi\</path>
         <kind>archive</kind>
         <file>libclang_rt.builtins.a</file>
         <name>muldf3.S.obj</name>
      </input_file>
      <input_file id="fl-106">
         <path>C:\ti\ccs1281\ccs\tools\compiler\ti-cgt-armllvm_3.2.2.LTS\lib\clang\15.0.7\lib\armv7em-ti-none-eabi\</path>
         <kind>archive</kind>
         <file>libclang_rt.builtins.a</file>
         <name>divdf3.S.obj</name>
      </input_file>
      <input_file id="fl-107">
         <path>C:\ti\ccs1281\ccs\tools\compiler\ti-cgt-armllvm_3.2.2.LTS\lib\clang\15.0.7\lib\armv7em-ti-none-eabi\</path>
         <kind>archive</kind>
         <file>libclang_rt.builtins.a</file>
         <name>extendsfdf2.S.obj</name>
      </input_file>
      <input_file id="fl-108">
         <path>C:\ti\ccs1281\ccs\tools\compiler\ti-cgt-armllvm_3.2.2.LTS\lib\clang\15.0.7\lib\armv7em-ti-none-eabi\</path>
         <kind>archive</kind>
         <file>libclang_rt.builtins.a</file>
         <name>fixdfsi.S.obj</name>
      </input_file>
      <input_file id="fl-109">
         <path>C:\ti\ccs1281\ccs\tools\compiler\ti-cgt-armllvm_3.2.2.LTS\lib\clang\15.0.7\lib\armv7em-ti-none-eabi\</path>
         <kind>archive</kind>
         <file>libclang_rt.builtins.a</file>
         <name>fixunsdfsi.S.obj</name>
      </input_file>
      <input_file id="fl-10a">
         <path>C:\ti\ccs1281\ccs\tools\compiler\ti-cgt-armllvm_3.2.2.LTS\lib\clang\15.0.7\lib\armv7em-ti-none-eabi\</path>
         <kind>archive</kind>
         <file>libclang_rt.builtins.a</file>
         <name>floatsidf.S.obj</name>
      </input_file>
      <input_file id="fl-10b">
         <path>C:\ti\ccs1281\ccs\tools\compiler\ti-cgt-armllvm_3.2.2.LTS\lib\clang\15.0.7\lib\armv7em-ti-none-eabi\</path>
         <kind>archive</kind>
         <file>libclang_rt.builtins.a</file>
         <name>floatunsidf.S.obj</name>
      </input_file>
      <input_file id="fl-10c">
         <path>C:\ti\ccs1281\ccs\tools\compiler\ti-cgt-armllvm_3.2.2.LTS\lib\clang\15.0.7\lib\armv7em-ti-none-eabi\</path>
         <kind>archive</kind>
         <file>libclang_rt.builtins.a</file>
         <name>aeabi_dcmp.S.obj</name>
      </input_file>
      <input_file id="fl-10d">
         <path>C:\ti\ccs1281\ccs\tools\compiler\ti-cgt-armllvm_3.2.2.LTS\lib\clang\15.0.7\lib\armv7em-ti-none-eabi\</path>
         <kind>archive</kind>
         <file>libclang_rt.builtins.a</file>
         <name>aeabi_memcpy.S.obj</name>
      </input_file>
      <input_file id="fl-10e">
         <path>C:\ti\ccs1281\ccs\tools\compiler\ti-cgt-armllvm_3.2.2.LTS\lib\clang\15.0.7\lib\armv7em-ti-none-eabi\</path>
         <kind>archive</kind>
         <file>libclang_rt.builtins.a</file>
         <name>aeabi_memmove.S.obj</name>
      </input_file>
      <input_file id="fl-10f">
         <path>C:\ti\ccs1281\ccs\tools\compiler\ti-cgt-armllvm_3.2.2.LTS\lib\clang\15.0.7\lib\armv7em-ti-none-eabi\</path>
         <kind>archive</kind>
         <file>libclang_rt.builtins.a</file>
         <name>aeabi_memset.S.obj</name>
      </input_file>
      <input_file id="fl-110">
         <path>C:\ti\ccs1281\ccs\tools\compiler\ti-cgt-armllvm_3.2.2.LTS\lib\clang\15.0.7\lib\armv7em-ti-none-eabi\</path>
         <kind>archive</kind>
         <file>libclang_rt.builtins.a</file>
         <name>aeabi_uldivmod.S.obj</name>
      </input_file>
      <input_file id="fl-111">
         <path>C:\ti\ccs1281\ccs\tools\compiler\ti-cgt-armllvm_3.2.2.LTS\lib\clang\15.0.7\lib\armv7em-ti-none-eabi\</path>
         <kind>archive</kind>
         <file>libclang_rt.builtins.a</file>
         <name>udivmoddi4.S.obj</name>
      </input_file>
      <input_file id="fl-112">
         <path>C:\ti\ccs1281\ccs\tools\compiler\ti-cgt-armllvm_3.2.2.LTS\lib\clang\15.0.7\lib\armv7em-ti-none-eabi\</path>
         <kind>archive</kind>
         <file>libclang_rt.builtins.a</file>
         <name>comparedf2.c.obj</name>
      </input_file>
      <input_file id="fl-113">
         <path>C:\ti\ccs1281\ccs\tools\compiler\ti-cgt-armllvm_3.2.2.LTS\lib\clang\15.0.7\lib\armv7em-ti-none-eabi\</path>
         <kind>archive</kind>
         <file>libclang_rt.builtins.a</file>
         <name>aeabi_div0.c.obj</name>
      </input_file>
      <input_file id="fl-114">
         <path>C:\ti\ccs1281\ccs\tools\compiler\ti-cgt-armllvm_3.2.2.LTS\lib\armv7em-ti-none-eabi\c\</path>
         <kind>archive</kind>
         <file>libc.a</file>
         <name>getdevice.c.obj</name>
      </input_file>
      <input_file id="fl-115">
         <path>C:\ti\ccs1281\ccs\tools\compiler\ti-cgt-armllvm_3.2.2.LTS\lib\armv7em-ti-none-eabi\c\</path>
         <kind>archive</kind>
         <file>libc.a</file>
         <name>memcpy_t2.S.obj</name>
      </input_file>
      <input_file id="fl-116">
         <path>C:\ti\ccs1281\ccs\tools\compiler\ti-cgt-armllvm_3.2.2.LTS\lib\armv7em-ti-none-eabi\c\</path>
         <kind>archive</kind>
         <file>libc.a</file>
         <name>memset_t2.S.obj</name>
      </input_file>
      <input_file id="fl-117">
         <path>C:\ti\ccs1281\ccs\tools\compiler\ti-cgt-armllvm_3.2.2.LTS\lib\armv7em-ti-none-eabi\c\</path>
         <kind>archive</kind>
         <file>libc.a</file>
         <name>memmov.c.obj</name>
      </input_file>
   </input_file_list>
   <object_component_list>
      <object_component id="oc-1b">
         <name>.resetVecs</name>
         <load_address>0x20004000</load_address>
         <readonly>true</readonly>
         <run_address>0x20004000</run_address>
         <size>0x3c</size>
         <alignment>0x4</alignment>
         <input_file_ref idref="fl-4"/>
      </object_component>
      <object_component id="oc-337">
         <name>.text._SlDrvMsgRead</name>
         <load_address>0x20004040</load_address>
         <readonly>true</readonly>
         <executable>true</executable>
         <run_address>0x20004040</run_address>
         <size>0xa36</size>
         <alignment>0x4</alignment>
         <input_file_ref idref="fl-2a"/>
      </object_component>
      <object_component id="oc-1d3">
         <name>.text.BIOS_nullFunc</name>
         <load_address>0x20004a76</load_address>
         <readonly>true</readonly>
         <executable>true</executable>
         <run_address>0x20004a76</run_address>
         <size>0x2</size>
         <alignment>0x2</alignment>
         <input_file_ref idref="fl-4"/>
      </object_component>
      <object_component id="oc-5bf">
         <name>.text:__TI_printfi</name>
         <load_address>0x20004a78</load_address>
         <readonly>true</readonly>
         <executable>true</executable>
         <run_address>0x20004a78</run_address>
         <size>0x9d8</size>
         <alignment>0x4</alignment>
         <input_file_ref idref="fl-85"/>
      </object_component>
      <object_component id="oc-4d0">
         <name>.text.HTTPClient_sendRequest</name>
         <load_address>0x20005450</load_address>
         <readonly>true</readonly>
         <executable>true</executable>
         <run_address>0x20005450</run_address>
         <size>0x648</size>
         <alignment>0x4</alignment>
         <input_file_ref idref="fl-46"/>
      </object_component>
      <object_component id="oc-456">
         <name>.text._SlSocketHandleAsync_Select</name>
         <load_address>0x20005a98</load_address>
         <readonly>true</readonly>
         <executable>true</executable>
         <run_address>0x20005a98</run_address>
         <size>0x50a</size>
         <alignment>0x2</alignment>
         <input_file_ref idref="fl-30"/>
      </object_component>
      <object_component id="oc-df">
         <name>.text.PRCMCC3200MCUInit</name>
         <load_address>0x20005fa2</load_address>
         <readonly>true</readonly>
         <executable>true</executable>
         <run_address>0x20005fa2</run_address>
         <size>0x4b8</size>
         <alignment>0x2</alignment>
         <input_file_ref idref="fl-58"/>
      </object_component>
      <object_component id="oc-251">
         <name>.text._SlDrvMsgWrite</name>
         <load_address>0x2000645a</load_address>
         <readonly>true</readonly>
         <executable>true</executable>
         <run_address>0x2000645a</run_address>
         <size>0x414</size>
         <alignment>0x2</alignment>
         <input_file_ref idref="fl-2a"/>
      </object_component>
      <object_component id="oc-ef">
         <name>.text.Board_initHook</name>
         <load_address>0x2000686e</load_address>
         <readonly>true</readonly>
         <executable>true</executable>
         <run_address>0x2000686e</run_address>
         <size>0x2</size>
         <alignment>0x2</alignment>
         <input_file_ref idref="fl-2"/>
      </object_component>
      <object_component id="oc-523">
         <name>.text.manageResponseHeaders</name>
         <load_address>0x20006870</load_address>
         <readonly>true</readonly>
         <executable>true</executable>
         <run_address>0x20006870</run_address>
         <size>0x410</size>
         <alignment>0x4</alignment>
         <input_file_ref idref="fl-46"/>
      </object_component>
      <object_component id="oc-2a3">
         <name>.text.Power_sleep</name>
         <load_address>0x20006c80</load_address>
         <readonly>true</readonly>
         <executable>true</executable>
         <run_address>0x20006c80</run_address>
         <size>0x3e4</size>
         <alignment>0x4</alignment>
         <input_file_ref idref="fl-38"/>
      </object_component>
      <object_component id="oc-1aa">
         <name>.text._SlDrvReleasePoolObj</name>
         <load_address>0x20007064</load_address>
         <readonly>true</readonly>
         <executable>true</executable>
         <run_address>0x20007064</run_address>
         <size>0x3b2</size>
         <alignment>0x2</alignment>
         <input_file_ref idref="fl-2a"/>
      </object_component>
      <object_component id="oc-3cf">
         <name>.text._SlDrvRxHdrRead</name>
         <load_address>0x20007416</load_address>
         <readonly>true</readonly>
         <executable>true</executable>
         <run_address>0x20007416</run_address>
         <size>0x3ae</size>
         <alignment>0x2</alignment>
         <input_file_ref idref="fl-2a"/>
      </object_component>
      <object_component id="oc-253">
         <name>.text._SlDrvWaitForPoolObj</name>
         <load_address>0x200077c4</load_address>
         <readonly>true</readonly>
         <executable>true</executable>
         <run_address>0x200077c4</run_address>
         <size>0x3a4</size>
         <alignment>0x2</alignment>
         <input_file_ref idref="fl-2a"/>
      </object_component>
      <object_component id="oc-53f">
         <name>.text.sl_Select</name>
         <load_address>0x20007b68</load_address>
         <readonly>true</readonly>
         <executable>true</executable>
         <run_address>0x20007b68</run_address>
         <size>0x368</size>
         <alignment>0x2</alignment>
         <input_file_ref idref="fl-30"/>
      </object_component>
      <object_component id="oc-410">
         <name>.text.ti_sysbios_runtime_System_doPrint</name>
         <load_address>0x20007ed0</load_address>
         <readonly>true</readonly>
         <executable>true</executable>
         <run_address>0x20007ed0</run_address>
         <size>0x34c</size>
         <alignment>0x4</alignment>
         <input_file_ref idref="fl-4"/>
      </object_component>
      <object_component id="oc-590">
         <name>.text._SlDrvDataReadOp</name>
         <load_address>0x2000821c</load_address>
         <readonly>true</readonly>
         <executable>true</executable>
         <run_address>0x2000821c</run_address>
         <size>0x2f6</size>
         <alignment>0x2</alignment>
         <input_file_ref idref="fl-2a"/>
      </object_component>
      <object_component id="oc-592">
         <name>.text._SlDrvDataWriteOp</name>
         <load_address>0x20008512</load_address>
         <readonly>true</readonly>
         <executable>true</executable>
         <run_address>0x20008512</run_address>
         <size>0x2be</size>
         <alignment>0x2</alignment>
         <input_file_ref idref="fl-2a"/>
      </object_component>
      <object_component id="oc-252">
         <name>.text._SlDrvMsgReadCmdCtx</name>
         <load_address>0x200087d0</load_address>
         <readonly>true</readonly>
         <executable>true</executable>
         <run_address>0x200087d0</run_address>
         <size>0x2aa</size>
         <alignment>0x2</alignment>
         <input_file_ref idref="fl-2a"/>
      </object_component>
      <object_component id="oc-249">
         <name>.text._SlDrvDriverCBInit</name>
         <load_address>0x20008a7a</load_address>
         <readonly>true</readonly>
         <executable>true</executable>
         <run_address>0x20008a7a</run_address>
         <size>0x2a2</size>
         <alignment>0x2</alignment>
         <input_file_ref idref="fl-2a"/>
      </object_component>
      <object_component id="oc-517">
         <name>.text.HTTPClient_connect2</name>
         <load_address>0x20008d1c</load_address>
         <readonly>true</readonly>
         <executable>true</executable>
         <run_address>0x20008d1c</run_address>
         <size>0x284</size>
         <alignment>0x4</alignment>
         <input_file_ref idref="fl-46"/>
      </object_component>
      <object_component id="oc-11d">
         <name>.text.sl_Stop</name>
         <load_address>0x20008fa0</load_address>
         <readonly>true</readonly>
         <executable>true</executable>
         <run_address>0x20008fa0</run_address>
         <size>0x272</size>
         <alignment>0x2</alignment>
         <input_file_ref idref="fl-29"/>
      </object_component>
      <object_component id="oc-549">
         <name>.text.sl_NetAppPing</name>
         <load_address>0x20009212</load_address>
         <readonly>true</readonly>
         <executable>true</executable>
         <run_address>0x20009212</run_address>
         <size>0x258</size>
         <alignment>0x2</alignment>
         <input_file_ref idref="fl-2d"/>
      </object_component>
      <object_component id="oc-213">
         <name>.text.DisplayUart2Min_clear</name>
         <load_address>0x2000946a</load_address>
         <readonly>true</readonly>
         <executable>true</executable>
         <run_address>0x2000946a</run_address>
         <size>0x2</size>
         <alignment>0x2</alignment>
         <input_file_ref idref="fl-26"/>
      </object_component>
      <object_component id="oc-5d6">
         <name>.text._pconv_a</name>
         <load_address>0x2000946c</load_address>
         <readonly>true</readonly>
         <executable>true</executable>
         <run_address>0x2000946c</run_address>
         <size>0x228</size>
         <alignment>0x4</alignment>
         <input_file_ref idref="fl-85"/>
      </object_component>
      <object_component id="oc-41f">
         <name>.text._SlNetAppEventHandler</name>
         <load_address>0x20009694</load_address>
         <readonly>true</readonly>
         <executable>true</executable>
         <run_address>0x20009694</run_address>
         <size>0x226</size>
         <alignment>0x2</alignment>
         <input_file_ref idref="fl-2d"/>
      </object_component>
      <object_component id="oc-387">
         <name>.text.UART2CC32XX_hwiIntFxn</name>
         <load_address>0x200098ba</load_address>
         <readonly>true</readonly>
         <executable>true</executable>
         <run_address>0x200098ba</run_address>
         <size>0x222</size>
         <alignment>0x2</alignment>
         <input_file_ref idref="fl-40"/>
      </object_component>
      <object_component id="oc-1ad">
         <name>.text._SlDrvReleaseAllActivePendingPoolObj</name>
         <load_address>0x20009adc</load_address>
         <readonly>true</readonly>
         <executable>true</executable>
         <run_address>0x20009adc</run_address>
         <size>0x218</size>
         <alignment>0x2</alignment>
         <input_file_ref idref="fl-2a"/>
      </object_component>
      <object_component id="oc-53b">
         <name>.text.sl_Accept</name>
         <load_address>0x20009cf4</load_address>
         <readonly>true</readonly>
         <executable>true</executable>
         <run_address>0x20009cf4</run_address>
         <size>0x202</size>
         <alignment>0x2</alignment>
         <input_file_ref idref="fl-30"/>
      </object_component>
      <object_component id="oc-214">
         <name>.text.DisplayUart2Min_clearLines</name>
         <load_address>0x20009ef6</load_address>
         <readonly>true</readonly>
         <executable>true</executable>
         <run_address>0x20009ef6</run_address>
         <size>0x2</size>
         <alignment>0x2</alignment>
         <input_file_ref idref="fl-26"/>
      </object_component>
      <object_component id="oc-4a2">
         <name>.text.httpsPost</name>
         <load_address>0x20009ef8</load_address>
         <readonly>true</readonly>
         <executable>true</executable>
         <run_address>0x20009ef8</run_address>
         <size>0x1fc</size>
         <alignment>0x4</alignment>
         <input_file_ref idref="fl-7"/>
      </object_component>
      <object_component id="oc-4d1">
         <name>.text.HTTPClient_readResponseBody</name>
         <load_address>0x2000a0f4</load_address>
         <readonly>true</readonly>
         <executable>true</executable>
         <run_address>0x2000a0f4</run_address>
         <size>0x1ec</size>
         <alignment>0x4</alignment>
         <input_file_ref idref="fl-46"/>
      </object_component>
      <object_component id="oc-58b">
         <name>.text._SlDrvRegisterForSelectAsync</name>
         <load_address>0x2000a2e0</load_address>
         <readonly>true</readonly>
         <executable>true</executable>
         <run_address>0x2000a2e0</run_address>
         <size>0x1ea</size>
         <alignment>0x2</alignment>
         <input_file_ref idref="fl-30"/>
      </object_component>
      <object_component id="oc-20d">
         <name>.text.DisplayUart2Min_init</name>
         <load_address>0x2000a4ca</load_address>
         <readonly>true</readonly>
         <executable>true</executable>
         <run_address>0x2000a4ca</run_address>
         <size>0x2</size>
         <alignment>0x2</alignment>
         <input_file_ref idref="fl-26"/>
      </object_component>
      <object_component id="oc-5d9">
         <name>.text._pconv_g</name>
         <load_address>0x2000a4cc</load_address>
         <readonly>true</readonly>
         <executable>true</executable>
         <run_address>0x2000a4cc</run_address>
         <size>0x1e8</size>
         <alignment>0x4</alignment>
         <input_file_ref idref="fl-85"/>
      </object_component>
      <object_component id="oc-3d4">
         <name>.text._SlDrvFindAndSetActiveObj</name>
         <load_address>0x2000a6b4</load_address>
         <readonly>true</readonly>
         <executable>true</executable>
         <run_address>0x2000a6b4</run_address>
         <size>0x1de</size>
         <alignment>0x2</alignment>
         <input_file_ref idref="fl-2a"/>
      </object_component>
      <object_component id="oc-23c">
         <name>.text.PWMTimerCC32XX_init</name>
         <load_address>0x2000a892</load_address>
         <readonly>true</readonly>
         <executable>true</executable>
         <run_address>0x2000a892</run_address>
         <size>0x2</size>
         <alignment>0x2</alignment>
         <input_file_ref idref="fl-3b"/>
      </object_component>
      <object_component id="oc-2ba">
         <name>.text.UART2_open</name>
         <load_address>0x2000a894</load_address>
         <readonly>true</readonly>
         <executable>true</executable>
         <run_address>0x2000a894</run_address>
         <size>0x1cc</size>
         <alignment>0x4</alignment>
         <input_file_ref idref="fl-40"/>
      </object_component>
      <object_component id="oc-53e">
         <name>.text.sl_Connect</name>
         <load_address>0x2000aa60</load_address>
         <readonly>true</readonly>
         <executable>true</executable>
         <run_address>0x2000aa60</run_address>
         <size>0x1bc</size>
         <alignment>0x2</alignment>
         <input_file_ref idref="fl-30"/>
      </object_component>
      <object_component id="oc-46c">
         <name>.text.adddf3_subdf3</name>
         <load_address>0x2000ac1c</load_address>
         <readonly>true</readonly>
         <executable>true</executable>
         <run_address>0x2000ac1c</run_address>
         <size>0x1b6</size>
         <alignment>0x4</alignment>
         <input_file_ref idref="fl-104"/>
      </object_component>
      <object_component id="oc-548">
         <name>.text.sl_NetAppDnsGetHostByName</name>
         <load_address>0x2000add2</load_address>
         <readonly>true</readonly>
         <executable>true</executable>
         <run_address>0x2000add2</run_address>
         <size>0x1ac</size>
         <alignment>0x2</alignment>
         <input_file_ref idref="fl-2d"/>
      </object_component>
      <object_component id="oc-224">
         <name>.text.SPICC32XXDMA_transfer</name>
         <load_address>0x2000af7e</load_address>
         <readonly>true</readonly>
         <executable>true</executable>
         <run_address>0x2000af7e</run_address>
         <size>0x1a4</size>
         <alignment>0x2</alignment>
         <input_file_ref idref="fl-3d"/>
      </object_component>
      <object_component id="oc-543">
         <name>.text.sl_RecvFrom</name>
         <load_address>0x2000b122</load_address>
         <readonly>true</readonly>
         <executable>true</executable>
         <run_address>0x2000b122</run_address>
         <size>0x19c</size>
         <alignment>0x2</alignment>
         <input_file_ref idref="fl-30"/>
      </object_component>
      <object_component id="oc-345">
         <name>.text.SimpleLinkFatalErrorEventHandler</name>
         <load_address>0x2000b2be</load_address>
         <readonly>true</readonly>
         <executable>true</executable>
         <run_address>0x2000b2be</run_address>
         <size>0x2</size>
         <alignment>0x2</alignment>
         <input_file_ref idref="fl-a"/>
      </object_component>
      <object_component id="oc-32f">
         <name>.text._SlDrvMsgReadSpawnCtx</name>
         <load_address>0x2000b2c0</load_address>
         <readonly>true</readonly>
         <executable>true</executable>
         <run_address>0x2000b2c0</run_address>
         <size>0x194</size>
         <alignment>0x4</alignment>
         <input_file_ref idref="fl-2a"/>
      </object_component>
      <object_component id="oc-bb">
         <name>.text.mainThread</name>
         <load_address>0x2000b454</load_address>
         <readonly>true</readonly>
         <executable>true</executable>
         <run_address>0x2000b454</run_address>
         <size>0x194</size>
         <alignment>0x4</alignment>
         <input_file_ref idref="fl-a"/>
      </object_component>
      <object_component id="oc-547">
         <name>.text.sl_StartTLS</name>
         <load_address>0x2000b5e8</load_address>
         <readonly>true</readonly>
         <executable>true</executable>
         <run_address>0x2000b5e8</run_address>
         <size>0x188</size>
         <alignment>0x2</alignment>
         <input_file_ref idref="fl-30"/>
      </object_component>
      <object_component id="oc-485">
         <name>.text._SlDrvGetNextTimeoutValue</name>
         <load_address>0x2000b770</load_address>
         <readonly>true</readonly>
         <executable>true</executable>
         <run_address>0x2000b770</run_address>
         <size>0x180</size>
         <alignment>0x2</alignment>
         <input_file_ref idref="fl-30"/>
      </object_component>
      <object_component id="oc-1b5">
         <name>.text._SlDrvDriverCBDeinit</name>
         <load_address>0x2000b8f0</load_address>
         <readonly>true</readonly>
         <executable>true</executable>
         <run_address>0x2000b8f0</run_address>
         <size>0x17a</size>
         <alignment>0x2</alignment>
         <input_file_ref idref="fl-2a"/>
      </object_component>
      <object_component id="oc-338">
         <name>.text._SlSpawnMsgListInsert</name>
         <load_address>0x2000ba6a</load_address>
         <readonly>true</readonly>
         <executable>true</executable>
         <run_address>0x2000ba6a</run_address>
         <size>0x17a</size>
         <alignment>0x2</alignment>
         <input_file_ref idref="fl-2a"/>
      </object_component>
      <object_component id="oc-1a1">
         <name>.text.sl_Start</name>
         <load_address>0x2000bbe4</load_address>
         <readonly>true</readonly>
         <executable>true</executable>
         <run_address>0x2000bbe4</run_address>
         <size>0x176</size>
         <alignment>0x2</alignment>
         <input_file_ref idref="fl-29"/>
      </object_component>
      <object_component id="oc-412">
         <name>.text.UART2_writeTimeoutBlocking</name>
         <load_address>0x2000bd5a</load_address>
         <readonly>true</readonly>
         <executable>true</executable>
         <run_address>0x2000bd5a</run_address>
         <size>0x174</size>
         <alignment>0x2</alignment>
         <input_file_ref idref="fl-3f"/>
      </object_component>
      <object_component id="oc-593">
         <name>.text._SlSocketHandleAsync_StartTLS</name>
         <load_address>0x2000bece</load_address>
         <readonly>true</readonly>
         <executable>true</executable>
         <run_address>0x2000bece</run_address>
         <size>0x16c</size>
         <alignment>0x2</alignment>
         <input_file_ref idref="fl-30"/>
      </object_component>
      <object_component id="oc-24f">
         <name>.text._SlDrvObjGlobalLockWaitForever</name>
         <load_address>0x2000c03a</load_address>
         <readonly>true</readonly>
         <executable>true</executable>
         <run_address>0x2000c03a</run_address>
         <size>0x16a</size>
         <alignment>0x2</alignment>
         <input_file_ref idref="fl-2a"/>
      </object_component>
      <object_component id="oc-3ce">
         <name>.text._SlDrvAsyncEventGenericHandler</name>
         <load_address>0x2000c1a4</load_address>
         <readonly>true</readonly>
         <executable>true</executable>
         <run_address>0x2000c1a4</run_address>
         <size>0x166</size>
         <alignment>0x2</alignment>
         <input_file_ref idref="fl-2a"/>
      </object_component>
      <object_component id="oc-3d1">
         <name>.text._SlDrvClassifyRxMsg</name>
         <load_address>0x2000c30a</load_address>
         <readonly>true</readonly>
         <executable>true</executable>
         <run_address>0x2000c30a</run_address>
         <size>0x162</size>
         <alignment>0x2</alignment>
         <input_file_ref idref="fl-2a"/>
      </object_component>
      <object_component id="oc-564">
         <name>.text.SlNetSock_connectURI</name>
         <load_address>0x2000c46c</load_address>
         <readonly>true</readonly>
         <executable>true</executable>
         <run_address>0x2000c46c</run_address>
         <size>0x160</size>
         <alignment>0x2</alignment>
         <input_file_ref idref="fl-46"/>
      </object_component>
      <object_component id="oc-5ad">
         <name>.text.SlNetUtil_inetPton</name>
         <load_address>0x2000c5cc</load_address>
         <readonly>true</readonly>
         <executable>true</executable>
         <run_address>0x2000c5cc</run_address>
         <size>0x15c</size>
         <alignment>0x4</alignment>
         <input_file_ref idref="fl-48"/>
      </object_component>
      <object_component id="oc-1a4">
         <name>.text._SlDrvCmdOp</name>
         <load_address>0x2000c728</load_address>
         <readonly>true</readonly>
         <executable>true</executable>
         <run_address>0x2000c728</run_address>
         <size>0x154</size>
         <alignment>0x2</alignment>
         <input_file_ref idref="fl-2a"/>
      </object_component>
      <object_component id="oc-552">
         <name>.text.sl_FsOpen</name>
         <load_address>0x2000c87c</load_address>
         <readonly>true</readonly>
         <executable>true</executable>
         <run_address>0x2000c87c</run_address>
         <size>0x14e</size>
         <alignment>0x2</alignment>
         <input_file_ref idref="fl-2c"/>
      </object_component>
      <object_component id="oc-495">
         <name>.text.SimpleLinkGeneralEventHandler</name>
         <load_address>0x2000c9ca</load_address>
         <readonly>true</readonly>
         <executable>true</executable>
         <run_address>0x2000c9ca</run_address>
         <size>0x2</size>
         <alignment>0x2</alignment>
         <input_file_ref idref="fl-a"/>
      </object_component>
      <object_component id="oc-2dd">
         <name>.text.configDMA</name>
         <load_address>0x2000c9cc</load_address>
         <readonly>true</readonly>
         <executable>true</executable>
         <run_address>0x2000c9cc</run_address>
         <size>0x14c</size>
         <alignment>0x4</alignment>
         <input_file_ref idref="fl-3d"/>
      </object_component>
      <object_component id="oc-515">
         <name>.text.parseURI</name>
         <load_address>0x2000cb18</load_address>
         <readonly>true</readonly>
         <executable>true</executable>
         <run_address>0x2000cb18</run_address>
         <size>0x14c</size>
         <alignment>0x4</alignment>
         <input_file_ref idref="fl-46"/>
      </object_component>
      <object_component id="oc-179">
         <name>.text.GPIO_setConfig</name>
         <load_address>0x2000cc64</load_address>
         <readonly>true</readonly>
         <executable>true</executable>
         <run_address>0x2000cc64</run_address>
         <size>0x140</size>
         <alignment>0x4</alignment>
         <input_file_ref idref="fl-37"/>
      </object_component>
      <object_component id="oc-445">
         <name>.text._SlDeviceEventHandler</name>
         <load_address>0x2000cda4</load_address>
         <readonly>true</readonly>
         <executable>true</executable>
         <run_address>0x2000cda4</run_address>
         <size>0x140</size>
         <alignment>0x2</alignment>
         <input_file_ref idref="fl-29"/>
      </object_component>
      <object_component id="oc-5fa">
         <name>.text.fcvt</name>
         <load_address>0x2000cee4</load_address>
         <readonly>true</readonly>
         <executable>true</executable>
         <run_address>0x2000cee4</run_address>
         <size>0x13c</size>
         <alignment>0x4</alignment>
         <input_file_ref idref="fl-85"/>
      </object_component>
      <object_component id="oc-223">
         <name>.text.SPICC32XXDMA_open</name>
         <load_address>0x2000d020</load_address>
         <readonly>true</readonly>
         <executable>true</executable>
         <run_address>0x2000d020</run_address>
         <size>0x138</size>
         <alignment>0x4</alignment>
         <input_file_ref idref="fl-3d"/>
      </object_component>
      <object_component id="oc-5f6">
         <name>.text.__divdf3</name>
         <load_address>0x2000d158</load_address>
         <readonly>true</readonly>
         <executable>true</executable>
         <run_address>0x2000d158</run_address>
         <size>0x136</size>
         <alignment>0x4</alignment>
         <input_file_ref idref="fl-106"/>
      </object_component>
      <object_component id="oc-4cf">
         <name>.text.HTTPClient_connect</name>
         <load_address>0x2000d28e</load_address>
         <readonly>true</readonly>
         <executable>true</executable>
         <run_address>0x2000d28e</run_address>
         <size>0x132</size>
         <alignment>0x2</alignment>
         <input_file_ref idref="fl-46"/>
      </object_component>
      <object_component id="oc-553">
         <name>.text.sl_FsWrite</name>
         <load_address>0x2000d3c0</load_address>
         <readonly>true</readonly>
         <executable>true</executable>
         <run_address>0x2000d3c0</run_address>
         <size>0x130</size>
         <alignment>0x2</alignment>
         <input_file_ref idref="fl-2c"/>
      </object_component>
      <object_component id="oc-1a9">
         <name>.text._SlDrvWaitForInternalAsyncEvent</name>
         <load_address>0x2000d4f0</load_address>
         <readonly>true</readonly>
         <executable>true</executable>
         <run_address>0x2000d4f0</run_address>
         <size>0x12e</size>
         <alignment>0x2</alignment>
         <input_file_ref idref="fl-2a"/>
      </object_component>
      <object_component id="oc-545">
         <name>.text.sl_SendTo</name>
         <load_address>0x2000d61e</load_address>
         <readonly>true</readonly>
         <executable>true</executable>
         <run_address>0x2000d61e</run_address>
         <size>0x12a</size>
         <alignment>0x2</alignment>
         <input_file_ref idref="fl-30"/>
      </object_component>
      <object_component id="oc-4ce">
         <name>.text.HTTPClient_setHeader</name>
         <load_address>0x2000d748</load_address>
         <readonly>true</readonly>
         <executable>true</executable>
         <run_address>0x2000d748</run_address>
         <size>0x128</size>
         <alignment>0x4</alignment>
         <input_file_ref idref="fl-46"/>
      </object_component>
      <object_component id="oc-44b">
         <name>.text._SlNetAppHandleAsync_DnsGetHostByService</name>
         <load_address>0x2000d870</load_address>
         <readonly>true</readonly>
         <executable>true</executable>
         <run_address>0x2000d870</run_address>
         <size>0x128</size>
         <alignment>0x2</alignment>
         <input_file_ref idref="fl-2d"/>
      </object_component>
      <object_component id="oc-50d">
         <name>.text.SlNetIfWifi_loadSecObj</name>
         <load_address>0x2000d998</load_address>
         <readonly>true</readonly>
         <executable>true</executable>
         <run_address>0x2000d998</run_address>
         <size>0x126</size>
         <alignment>0x2</alignment>
         <input_file_ref idref="fl-27"/>
      </object_component>
      <object_component id="oc-4a8">
         <name>.text.SimpleLinkHttpServerEventHandler</name>
         <load_address>0x2000dabe</load_address>
         <readonly>true</readonly>
         <executable>true</executable>
         <run_address>0x2000dabe</run_address>
         <size>0x2</size>
         <alignment>0x2</alignment>
         <input_file_ref idref="fl-a"/>
      </object_component>
      <object_component id="oc-4c0">
         <name>.text.SlNetIf_add</name>
         <load_address>0x2000dac0</load_address>
         <readonly>true</readonly>
         <executable>true</executable>
         <run_address>0x2000dac0</run_address>
         <size>0x120</size>
         <alignment>0x4</alignment>
         <input_file_ref idref="fl-49"/>
      </object_component>
      <object_component id="oc-531">
         <name>.text.strtoul</name>
         <load_address>0x2000dbe0</load_address>
         <readonly>true</readonly>
         <executable>true</executable>
         <run_address>0x2000dbe0</run_address>
         <size>0x11c</size>
         <alignment>0x4</alignment>
         <input_file_ref idref="fl-7f"/>
      </object_component>
      <object_component id="oc-411">
         <name>.text.UART2_writeTimeoutNonblocking</name>
         <load_address>0x2000dcfc</load_address>
         <readonly>true</readonly>
         <executable>true</executable>
         <run_address>0x2000dcfc</run_address>
         <size>0x11a</size>
         <alignment>0x2</alignment>
         <input_file_ref idref="fl-3f"/>
      </object_component>
      <object_component id="oc-4a9">
         <name>.text.SimpleLinkNetAppRequestEventHandler</name>
         <load_address>0x2000de16</load_address>
         <readonly>true</readonly>
         <executable>true</executable>
         <run_address>0x2000de16</run_address>
         <size>0x2</size>
         <alignment>0x2</alignment>
         <input_file_ref idref="fl-a"/>
      </object_component>
      <object_component id="oc-5d7">
         <name>.text._pconv_e</name>
         <load_address>0x2000de18</load_address>
         <readonly>true</readonly>
         <executable>true</executable>
         <run_address>0x2000de18</run_address>
         <size>0x118</size>
         <alignment>0x4</alignment>
         <input_file_ref idref="fl-85"/>
      </object_component>
      <object_component id="oc-53a">
         <name>.text.sl_Close</name>
         <load_address>0x2000df30</load_address>
         <readonly>true</readonly>
         <executable>true</executable>
         <run_address>0x2000df30</run_address>
         <size>0x116</size>
         <alignment>0x2</alignment>
         <input_file_ref idref="fl-30"/>
      </object_component>
      <object_component id="oc-3ad">
         <name>.text.uDMAChannelTransferSet</name>
         <load_address>0x2000e046</load_address>
         <readonly>true</readonly>
         <executable>true</executable>
         <run_address>0x2000e046</run_address>
         <size>0x112</size>
         <alignment>0x2</alignment>
         <input_file_ref idref="fl-5c"/>
      </object_component>
      <object_component id="oc-1ef">
         <name>.text.PowerCC32XX_sleepPolicy</name>
         <load_address>0x2000e158</load_address>
         <readonly>true</readonly>
         <executable>true</executable>
         <run_address>0x2000e158</run_address>
         <size>0x108</size>
         <alignment>0x4</alignment>
         <input_file_ref idref="fl-4"/>
      </object_component>
      <object_component id="oc-475">
         <name>.text._SlDeviceHandleAsync_InitComplete</name>
         <load_address>0x2000e260</load_address>
         <readonly>true</readonly>
         <executable>true</executable>
         <run_address>0x2000e260</run_address>
         <size>0x106</size>
         <alignment>0x2</alignment>
         <input_file_ref idref="fl-29"/>
      </object_component>
      <object_component id="oc-482">
         <name>.text.SimpleLinkNetAppRequestMemFreeEventHandler</name>
         <load_address>0x2000e366</load_address>
         <readonly>true</readonly>
         <executable>true</executable>
         <run_address>0x2000e366</run_address>
         <size>0x2</size>
         <alignment>0x2</alignment>
         <input_file_ref idref="fl-a"/>
      </object_component>
      <object_component id="oc-352">
         <name>.text.ti_sysbios_family_arm_m3_Timer_Instance_init</name>
         <load_address>0x2000e368</load_address>
         <readonly>true</readonly>
         <executable>true</executable>
         <run_address>0x2000e368</run_address>
         <size>0x104</size>
         <alignment>0x4</alignment>
         <input_file_ref idref="fl-4"/>
      </object_component>
      <object_component id="oc-2fe">
         <name>.text.__muldf3</name>
         <load_address>0x2000e46c</load_address>
         <readonly>true</readonly>
         <executable>true</executable>
         <run_address>0x2000e46c</run_address>
         <size>0xfc</size>
         <alignment>0x4</alignment>
         <input_file_ref idref="fl-105"/>
      </object_component>
      <object_component id="oc-43a">
         <name>.text.ti_sysbios_runtime_System_printfExtend</name>
         <load_address>0x2000e568</load_address>
         <readonly>true</readonly>
         <executable>true</executable>
         <run_address>0x2000e568</run_address>
         <size>0xf8</size>
         <alignment>0x4</alignment>
         <input_file_ref idref="fl-4"/>
      </object_component>
      <object_component id="oc-1ba">
         <name>.text.ti_sysbios_knl_Semaphore_pend</name>
         <load_address>0x2000e660</load_address>
         <readonly>true</readonly>
         <executable>true</executable>
         <run_address>0x2000e660</run_address>
         <size>0xf4</size>
         <alignment>0x4</alignment>
         <input_file_ref idref="fl-4"/>
      </object_component>
      <object_component id="oc-25e">
         <name>.text._SlDrvRemoveFromList</name>
         <load_address>0x2000e754</load_address>
         <readonly>true</readonly>
         <executable>true</executable>
         <run_address>0x2000e754</run_address>
         <size>0xee</size>
         <alignment>0x2</alignment>
         <input_file_ref idref="fl-2a"/>
      </object_component>
      <object_component id="oc-1a2">
         <name>.text._SlDrvDriverIsApiAllowed</name>
         <load_address>0x2000e842</load_address>
         <readonly>true</readonly>
         <executable>true</executable>
         <run_address>0x2000e842</run_address>
         <size>0xec</size>
         <alignment>0x2</alignment>
         <input_file_ref idref="fl-2a"/>
      </object_component>
      <object_component id="oc-47b">
         <name>.text.SimpleLinkSockEventHandler</name>
         <load_address>0x2000e92e</load_address>
         <readonly>true</readonly>
         <executable>true</executable>
         <run_address>0x2000e92e</run_address>
         <size>0x2</size>
         <alignment>0x2</alignment>
         <input_file_ref idref="fl-a"/>
      </object_component>
      <object_component id="oc-3e">
         <name>.text.ti_sysbios_family_arm_m3_Hwi_dispatch</name>
         <load_address>0x2000e930</load_address>
         <readonly>true</readonly>
         <executable>true</executable>
         <run_address>0x2000e930</run_address>
         <size>0xec</size>
         <alignment>0x4</alignment>
         <input_file_ref idref="fl-4b"/>
      </object_component>
      <object_component id="oc-54b">
         <name>.text.sl_NetCfgGet</name>
         <load_address>0x2000ea1c</load_address>
         <readonly>true</readonly>
         <executable>true</executable>
         <run_address>0x2000ea1c</run_address>
         <size>0xea</size>
         <alignment>0x2</alignment>
         <input_file_ref idref="fl-2e"/>
      </object_component>
      <object_component id="oc-385">
         <name>.text.UART2CC32XX_eventCallback</name>
         <load_address>0x2000eb06</load_address>
         <readonly>true</readonly>
         <executable>true</executable>
         <run_address>0x2000eb06</run_address>
         <size>0x2</size>
         <alignment>0x2</alignment>
         <input_file_ref idref="fl-40"/>
      </object_component>
      <object_component id="oc-2c3">
         <name>.text.UART2_close</name>
         <load_address>0x2000eb08</load_address>
         <readonly>true</readonly>
         <executable>true</executable>
         <run_address>0x2000eb08</run_address>
         <size>0xe8</size>
         <alignment>0x4</alignment>
         <input_file_ref idref="fl-40"/>
      </object_component>
      <object_component id="oc-23d">
         <name>.text.PWMTimerCC32XX_open</name>
         <load_address>0x2000ebf0</load_address>
         <readonly>true</readonly>
         <executable>true</executable>
         <run_address>0x2000ebf0</run_address>
         <size>0xe4</size>
         <alignment>0x4</alignment>
         <input_file_ref idref="fl-3b"/>
      </object_component>
      <object_component id="oc-54d">
         <name>.text.sl_WlanGet</name>
         <load_address>0x2000ecd4</load_address>
         <readonly>true</readonly>
         <executable>true</executable>
         <run_address>0x2000ecd4</run_address>
         <size>0xe2</size>
         <alignment>0x2</alignment>
         <input_file_ref idref="fl-32"/>
      </object_component>
      <object_component id="oc-1ac">
         <name>.text.NwpPowerOff</name>
         <load_address>0x2000edb6</load_address>
         <readonly>true</readonly>
         <executable>true</executable>
         <run_address>0x2000edb6</run_address>
         <size>0xe0</size>
         <alignment>0x2</alignment>
         <input_file_ref idref="fl-33"/>
      </object_component>
      <object_component id="oc-3e6">
         <name>.text.__aeabi_ldiv0</name>
         <load_address>0x2000ee96</load_address>
         <readonly>true</readonly>
         <executable>true</executable>
         <run_address>0x2000ee96</run_address>
         <size>0x2</size>
         <alignment>0x2</alignment>
         <input_file_ref idref="fl-113"/>
      </object_component>
      <object_component id="oc-240">
         <name>.text.PWMTimerCC32XX_setDutyAndPeriod</name>
         <load_address>0x2000ee98</load_address>
         <readonly>true</readonly>
         <executable>true</executable>
         <run_address>0x2000ee98</run_address>
         <size>0xdc</size>
         <alignment>0x4</alignment>
         <input_file_ref idref="fl-3b"/>
      </object_component>
      <object_component id="oc-457">
         <name>.text._SlNetAppHandleAsync_NetAppReceive</name>
         <load_address>0x2000ef74</load_address>
         <readonly>true</readonly>
         <executable>true</executable>
         <run_address>0x2000ef74</run_address>
         <size>0xdc</size>
         <alignment>0x2</alignment>
         <input_file_ref idref="fl-2d"/>
      </object_component>
      <object_component id="oc-541">
         <name>.text.sl_GetSockOpt</name>
         <load_address>0x2000f050</load_address>
         <readonly>true</readonly>
         <executable>true</executable>
         <run_address>0x2000f050</run_address>
         <size>0xdc</size>
         <alignment>0x2</alignment>
         <input_file_ref idref="fl-30"/>
      </object_component>
      <object_component id="oc-544">
         <name>.text.sl_Send</name>
         <load_address>0x2000f12c</load_address>
         <readonly>true</readonly>
         <executable>true</executable>
         <run_address>0x2000f12c</run_address>
         <size>0xda</size>
         <alignment>0x2</alignment>
         <input_file_ref idref="fl-30"/>
      </object_component>
      <object_component id="oc-1d2">
         <name>.text._nop</name>
         <load_address>0x2000f206</load_address>
         <readonly>true</readonly>
         <executable>true</executable>
         <run_address>0x2000f206</run_address>
         <size>0x2</size>
         <alignment>0x2</alignment>
         <input_file_ref idref="fl-77"/>
      </object_component>
      <object_component id="oc-b7">
         <name>.text.pthread_create</name>
         <load_address>0x2000f208</load_address>
         <readonly>true</readonly>
         <executable>true</executable>
         <run_address>0x2000f208</run_address>
         <size>0xd8</size>
         <alignment>0x4</alignment>
         <input_file_ref idref="fl-4"/>
      </object_component>
      <object_component id="oc-51a">
         <name>.text.sprsend</name>
         <load_address>0x2000f2e0</load_address>
         <readonly>true</readonly>
         <executable>true</executable>
         <run_address>0x2000f2e0</run_address>
         <size>0xd8</size>
         <alignment>0x4</alignment>
         <input_file_ref idref="fl-46"/>
      </object_component>
      <object_component id="oc-d1">
         <name>.text.ti_sysbios_family_arm_m3_Hwi_excFillContext</name>
[...]
      </symbol>
      <symbol id="sm-ca2">
         <name>SPIIntEnable</name>
         <value>0x20013365</value>
         <object_component_ref idref="oc-3b0"/>
      </symbol>
      <symbol id="sm-ca3">
         <name>SPIIntStatus</name>
         <value>0x2001192f</value>
         <object_component_ref idref="oc-3a9"/>
      </symbol>
      <symbol id="sm-ca4">
         <name>SPIReset</name>
         <value>0x20017385</value>
         <object_component_ref idref="oc-3a3"/>
      </symbol>
      <symbol id="sm-ca5">
         <name>SPIWordCountSet</name>
         <value>0x2001791b</value>
         <object_component_ref idref="oc-2de"/>
      </symbol>
      <symbol id="sm-ce2">
         <name>TimerControlLevel</name>
         <value>0x20015ca7</value>
         <object_component_ref idref="oc-3c3"/>
      </symbol>
      <symbol id="sm-ce3">
         <name>TimerDisable</name>
         <value>0x20017a21</value>
         <object_component_ref idref="oc-31f"/>
      </symbol>
      <symbol id="sm-ce4">
         <name>TimerEnable</name>
         <value>0x20017f0d</value>
         <object_component_ref idref="oc-324"/>
      </symbol>
      <symbol id="sm-ce5">
         <name>TimerLoadSet</name>
         <value>0x20016ccb</value>
         <object_component_ref idref="oc-31e"/>
      </symbol>
      <symbol id="sm-ce6">
         <name>TimerMatchSet</name>
         <value>0x20016cfb</value>
         <object_component_ref idref="oc-31a"/>
      </symbol>
      <symbol id="sm-ce7">
         <name>TimerPrescaleMatchSet</name>
         <value>0x20016d2b</value>
         <object_component_ref idref="oc-315"/>
      </symbol>
      <symbol id="sm-ce8">
         <name>TimerPrescaleSet</name>
         <value>0x20016d5b</value>
         <object_component_ref idref="oc-31d"/>
      </symbol>
      <symbol id="sm-d52">
         <name>UARTBusy</name>
         <value>0x200184e9</value>
         <object_component_ref idref="oc-472"/>
      </symbol>
      <symbol id="sm-d53">
         <name>UARTCharPutNonBlocking</name>
         <value>0x2001672f</value>
         <object_component_ref idref="oc-471"/>
      </symbol>
      <symbol id="sm-d54">
         <name>UARTCharsAvail</name>
         <value>0x2001818b</value>
         <object_component_ref idref="oc-40c"/>
      </symbol>
      <symbol id="sm-d55">
         <name>UARTConfigSetExpClk</name>
         <value>0x20012667</value>
         <object_component_ref idref="oc-3fc"/>
      </symbol>
      <symbol id="sm-d56">
         <name>UARTDMADisable</name>
         <value>0x200181a1</value>
         <object_component_ref idref="oc-391"/>
      </symbol>
      <symbol id="sm-d57">
         <name>UARTDMAEnable</name>
         <value>0x20018249</value>
         <object_component_ref idref="oc-436"/>
      </symbol>
      <symbol id="sm-d58">
         <name>UARTDisable</name>
         <value>0x20017055</value>
         <object_component_ref idref="oc-393"/>
      </symbol>
      <symbol id="sm-d59">
         <name>UARTEnable</name>
         <value>0x20017c37</value>
         <object_component_ref idref="oc-3fe"/>
      </symbol>
      <symbol id="sm-d5a">
         <name>UARTFIFOLevelSet</name>
         <value>0x200181b7</value>
         <object_component_ref idref="oc-400"/>
      </symbol>
      <symbol id="sm-d5b">
         <name>UARTFlowControlSet</name>
         <value>0x20017f27</value>
         <object_component_ref idref="oc-401"/>
      </symbol>
      <symbol id="sm-d5c">
         <name>UARTIntClear</name>
         <value>0x200184f9</value>
         <object_component_ref idref="oc-3fd"/>
      </symbol>
      <symbol id="sm-d5d">
         <name>UARTIntDisable</name>
         <value>0x200181cd</value>
         <object_component_ref idref="oc-38c"/>
      </symbol>
      <symbol id="sm-d5e">
         <name>UARTIntEnable</name>
         <value>0x2001825d</value>
         <object_component_ref idref="oc-3ff"/>
      </symbol>
      <symbol id="sm-d5f">
         <name>UARTIntStatus</name>
         <value>0x20017267</value>
         <object_component_ref idref="oc-408"/>
      </symbol>
      <symbol id="sm-d60">
         <name>UARTRxErrorGet</name>
         <value>0x20018509</value>
         <object_component_ref idref="oc-40a"/>
      </symbol>
      <symbol id="sm-dbb">
         <name>uDMAChannelAssign</name>
         <value>0x20014cd9</value>
         <object_component_ref idref="oc-3ae"/>
      </symbol>
      <symbol id="sm-dbc">
         <name>uDMAChannelAttributeDisable</name>
         <value>0x200119c1</value>
         <object_component_ref idref="oc-3ac"/>
      </symbol>
      <symbol id="sm-dbd">
         <name>uDMAChannelControlSet</name>
         <value>0x20015fb1</value>
         <object_component_ref idref="oc-3ab"/>
      </symbol>
      <symbol id="sm-dbe">
         <name>uDMAChannelDisable</name>
         <value>0x20017caf</value>
         <object_component_ref idref="oc-2e6"/>
      </symbol>
      <symbol id="sm-dbf">
         <name>uDMAChannelEnable</name>
         <value>0x20017ccd</value>
         <object_component_ref idref="oc-3b1"/>
      </symbol>
      <symbol id="sm-dc0">
         <name>uDMAChannelIsEnabled</name>
         <value>0x20017ceb</value>
         <object_component_ref idref="oc-3aa"/>
      </symbol>
      <symbol id="sm-dc1">
         <name>uDMAChannelSizeGet</name>
         <value>0x20015067</value>
         <object_component_ref idref="oc-431"/>
      </symbol>
      <symbol id="sm-dc2">
         <name>uDMAChannelTransferSet</name>
         <value>0x2000e047</value>
         <object_component_ref idref="oc-3ad"/>
      </symbol>
      <symbol id="sm-dc3">
         <name>uDMAControlBaseGet</name>
         <value>0x200187d1</value>
         <object_component_ref idref="oc-2ef"/>
      </symbol>
      <symbol id="sm-dc4">
         <name>uDMAControlBaseSet</name>
         <value>0x20018375</value>
         <object_component_ref idref="oc-3a1"/>
      </symbol>
      <symbol id="sm-dc5">
         <name>uDMAEnable</name>
         <value>0x20018655</value>
         <object_component_ref idref="oc-3a0"/>
      </symbol>
      <symbol id="sm-dc6">
         <name>uDMAErrorStatusClear</name>
         <value>0x20018663</value>
         <object_component_ref idref="oc-474"/>
      </symbol>
      <symbol id="sm-dc7">
         <name>uDMAErrorStatusGet</name>
         <value>0x200187dd</value>
         <object_component_ref idref="oc-473"/>
      </symbol>
      <symbol id="sm-dc8">
         <name>uDMAIntClear</name>
         <value>0x20018389</value>
         <object_component_ref idref="oc-432"/>
      </symbol>
      <symbol id="sm-dd3">
         <name>UtilsDelay</name>
         <value>0x200188f7</value>
         <object_component_ref idref="oc-15f"/>
      </symbol>
      <symbol id="sm-e01">
         <name>FlashDisable</name>
         <value>0x20013d7d</value>
         <object_component_ref idref="oc-3f2"/>
      </symbol>
      <symbol id="sm-e13">
         <name>sprintf</name>
         <value>0x20016575</value>
         <object_component_ref idref="oc-55b"/>
      </symbol>
      <symbol id="sm-e24">
         <name>vsnprintf</name>
         <value>0x2001633d</value>
         <object_component_ref idref="oc-566"/>
      </symbol>
      <symbol id="sm-e32">
         <name>__aeabi_errno_addr</name>
         <value>0x20018901</value>
         <object_component_ref idref="oc-102"/>
      </symbol>
      <symbol id="sm-e33">
         <name>__aeabi_errno</name>
         <value>0x200244d4</value>
         <object_component_ref idref="oc-18f"/>
      </symbol>
      <symbol id="sm-e43">
         <name>_nop</name>
         <value>0x2000f207</value>
         <object_component_ref idref="oc-1d2"/>
      </symbol>
      <symbol id="sm-e44">
         <name>_register_lock</name>
         <value>0x20018771</value>
         <object_component_ref idref="oc-1c8"/>
      </symbol>
      <symbol id="sm-e45">
         <name>_lock</name>
         <value>0x200244d8</value>
         <object_component_ref idref="oc-27c"/>
      </symbol>
      <symbol id="sm-e46">
         <name>_register_unlock</name>
         <value>0x2001877d</value>
         <object_component_ref idref="oc-1cd"/>
      </symbol>
      <symbol id="sm-e47">
         <name>_unlock</name>
         <value>0x200244dc</value>
         <object_component_ref idref="oc-27f"/>
      </symbol>
      <symbol id="sm-e51">
         <name>_args_main</name>
         <value>0x200182c1</value>
         <object_component_ref idref="oc-47"/>
      </symbol>
      <symbol id="sm-e5c">
         <name>atoi</name>
         <value>0x20015eb1</value>
         <object_component_ref idref="oc-5cd"/>
      </symbol>
      <symbol id="sm-e66">
         <name>strlen</name>
         <value>0x2001860f</value>
         <object_component_ref idref="oc-54e"/>
      </symbol>
      <symbol id="sm-e70">
         <name>strstr</name>
         <value>0x20017139</value>
         <object_component_ref idref="oc-526"/>
      </symbol>
      <symbol id="sm-e7b">
         <name>strtoul</name>
         <value>0x2000dbe1</value>
         <object_component_ref idref="oc-531"/>
      </symbol>
      <symbol id="sm-e86">
         <name>__TI_auto_init_nobinit_nopinit</name>
         <value>0x20016655</value>
         <object_component_ref idref="oc-66"/>
      </symbol>
      <symbol id="sm-e91">
         <name>__TI_zero_init</name>
         <value>0x20018549</value>
         <object_component_ref idref="oc-5f"/>
      </symbol>
      <symbol id="sm-e9a">
         <name>__TI_decompress_none</name>
         <value>0x2001867f</value>
         <object_component_ref idref="oc-27"/>
      </symbol>
      <symbol id="sm-ea4">
         <name>__TI_decompress_lzss</name>
         <value>0x20012c35</value>
         <object_component_ref idref="oc-23"/>
      </symbol>
      <symbol id="sm-eeb">
         <name>__TI_printfi</name>
         <value>0x20004a79</value>
         <object_component_ref idref="oc-5bf"/>
      </symbol>
      <symbol id="sm-ef8">
         <name>frexp</name>
         <value>0x20014781</value>
         <object_component_ref idref="oc-5e4"/>
      </symbol>
      <symbol id="sm-ef9">
         <name>frexpl</name>
         <value>0x20014781</value>
         <object_component_ref idref="oc-5e4"/>
      </symbol>
      <symbol id="sm-f03">
         <name>scalbn</name>
         <value>0x2000ffd5</value>
         <object_component_ref idref="oc-5e8"/>
      </symbol>
      <symbol id="sm-f04">
         <name>ldexp</name>
         <value>0x2000ffd5</value>
         <object_component_ref idref="oc-5e8"/>
      </symbol>
      <symbol id="sm-f05">
         <name>scalbnl</name>
         <value>0x2000ffd5</value>
         <object_component_ref idref="oc-5e8"/>
      </symbol>
      <symbol id="sm-f06">
         <name>ldexpl</name>
         <value>0x2000ffd5</value>
         <object_component_ref idref="oc-5e8"/>
      </symbol>
      <symbol id="sm-f07">
         <name>__aeabi_ctype_table_</name>
         <value>0x20022c80</value>
         <object_component_ref idref="oc-57a"/>
      </symbol>
      <symbol id="sm-f08">
         <name>__aeabi_ctype_table_C</name>
         <value>0x20022c80</value>
         <object_component_ref idref="oc-57a"/>
      </symbol>
      <symbol id="sm-f11">
         <name>__TI_ltoa</name>
         <value>0x200144dd</value>
         <object_component_ref idref="oc-5ec"/>
      </symbol>
      <symbol id="sm-f1a">
         <name>memccpy</name>
         <value>0x20017c55</value>
         <object_component_ref idref="oc-5c6"/>
      </symbol>
      <symbol id="sm-f23">
         <name>wcslen</name>
         <value>0x20018539</value>
         <object_component_ref idref="oc-5d1"/>
      </symbol>
      <symbol id="sm-f39">
         <name>__aeabi_dadd</name>
         <value>0x2000ac27</value>
         <object_component_ref idref="oc-46c"/>
      </symbol>
      <symbol id="sm-f3a">
         <name>__adddf3</name>
         <value>0x2000ac27</value>
         <object_component_ref idref="oc-46c"/>
      </symbol>
      <symbol id="sm-f3b">
         <name>__aeabi_dsub</name>
         <value>0x2000ac1d</value>
         <object_component_ref idref="oc-46c"/>
      </symbol>
      <symbol id="sm-f3c">
         <name>__subdf3</name>
         <value>0x2000ac1d</value>
         <object_component_ref idref="oc-46c"/>
      </symbol>
      <symbol id="sm-f42">
         <name>__aeabi_dmul</name>
         <value>0x2000e46d</value>
         <object_component_ref idref="oc-2fe"/>
      </symbol>
      <symbol id="sm-f43">
         <name>__muldf3</name>
         <value>0x2000e46d</value>
         <object_component_ref idref="oc-2fe"/>
      </symbol>
      <symbol id="sm-f49">
         <name>__aeabi_ddiv</name>
         <value>0x2000d159</value>
         <object_component_ref idref="oc-5f6"/>
      </symbol>
      <symbol id="sm-f4a">
         <name>__divdf3</name>
         <value>0x2000d159</value>
         <object_component_ref idref="oc-5f6"/>
      </symbol>
      <symbol id="sm-f50">
         <name>__aeabi_f2d</name>
         <value>0x200164cd</value>
         <object_component_ref idref="oc-45c"/>
      </symbol>
      <symbol id="sm-f51">
         <name>__extendsfdf2</name>
         <value>0x200164cd</value>
         <object_component_ref idref="oc-45c"/>
      </symbol>
      <symbol id="sm-f57">
         <name>__aeabi_d2iz</name>
         <value>0x20015219</value>
         <object_component_ref idref="oc-464"/>
      </symbol>
      <symbol id="sm-f58">
         <name>__fixdfsi</name>
         <value>0x20015219</value>
         <object_component_ref idref="oc-464"/>
      </symbol>
      <symbol id="sm-f5e">
         <name>__aeabi_d2uiz</name>
         <value>0x20015939</value>
         <object_component_ref idref="oc-302"/>
      </symbol>
      <symbol id="sm-f5f">
         <name>__fixunsdfsi</name>
         <value>0x20015939</value>
         <object_component_ref idref="oc-302"/>
      </symbol>
      <symbol id="sm-f65">
         <name>__aeabi_i2d</name>
         <value>0x20017085</value>
         <object_component_ref idref="oc-468"/>
      </symbol>
      <symbol id="sm-f66">
         <name>__floatsidf</name>
         <value>0x20017085</value>
         <object_component_ref idref="oc-468"/>
      </symbol>
      <symbol id="sm-f6c">
         <name>__aeabi_ui2d</name>
         <value>0x20017a41</value>
         <object_component_ref idref="oc-2fa"/>
      </symbol>
      <symbol id="sm-f6d">
         <name>__floatunsidf</name>
         <value>0x20017a41</value>
         <object_component_ref idref="oc-2fa"/>
      </symbol>
      <symbol id="sm-f73">
         <name>__aeabi_dcmpeq</name>
         <value>0x200139b9</value>
         <object_component_ref idref="oc-460"/>
      </symbol>
      <symbol id="sm-f74">
         <name>__aeabi_dcmplt</name>
         <value>0x200139cd</value>
         <object_component_ref idref="oc-460"/>
      </symbol>
      <symbol id="sm-f75">
         <name>__aeabi_dcmple</name>
         <value>0x200139e1</value>
         <object_component_ref idref="oc-460"/>
      </symbol>
      <symbol id="sm-f76">
         <name>__aeabi_dcmpge</name>
         <value>0x200139f5</value>
         <object_component_ref idref="oc-460"/>
      </symbol>
      <symbol id="sm-f77">
         <name>__aeabi_dcmpgt</name>
         <value>0x20013a09</value>
         <object_component_ref idref="oc-460"/>
      </symbol>
      <symbol id="sm-f7d">
         <name>__aeabi_memcpy</name>
         <value>0x200189c9</value>
         <object_component_ref idref="oc-52"/>
      </symbol>
      <symbol id="sm-f7e">
         <name>__aeabi_memcpy4</name>
         <value>0x200189c9</value>
         <object_component_ref idref="oc-52"/>
      </symbol>
      <symbol id="sm-f7f">
         <name>__aeabi_memcpy8</name>
         <value>0x200189c9</value>
         <object_component_ref idref="oc-52"/>
      </symbol>
      <symbol id="sm-f88">
         <name>__aeabi_memset</name>
         <value>0x2001886d</value>
         <object_component_ref idref="oc-5c5"/>
      </symbol>
      <symbol id="sm-f89">
         <name>__aeabi_memset4</name>
         <value>0x2001886d</value>
         <object_component_ref idref="oc-5c5"/>
      </symbol>
      <symbol id="sm-f8a">
         <name>__aeabi_memset8</name>
         <value>0x2001886d</value>
         <object_component_ref idref="oc-5c5"/>
      </symbol>
      <symbol id="sm-f8b">
         <name>__aeabi_memclr</name>
         <value>0x20018909</value>
         <object_component_ref idref="oc-82"/>
      </symbol>
      <symbol id="sm-f8c">
         <name>__aeabi_memclr4</name>
         <value>0x20018909</value>
         <object_component_ref idref="oc-82"/>
      </symbol>
      <symbol id="sm-f8d">
         <name>__aeabi_memclr8</name>
         <value>0x20018909</value>
         <object_component_ref idref="oc-82"/>
      </symbol>
      <symbol id="sm-f93">
         <name>__aeabi_uldivmod</name>
         <value>0x200182ad</value>
         <object_component_ref idref="oc-29c"/>
      </symbol>
      <symbol id="sm-f99">
         <name>__udivmoddi4</name>
         <value>0x200109f9</value>
         <object_component_ref idref="oc-358"/>
      </symbol>
      <symbol id="sm-fa5">
         <name>__ledf2</name>
         <value>0x20012d15</value>
         <object_component_ref idref="oc-48a"/>
      </symbol>
      <symbol id="sm-fa6">
         <name>__gedf2</name>
         <value>0x20012ca5</value>
         <object_component_ref idref="oc-490"/>
      </symbol>
      <symbol id="sm-fa7">
         <name>__cmpdf2</name>
         <value>0x20012d15</value>
         <object_component_ref idref="oc-48a"/>
      </symbol>
      <symbol id="sm-fa8">
         <name>__eqdf2</name>
         <value>0x20012d15</value>
         <object_component_ref idref="oc-48a"/>
      </symbol>
      <symbol id="sm-fa9">
         <name>__ltdf2</name>
         <value>0x20012d15</value>
         <object_component_ref idref="oc-48a"/>
      </symbol>
      <symbol id="sm-faa">
         <name>__nedf2</name>
         <value>0x20012d15</value>
         <object_component_ref idref="oc-48a"/>
      </symbol>
      <symbol id="sm-fab">
         <name>__gtdf2</name>
         <value>0x20012ca5</value>
         <object_component_ref idref="oc-490"/>
      </symbol>
      <symbol id="sm-fb5">
         <name>__aeabi_ldiv0</name>
         <value>0x2000ee97</value>
         <object_component_ref idref="oc-3e6"/>
      </symbol>
      <symbol id="sm-fbe">
         <name>TI_memcpy_small</name>
         <value>0x20018487</value>
         <object_component_ref idref="oc-c9"/>
      </symbol>
      <symbol id="sm-fc6">
         <name>TI_memset_small</name>
         <value>0x20018671</value>
         <object_component_ref idref="oc-13f"/>
      </symbol>
      <symbol id="sm-fc8">
         <name>__TI_static_base__</name>
         <value>0x200209d8</value>
      </symbol>
      <symbol id="sm-fcb">
         <name>ITM_flush</name>
         <value>0x0</value>
      </symbol>
      <symbol id="sm-fcc">
         <name>ITM_restore</name>
         <value>0x0</value>
      </symbol>
      <symbol id="sm-fcd">
         <name>__mpu_init</name>
         <value>0x0</value>
      </symbol>
      <symbol id="sm-fce">
         <name>__c_args__</name>
         <value>0x0</value>
      </symbol>
   </symbol_table>
   <title>Link successful</title>
</link_info>
